66.249.65.118 - - [29/Jan/2021:00:38:31 +0000] "GET /Protecci%C3%B3n-radiadores/BMW-S1000rr-2019-2020-Protector-De-Radiador-De-Carreras/664291/ HTTP/1.1" 200 21840 "-" "Mozilla/5.0 (Linux; Android 6.0.1; Nexus 5X Build/MMB29P) AppleWebKit/537.36 (KHTML, like Gecko) Chrome/88.0.4324.113 Mobile Safari/537.36 (compatible; Googlebot/2.1; +http://www.google.com/bot.html)"
66.249.65.100 - - [29/Jan/2021:00:38:33 +0000] "GET /6/5_88521.jsp HTTP/1.1" 200 19540 "-" "Mozilla/5.0 (Linux; Android 6.0.1; Nexus 5X Build/MMB29P) AppleWebKit/537.36 (KHTML, like Gecko) Chrome/88.0.4324.118 Mobile Safari/537.36 (compatible; Googlebot/2.1; +http://www.google.com/bot.html)"
66.249.65.118 - - [29/Jan/2021:00:38:34 +0000] "GET /Discos-de-freno/Freno-Trasero-Para-Hyundai-Terracan-25-CRDi-4WD/266868//css/Ym9vdHN0cmFwLm1pbi5jc3M6dGhlbWUuY3NzOmZvbnQtYXdlc29tZS5taW4uY3NzOmJvb3RzdHJhcC10b2dnbGUubWluLmNzczpwYWdlL2ZyZWUvZmFxLmNzcw==?v=fc92170e435349094fb71b88ed9d14fa HTTP/1.1" 200 17485 "http://www.caritas.org.mx/Discos-de-freno/Freno-Trasero-Para-Hyundai-Terracan-25-CRDi-4WD/266868/" "Mozilla/5.0 (Linux; Android 6.0.1; Nexus 5X Build/MMB29P) AppleWebKit/537.36 (KHTML, like Gecko) Chrome/88.0.4324.114 Mobile Safari/537.36 (compatible; Googlebot/2.1; +http://www.google.com/bot.html)"
66.249.65.118 - - [29/Jan/2021:00:38:35 +0000] "GET /Coches:-recambios-104666/ HTTP/1.1" 200 11326 "-" "Mozilla/5.0 (Linux; Android 6.0.1; Nexus 5X Build/MMB29P) AppleWebKit/537.36 (KHTML, like Gecko) Chrome/88.0.4324.113 Mobile Safari/537.36 (compatible; Googlebot/2.1; +http://www.google.com/bot.html)"
66.249.65.118 - - [29/Jan/2021:00:38:36 +0000] "GET /Motor:-piezas-y-accesorios-643511//css/Ym9vdHN0cmFwLm1pbi5jc3M6dGhlbWUuY3NzOmZvbnQtYXdlc29tZS5taW4uY3NzOmJvb3RzdHJhcC10b2dnbGUubWluLmNzczpwYWdlL2ZyZWUvZmFxLmNzcw==?v=fc92170e435349094fb71b88ed9d14fa HTTP/1.1" 200 23622 "http://www.caritas.org.mx/Motor:-piezas-y-accesorios-643511/" "Mozilla/5.0 (Linux; Android 6.0.1; Nexus 5X Build/MMB29P) AppleWebKit/537.36 (KHTML, like Gecko) Chrome/88.0.4324.114 Mobile Safari/537.36 (compatible; Googlebot/2.1; +http://www.google.com/bot.html)"
66.249.65.118 - - [29/Jan/2021:00:38:37 +0000] "GET /Inyectores-piezas/vac%C3%ADo-de-combustible-bomba-bomba-t%C3%A1ndem-boquilla/91850//ns.html?id=GTM-T9CDS8/css/Ym9vdHN0cmFwLm1pbi5jc3M6dGhlbWUuY3NzOmZvbnQtYXdlc29tZS5taW4uY3NzOmJvb3RzdHJhcC10b2dnbGUubWluLmNzczpwYWdlL2ZyZWUvZmFxLmNzcw==?v=fc92170e435349094fb71b88ed9d14fa HTTP/1.1" 200 22563 "http://www.caritas.org.mx/Inyectores-piezas/vac%C3%ADo-de-combustible-bomba-bomba-t%C3%A1ndem-boquilla/91850//ns.html?id=GTM-T9CDS8" "Mozilla/5.0 (Linux; Android 6.0.1; Nexus 5X Build/MMB29P) AppleWebKit/537.36 (KHTML, like Gecko) Chrome/88.0.4324.114 Mobile Safari/537.36 (compatible; Googlebot/2.1; +http://www.google.com/bot.html)"
66.249.65.118 - - [29/Jan/2021:00:38:40 +0000] "GET /Admisi%C3%B3n-de-aire-y-gasolina-85892//2015/15/30232/outsider-club-logo-100x100.png HTTP/1.1" 200 15580 "-" "Googlebot-Image/1.0"
66.249.65.118 - - [29/Jan/2021:00:38:40 +0000] "GET /Cascos/RM-125-250-20012002-UFO-Motocross/763257/ HTTP/1.1" 200 9636 "-" "Mozilla/5.0 (Linux; Android 6.0.1; Nexus 5X Build/MMB29P) AppleWebKit/537.36 (KHTML, like Gecko) Chrome/88.0.4324.113 Mobile Safari/537.36 (compatible; Googlebot/2.1; +http://www.google.com/bot.html)"
66.249.65.118 - - [29/Jan/2021:00:38:44 +0000] "GET /Motor:-piezas-y-accesorios-190923/ HTTP/1.1" 200 6705 "-" "Mozilla/5.0 (Linux; Android 6.0.1; Nexus 5X Build/MMB29P) AppleWebKit/537.36 (KHTML, like Gecko) Chrome/88.0.4324.113 Mobile Safari/537.36 (compatible; Googlebot/2.1; +http://www.google.com/bot.html)"
66.249.65.118 - - [29/Jan/2021:00:38:44 +0000] "GET /Vinilos-y-pegatinas/moto-sticker-decal-vynil-vinile-fish-swordfish/501296//css/Ym9vdHN0cmFwLm1pbi5jc3M6dGhlbWUuY3NzOmZvbnQtYXdlc29tZS5taW4uY3NzOmJvb3RzdHJhcC10b2dnbGUubWluLmNzczpwYWdlL2ZyZWUvZmFxLmNzcw==?v=fc92170e435349094fb71b88ed9d14fa HTTP/1.1" 200 18758 "http://www.caritas.org.mx/Vinilos-y-pegatinas/moto-sticker-decal-vynil-vinile-fish-swordfish/501296/" "Mozilla/5.0 (Linux; Android 6.0.1; Nexus 5X Build/MMB29P) AppleWebKit/537.36 (KHTML, like Gecko) Chrome/88.0.4324.114 Mobile Safari/537.36 (compatible; Googlebot/2.1; +http://www.google.com/bot.html)"
66.249.65.118 - - [29/Jan/2021:00:38:45 +0000] "GET /Pastillas-de-freno-para-motos-847852//css/Ym9vdHN0cmFwLm1pbi5jc3M6dGhlbWUuY3NzOmZvbnQtYXdlc29tZS5taW4uY3NzOmJvb3RzdHJhcC10b2dnbGUubWluLmNzczpwYWdlL2ZyZWUvZmFxLmNzcw==?v=fc92170e435349094fb71b88ed9d14fa HTTP/1.1" 200 10280 "http://www.caritas.org.mx/Pastillas-de-freno-para-motos-847852/" "Mozilla/5.0 (Linux; Android 6.0.1; Nexus 5X Build/MMB29P) AppleWebKit/537.36 (KHTML, like Gecko) Chrome/88.0.4324.114 Mobile Safari/537.36 (compatible; Googlebot/2.1; +http://www.google.com/bot.html)"
66.249.65.118 - - [29/Jan/2021:00:38:48 +0000] "GET /Bombas-de-combustible/cartilla-para-Mitsubishi-Pajero-Shogun-25-28/86759//css/Ym9vdHN0cmFwLm1pbi5jc3M6dGhlbWUuY3NzOmZvbnQtYXdlc29tZS5taW4uY3NzOmJvb3RzdHJhcC10b2dnbGUubWluLmNzczpwYWdlL2ZyZWUvZmFxLmNzcw==?v=fc92170e435349094fb71b88ed9d14fa HTTP/1.0" 200 29601 "http://www.caritas.org.mx/Bombas-de-combustible/cartilla-para-Mitsubishi-Pajero-Shogun-25-28/86759/" "Mozilla/5.0 (Linux; Android 6.0.1; Nexus 5X Build/MMB29P) AppleWebKit/537.36 (KHTML, like Gecko) Chrome/88.0.4324.114 Mobile Safari/537.36 (compatible; Googlebot/2.1; +http://www.google.com/bot.html)"
66.249.65.118 - - [29/Jan/2021:00:38:48 +0000] "GET /Aircraft-Parts/comercial-Azul-Marino-grande-CAA-titular/894009/ HTTP/1.1" 200 13193 "-" "Mozilla/5.0 (Linux; Android 6.0.1; Nexus 5X Build/MMB29P) AppleWebKit/537.36 (KHTML, like Gecko) Chrome/88.0.4324.113 Mobile Safari/537.36 (compatible; Googlebot/2.1; +http://www.google.com/bot.html)"
66.249.65.118 - - [29/Jan/2021:00:38:51 +0000] "GET /Aircraft-Parts/comercial-Azul-Marino-grande-CAA-titular/894009//css/Ym9vdHN0cmFwLm1pbi5jc3M6dGhlbWUuY3NzOmZvbnQtYXdlc29tZS5taW4uY3NzOmJvb3RzdHJhcC10b2dnbGUubWluLmNzczpwYWdlL2ZyZWUvZmFxLmNzcw==?v=fc92170e435349094fb71b88ed9d14fa HTTP/1.1" 200 12933 "http://www.caritas.org.mx/Aircraft-Parts/comercial-Azul-Marino-grande-CAA-titular/894009/" "Mozilla/5.0 (Linux; Android 6.0.1; Nexus 5X Build/MMB29P) AppleWebKit/537.36 (KHTML, like Gecko) Chrome/88.0.4324.114 Mobile Safari/537.36 (compatible; Googlebot/2.1; +http://www.google.com/bot.html)"
66.249.65.118 - - [29/Jan/2021:00:38:52 +0000] "GET /Marcos-de-montaje-12800/ HTTP/1.1" 200 12483 "-" "Mozilla/5.0 (compatible; Googlebot/2.1; +http://www.google.com/bot.html)"
66.249.65.118 - - [29/Jan/2021:00:38:53 +0000] "GET /Otros/Inoxidable-Pulido-golpe-abajo-coche-de-Escape-Tubo-De/530615/ HTTP/1.1" 200 11341 "-" "Mozilla/5.0 (Linux; Android 6.0.1; Nexus 5X Build/MMB29P) AppleWebKit/537.36 (KHTML, like Gecko) Chrome/88.0.4324.113 Mobile Safari/537.36 (compatible; Googlebot/2.1; +http://www.google.com/bot.html)"
66.249.65.120 - - [29/Jan/2021:00:38:58 +0000] "GET /Alfombrillas-y-cubre-maleteros/tapiz-de-maletero-Audi-a3-s3-8p-2puertas-coche/44927/ HTTP/1.1" 200 6728 "-" "Mozilla/5.0 (Linux; Android 6.0.1; Nexus 5X Build/MMB29P) AppleWebKit/537.36 (KHTML, like Gecko) Chrome/88.0.4324.113 Mobile Safari/537.36 (compatible; Googlebot/2.1; +http://www.google.com/bot.html)"
66.249.65.118 - - [29/Jan/2021:00:39:02 +0000] "GET /tem/Paget/010011434bd=defeddf&pd=icr30o.ruhmkorff/css/Ym9vdHN0cmFwLm1pbi5jc3M6dGhlbWUuY3NzOmZvbnQtYXdlc29tZS5taW4uY3NzOmJvb3RzdHJhcC10b2dnbGUubWluLmNzczpwYWdlL2ZyZWUvZmFxLmNzcw==?v=fc92170e435349094fb71b88ed9d14fa HTTP/1.1" 200 10022 "http://www.caritas.org.mx/tem/Paget/010011434bd=defeddf&pd=icr30o.ruhmkorff" "Mozilla/5.0 AppleWebKit/537.36 (KHTML, like Gecko; compatible; Googlebot/2.1; +http://www.google.com/bot.html) Chrome/88.0.4324.114 Safari/537.36"
66.249.65.118 - - [29/Jan/2021:00:39:03 +0000] "GET /Bombillas-y-leds-para-coches/la-placa-matr%C3%ADcula-LED-adapta-Nissan-Navara-D40/806771/ HTTP/1.1" 200 14302 "-" "Mozilla/5.0 (Linux; Android 6.0.1; Nexus 5X Build/MMB29P) AppleWebKit/537.36 (KHTML, like Gecko) Chrome/88.0.4324.113 Mobile Safari/537.36 (compatible; Googlebot/2.1; +http://www.google.com/bot.html)"
189.152.25.59 - - [29/Jan/2021:00:38:58 +0000] "GET /propositos-de-ano-nuevo/?fbclid=IwAR2MgSnZjTbidGOm8_9PZAPjdPtkmxT_2VE0wDQHbj1phx_glAAlS_L0VQE HTTP/1.0" 200 22858 "http://m.facebook.com/" "Mozilla/5.0 (Linux; Android 9; SM-J610G Build/PPR1.180610.011; wv) AppleWebKit/537.36 (KHTML, like Gecko) Version/4.0 Chrome/88.0.4324.93 Mobile Safari/537.36 [FB_IAB/FB4A;FBAV/303.0.0.30.122;]"
66.249.65.118 - - [29/Jan/2021:00:39:06 +0000] "GET /Otros/soporte-amortiguadores-en-el-marco-8795/424183//2015/15/30232/outsider-club-logo-100x100.png HTTP/1.1" 200 12383 "-" "Googlebot-Image/1.0"
66.249.65.118 - - [29/Jan/2021:00:39:06 +0000] "GET /Llaves-hexagonales/E20-E22-E24-Hembra-14-piezas-Star-e-Socket-Set-E4-E5/7785/ HTTP/1.1" 200 11482 "-" "Mozilla/5.0 (Linux; Android 6.0.1; Nexus 5X Build/MMB29P) AppleWebKit/537.36 (KHTML, like Gecko) Chrome/88.0.4324.113 Mobile Safari/537.36 (compatible; Googlebot/2.1; +http://www.google.com/bot.html)"
189.152.25.59 - - [29/Jan/2021:00:39:07 +0000] "GET /wp-content/themes/caritasmty/vendors/fontawesome/fonts/fontawesome-webfont.woff2?v=4.6.3 HTTP/1.0" 200 72123 "https://www.caritas.org.mx/wp-content/cache/min/1/1d573e12d6abe0dd9af3a3f1856bbd18.css" "Mozilla/5.0 (Linux; Android 9; SM-J610G Build/PPR1.180610.011; wv) AppleWebKit/537.36 (KHTML, like Gecko) Version/4.0 Chrome/88.0.4324.93 Mobile Safari/537.36 [FB_IAB/FB4A;FBAV/303.0.0.30.122;]"
189.152.25.59 - - [29/Jan/2021:00:39:07 +0000] "GET /wp-content/plugins/easy-social-share-buttons3/assets/fonts/essb.woff HTTP/1.0" 200 15871 "https://www.caritas.org.mx/propositos-de-ano-nuevo/?fbclid=IwAR2MgSnZjTbidGOm8_9PZAPjdPtkmxT_2VE0wDQHbj1phx_glAAlS_L0VQE" "Mozilla/5.0 (Linux; Android 9; SM-J610G Build/PPR1.180610.011; wv) AppleWebKit/537.36 (KHTML, like Gecko) Version/4.0 Chrome/88.0.4324.93 Mobile Safari/537.36 [FB_IAB/FB4A;FBAV/303.0.0.30.122;]"
66.249.65.118 - - [29/Jan/2021:00:39:07 +0000] "GET /Coches:-recambios-338556//css/Ym9vdHN0cmFwLm1pbi5jc3M6dGhlbWUuY3NzOmZvbnQtYXdlc29tZS5taW4uY3NzOmJvb3RzdHJhcC10b2dnbGUubWluLmNzczpwYWdlL2ZyZWUvZmFxLmNzcw==?v=fc92170e435349094fb71b88ed9d14fa HTTP/1.1" 200 8816 "http://www.caritas.org.mx/Coches:-recambios-338556/" "Mozilla/5.0 (Linux; Android 6.0.1; Nexus 5X Build/MMB29P) AppleWebKit/537.36 (KHTML, like Gecko) Chrome/88.0.4324.114 Mobile Safari/537.36 (compatible; Googlebot/2.1; +http://www.google.com/bot.html)"
189.152.25.59 - - [29/Jan/2021:00:39:08 +0000] "GET /wp-content/plugins/easy-social-share-buttons3/lib/modules/social-followers-counter/assets/font/essb-socialfollowers.woff HTTP/1.0" 200 12627 "https://www.caritas.org.mx/wp-content/cache/min/1/1d573e12d6abe0dd9af3a3f1856bbd18.css" "Mozilla/5.0 (Linux; Android 9; SM-J610G Build/PPR1.180610.011; wv) AppleWebKit/537.36 (KHTML, like Gecko) Version/4.0 Chrome/88.0.4324.93 Mobile Safari/537.36 [FB_IAB/FB4A;FBAV/303.0.0.30.122;]"
66.249.65.118 - - [29/Jan/2021:00:39:08 +0000] "GET /Motor:-piezas-y-accesorios-190923//css/Ym9vdHN0cmFwLm1pbi5jc3M6dGhlbWUuY3NzOmZvbnQtYXdlc29tZS5taW4uY3NzOmJvb3RzdHJhcC10b2dnbGUubWluLmNzczpwYWdlL2ZyZWUvZmFxLmNzcw==?v=fc92170e435349094fb71b88ed9d14fa HTTP/1.1" 200 13186 "http://www.caritas.org.mx/Motor:-piezas-y-accesorios-190923/" "Mozilla/5.0 (Linux; Android 6.0.1; Nexus 5X Build/MMB29P) AppleWebKit/537.36 (KHTML, like Gecko) Chrome/88.0.4324.114 Mobile Safari/537.36 (compatible; Googlebot/2.1; +http://www.google.com/bot.html)"
66.249.65.118 - - [29/Jan/2021:00:39:09 +0000] "GET /tem/Paget/794235530bd=dbfcfeb&pd=izk0kojo.nurture/css/Ym9vdHN0cmFwLm1pbi5jc3M6dGhlbWUuY3NzOmZvbnQtYXdlc29tZS5taW4uY3NzOmJvb3RzdHJhcC10b2dnbGUubWluLmNzczpwYWdlL2ZyZWUvZmFxLmNzcw==?v=fc92170e435349094fb71b88ed9d14fa HTTP/1.1" 200 13321 "http://www.caritas.org.mx/tem/Paget/794235530bd=dbfcfeb&pd=izk0kojo.nurture" "Mozilla/5.0 AppleWebKit/537.36 (KHTML, like Gecko; compatible; Googlebot/2.1; +http://www.google.com/bot.html) Chrome/88.0.4324.114 Safari/537.36"
66.249.65.118 - - [29/Jan/2021:00:39:11 +0000] "GET /Motor:-piezas-y-accesorios-79676/ HTTP/1.1" 200 8290 "-" "Mozilla/5.0 (Linux; Android 6.0.1; Nexus 5X Build/MMB29P) AppleWebKit/537.36 (KHTML, like Gecko) Chrome/88.0.4324.113 Mobile Safari/537.36 (compatible; Googlebot/2.1; +http://www.google.com/bot.html)"
66.249.65.118 - - [29/Jan/2021:00:39:12 +0000] "GET /Discos-de-freno/BREMBO-YAMAHA-FZ-6-FAZER-20042008-600CC/600511//css/Ym9vdHN0cmFwLm1pbi5jc3M6dGhlbWUuY3NzOmZvbnQtYXdlc29tZS5taW4uY3NzOmJvb3RzdHJhcC10b2dnbGUubWluLmNzczpwYWdlL2ZyZWUvZmFxLmNzcw==?v=fc92170e435349094fb71b88ed9d14fa HTTP/1.1" 200 9503 "http://www.caritas.org.mx/Discos-de-freno/BREMBO-YAMAHA-FZ-6-FAZER-20042008-600CC/600511/" "Mozilla/5.0 AppleWebKit/537.36 (KHTML, like Gecko; compatible; Googlebot/2.1; +http://www.google.com/bot.html) Chrome/88.0.4324.114 Safari/537.36"
66.249.65.118 - - [29/Jan/2021:00:39:15 +0000] "GET /Bombillas-y-leds-para-coches/Se-adapta-a-Nissan-XTrail-T30-22-501-W5W/802856/ HTTP/1.1" 200 12350 "-" "Mozilla/5.0 (Linux; Android 6.0.1; Nexus 5X Build/MMB29P) AppleWebKit/537.36 (KHTML, like Gecko) Chrome/88.0.4324.113 Mobile Safari/537.36 (compatible; Googlebot/2.1; +http://www.google.com/bot.html)"
66.249.65.118 - - [29/Jan/2021:00:39:20 +0000] "GET /Buj%C3%ADas-de-encendido/Laser-Iridium-Buj%C3%ADas-2AZFE-X-4-IFR6T11-Se-adapta/175621/ HTTP/1.1" 200 14960 "-" "Mozilla/5.0 (Linux; Android 6.0.1; Nexus 5X Build/MMB29P) AppleWebKit/537.36 (KHTML, like Gecko) Chrome/88.0.4324.113 Mobile Safari/537.36 (compatible; Googlebot/2.1; +http://www.google.com/bot.html)"
66.249.65.118 - - [29/Jan/2021:00:39:21 +0000] "GET /Motor:-piezas-y-accesorios-272678/archives HTTP/1.1" 200 13926 "-" "Mozilla/5.0 (compatible; Googlebot/2.1; +http://www.google.com/bot.html)"
66.249.65.118 - - [29/Jan/2021:00:39:21 +0000] "GET /Llaves-hexagonales/E20-E22-E24-Hembra-14-piezas-Star-e-Socket-Set-E4-E5/7785//css/Ym9vdHN0cmFwLm1pbi5jc3M6dGhlbWUuY3NzOmZvbnQtYXdlc29tZS5taW4uY3NzOmJvb3RzdHJhcC10b2dnbGUubWluLmNzczpwYWdlL2ZyZWUvZmFxLmNzcw==?v=fc92170e435349094fb71b88ed9d14fa HTTP/1.1" 200 11266 "http://www.caritas.org.mx/Llaves-hexagonales/E20-E22-E24-Hembra-14-piezas-Star-e-Socket-Set-E4-E5/7785/" "Mozilla/5.0 (Linux; Android 6.0.1; Nexus 5X Build/MMB29P) AppleWebKit/537.36 (KHTML, like Gecko) Chrome/88.0.4324.114 Mobile Safari/537.36 (compatible; Googlebot/2.1; +http://www.google.com/bot.html)"
66.249.65.118 - - [29/Jan/2021:00:39:23 +0000] "GET /Admisi%C3%B3n-de-aire-y-combustible-690805/ HTTP/1.1" 200 13801 "-" "Mozilla/5.0 (Linux; Android 6.0.1; Nexus 5X Build/MMB29P) AppleWebKit/537.36 (KHTML, like Gecko) Chrome/88.0.4324.113 Mobile Safari/537.36 (compatible; Googlebot/2.1; +http://www.google.com/bot.html)"
66.249.65.118 - - [29/Jan/2021:00:39:28 +0000] "GET /Protecci%C3%B3n-radiadores/BMW-S1000rr-2019-2020-Protector-De-Radiador-De-Carreras/664291//css/Ym9vdHN0cmFwLm1pbi5jc3M6dGhlbWUuY3NzOmZvbnQtYXdlc29tZS5taW4uY3NzOmJvb3RzdHJhcC10b2dnbGUubWluLmNzczpwYWdlL2ZyZWUvZmFxLmNzcw==?v=fc92170e435349094fb71b88ed9d14fa HTTP/1.1" 200 11616 "http://www.caritas.org.mx/Protecci%C3%B3n-radiadores/BMW-S1000rr-2019-2020-Protector-De-Radiador-De-Carreras/664291/" "Mozilla/5.0 (Linux; Android 6.0.1; Nexus 5X Build/MMB29P) AppleWebKit/537.36 (KHTML, like Gecko) Chrome/88.0.4324.114 Mobile Safari/537.36 (compatible; Googlebot/2.1; +http://www.google.com/bot.html)"
66.249.65.118 - - [29/Jan/2021:00:39:28 +0000] "GET /Tapones-dep%C3%B3sito-combustible/MEGANE-SCENIC-MK1-FL-199903-Fuel-Flap-Gasolina/150745/ HTTP/1.1" 200 23559 "-" "Mozilla/5.0 (Linux; Android 6.0.1; Nexus 5X Build/MMB29P) AppleWebKit/537.36 (KHTML, like Gecko) Chrome/88.0.4324.113 Mobile Safari/537.36 (compatible; Googlebot/2.1; +http://www.google.com/bot.html)"
66.249.65.118 - - [29/Jan/2021:00:39:30 +0000] "GET /Escobillas-de-limpiaparabrisas/Limpiaparabrisas-trasero-Ford/308476/contact HTTP/1.1" 200 13197 "-" "Mozilla/5.0 (Linux; Android 6.0.1; Nexus 5X Build/MMB29P) AppleWebKit/537.36 (KHTML, like Gecko) Chrome/88.0.4324.118 Mobile Safari/537.36 (compatible; Googlebot/2.1; +http://www.google.com/bot.html)"
66.249.65.118 - - [29/Jan/2021:00:39:30 +0000] "GET /py-75404/Facebook HTTP/1.1" 200 14773 "-" "Mozilla/5.0 (Linux; Android 6.0.1; Nexus 5X Build/MMB29P) AppleWebKit/537.36 (KHTML, like Gecko) Chrome/88.0.4324.113 Mobile Safari/537.36 (compatible; Googlebot/2.1; +http://www.google.com/bot.html)"
66.249.65.118 - - [29/Jan/2021:00:39:31 +0000] "GET /Motor:-piezas-y-accesorios-272678/archives/css/Ym9vdHN0cmFwLm1pbi5jc3M6dGhlbWUuY3NzOmZvbnQtYXdlc29tZS5taW4uY3NzOmJvb3RzdHJhcC10b2dnbGUubWluLmNzczpwYWdlL2ZyZWUvZmFxLmNzcw==?v=fc92170e435349094fb71b88ed9d14fa HTTP/1.1" 200 20621 "http://www.caritas.org.mx/Motor:-piezas-y-accesorios-272678/archives" "Mozilla/5.0 AppleWebKit/537.36 (KHTML, like Gecko; compatible; Googlebot/2.1; +http://www.google.com/bot.html) Chrome/88.0.4324.114 Safari/537.36"
66.249.65.118 - - [29/Jan/2021:00:39:32 +0000] "GET /Viaje-61855//2015/15/30232/outsider-club-logo-100x100.png HTTP/1.1" 200 13449 "-" "Googlebot-Image/1.0"
66.249.65.118 - - [29/Jan/2021:00:39:32 +0000] "GET /blog-post?ID=77965&DATE=20210129/css/Ym9vdHN0cmFwLm1pbi5jc3M6dGhlbWUuY3NzOmZvbnQtYXdlc29tZS5taW4uY3NzOmJvb3RzdHJhcC10b2dnbGUubWluLmNzczpwYWdlL2ZyZWUvZmFxLmNzcw==?v=fc92170e435349094fb71b88ed9d14fa HTTP/1.1" 200 11662 "http://www.caritas.org.mx/blog-post?ID=77965&DATE=20210129" "Mozilla/5.0 (Linux; Android 6.0.1; Nexus 5X Build/MMB29P) AppleWebKit/537.36 (KHTML, like Gecko) Chrome/88.0.4324.114 Mobile Safari/537.36 (compatible; Googlebot/2.1; +http://www.google.com/bot.html)"
66.249.65.118 - - [29/Jan/2021:00:39:34 +0000] "GET /20210129/-37147/50P_747/ns.html?id=GTM-T9CDS8 HTTP/1.1" 200 9173 "-" "Mozilla/5.0 (Linux; Android 6.0.1; Nexus 5X Build/MMB29P) AppleWebKit/537.36 (KHTML, like Gecko) Chrome/88.0.4324.113 Mobile Safari/537.36 (compatible; Googlebot/2.1; +http://www.google.com/bot.html)"
66.249.65.118 - - [29/Jan/2021:00:39:36 +0000] "GET /Bombillas-y-leds-para-coches/Se-adapta-a-Nissan-XTrail-T30-22-501-W5W/802856//css/Ym9vdHN0cmFwLm1pbi5jc3M6dGhlbWUuY3NzOmZvbnQtYXdlc29tZS5taW4uY3NzOmJvb3RzdHJhcC10b2dnbGUubWluLmNzczpwYWdlL2ZyZWUvZmFxLmNzcw==?v=fc92170e435349094fb71b88ed9d14fa HTTP/1.1" 200 11684 "http://www.caritas.org.mx/Bombillas-y-leds-para-coches/Se-adapta-a-Nissan-XTrail-T30-22-501-W5W/802856/" "Mozilla/5.0 (Linux; Android 6.0.1; Nexus 5X Build/MMB29P) AppleWebKit/537.36 (KHTML, like Gecko) Chrome/88.0.4324.114 Mobile Safari/537.36 (compatible; Googlebot/2.1; +http://www.google.com/bot.html)"
66.249.65.118 - - [29/Jan/2021:00:39:37 +0000] "GET /Autoradios/C%C3%B3digo-de-radio-de-navegaci%C3%B3n-Ford-ex-FX-Nx/30347//css/Ym9vdHN0cmFwLm1pbi5jc3M6dGhlbWUuY3NzOmZvbnQtYXdlc29tZS5taW4uY3NzOmJvb3RzdHJhcC10b2dnbGUubWluLmNzczpwYWdlL2ZyZWUvZmFxLmNzcw==?v=fc92170e435349094fb71b88ed9d14fa HTTP/1.1" 200 16604 "http://www.caritas.org.mx/Autoradios/C%C3%B3digo-de-radio-de-navegaci%C3%B3n-Ford-ex-FX-Nx/30347/" "Mozilla/5.0 (Linux; Android 6.0.1; Nexus 5X Build/MMB29P) AppleWebKit/537.36 (KHTML, like Gecko) Chrome/88.0.4324.114 Mobile Safari/537.36 (compatible; Googlebot/2.1; +http://www.google.com/bot.html)"
66.249.65.118 - - [29/Jan/2021:00:39:38 +0000] "GET /Hi-Fi,-GPS-y-tecnolog%C3%ADa-para-coches-792685//css/Ym9vdHN0cmFwLm1pbi5jc3M6dGhlbWUuY3NzOmZvbnQtYXdlc29tZS5taW4uY3NzOmJvb3RzdHJhcC10b2dnbGUubWluLmNzczpwYWdlL2ZyZWUvZmFxLmNzcw==?v=fc92170e435349094fb71b88ed9d14fa HTTP/1.1" 200 24557 "http://www.caritas.org.mx/Hi-Fi,-GPS-y-tecnolog%C3%ADa-para-coches-792685/" "Mozilla/5.0 (Linux; Android 6.0.1; Nexus 5X Build/MMB29P) AppleWebKit/537.36 (KHTML, like Gecko) Chrome/88.0.4324.114 Mobile Safari/537.36 (compatible; Googlebot/2.1; +http://www.google.com/bot.html)"
66.249.65.118 - - [29/Jan/2021:00:39:38 +0000] "GET /Alternadores-y-piezas/Cabstar-Pickup-otros-Regulador-de/156122//css/Ym9vdHN0cmFwLm1pbi5jc3M6dGhlbWUuY3NzOmZvbnQtYXdlc29tZS5taW4uY3NzOmJvb3RzdHJhcC10b2dnbGUubWluLmNzczpwYWdlL2ZyZWUvZmFxLmNzcw==?v=fc92170e435349094fb71b88ed9d14fa HTTP/1.1" 200 14223 "http://www.caritas.org.mx/Alternadores-y-piezas/Cabstar-Pickup-otros-Regulador-de/156122/" "Mozilla/5.0 AppleWebKit/537.36 (KHTML, like Gecko; compatible; Googlebot/2.1; +http://www.google.com/bot.html) Chrome/88.0.4324.114 Safari/537.36"
66.249.65.118 - - [29/Jan/2021:00:39:44 +0000] "GET /Cascos/RM-125-250-20012002-UFO-Motocross/763257//css/Ym9vdHN0cmFwLm1pbi5jc3M6dGhlbWUuY3NzOmZvbnQtYXdlc29tZS5taW4uY3NzOmJvb3RzdHJhcC10b2dnbGUubWluLmNzczpwYWdlL2ZyZWUvZmFxLmNzcw==?v=fc92170e435349094fb71b88ed9d14fa HTTP/1.1" 200 12281 "http://www.caritas.org.mx/Cascos/RM-125-250-20012002-UFO-Motocross/763257/" "Mozilla/5.0 (Linux; Android 6.0.1; Nexus 5X Build/MMB29P) AppleWebKit/537.36 (KHTML, like Gecko) Chrome/88.0.4324.114 Mobile Safari/537.36 (compatible; Googlebot/2.1; +http://www.google.com/bot.html)"
66.249.65.118 - - [29/Jan/2021:00:39:48 +0000] "GET /Encendido-171945/contact/ns.html?id=GTM-T9CDS8/css/Ym9vdHN0cmFwLm1pbi5jc3M6dGhlbWUuY3NzOmZvbnQtYXdlc29tZS5taW4uY3NzOmJvb3RzdHJhcC10b2dnbGUubWluLmNzczpwYWdlL2ZyZWUvZmFxLmNzcw==?v=fc92170e435349094fb71b88ed9d14fa HTTP/1.1" 200 14771 "http://www.caritas.org.mx/Encendido-171945/contact/ns.html?id=GTM-T9CDS8" "Mozilla/5.0 AppleWebKit/537.36 (KHTML, like Gecko; compatible; Googlebot/2.1; +http://www.google.com/bot.html) Chrome/88.0.4324.114 Safari/537.36"
66.249.65.118 - - [29/Jan/2021:00:39:51 +0000] "GET /Poleas-y-tensores/Poulie-Damper/346468/ HTTP/1.1" 200 14371 "-" "Mozilla/5.0 (Linux; Android 6.0.1; Nexus 5X Build/MMB29P) AppleWebKit/537.36 (KHTML, like Gecko) Chrome/88.0.4324.118 Mobile Safari/537.36 (compatible; Googlebot/2.1; +http://www.google.com/bot.html)"
66.249.65.118 - - [29/Jan/2021:00:39:56 +0000] "GET /Motor:-piezas-y-accesorios-79676//css/Ym9vdHN0cmFwLm1pbi5jc3M6dGhlbWUuY3NzOmZvbnQtYXdlc29tZS5taW4uY3NzOmJvb3RzdHJhcC10b2dnbGUubWluLmNzczpwYWdlL2ZyZWUvZmFxLmNzcw==?v=fc92170e435349094fb71b88ed9d14fa HTTP/1.1" 200 10483 "http://www.caritas.org.mx/Motor:-piezas-y-accesorios-79676/" "Mozilla/5.0 (Linux; Android 6.0.1; Nexus 5X Build/MMB29P) AppleWebKit/537.36 (KHTML, like Gecko) Chrome/88.0.4324.114 Mobile Safari/537.36 (compatible; Googlebot/2.1; +http://www.google.com/bot.html)"
66.249.65.118 - - [29/Jan/2021:00:39:58 +0000] "GET /Cristales/Tulipas-613764/ HTTP/1.1" 200 10497 "-" "Mozilla/5.0 (Linux; Android 6.0.1; Nexus 5X Build/MMB29P) AppleWebKit/537.36 (KHTML, like Gecko) Chrome/88.0.4324.113 Mobile Safari/537.36 (compatible; Googlebot/2.1; +http://www.google.com/bot.html)"
66.249.65.118 - - [29/Jan/2021:00:39:58 +0000] "GET /Insignias-y-emblemas/Vinilo-Autoadhesivo-Con/483896//css/Ym9vdHN0cmFwLm1pbi5jc3M6dGhlbWUuY3NzOmZvbnQtYXdlc29tZS5taW4uY3NzOmJvb3RzdHJhcC10b2dnbGUubWluLmNzczpwYWdlL2ZyZWUvZmFxLmNzcw==?v=fc92170e435349094fb71b88ed9d14fa HTTP/1.1" 200 14446 "http://www.caritas.org.mx/Insignias-y-emblemas/Vinilo-Autoadhesivo-Con/483896/" "Mozilla/5.0 (Linux; Android 6.0.1; Nexus 5X Build/MMB29P) AppleWebKit/537.36 (KHTML, like Gecko) Chrome/88.0.4324.114 Mobile Safari/537.36 (compatible; Googlebot/2.1; +http://www.google.com/bot.html)"
66.249.65.118 - - [29/Jan/2021:00:39:59 +0000] "GET /Otros/de-l%C3%ADnea-AN6-a-M12x15-Negro-m%C3%A9trica-invertida-de-la-llamarada/505492/members/contact/ns.html?id=GTM-T9CDS8 HTTP/1.1" 200 6323 "-" "Mozilla/5.0 (compatible; Googlebot/2.1; +http://www.google.com/bot.html)"
66.249.65.118 - - [29/Jan/2021:00:39:59 +0000] "GET /Otros/Motor-la-cadena-de-distribuci%C3%B3n-Carril-de-Gu%C3%ADa/368325//favicon.ico HTTP/1.1" 200 14717 "-" "Googlebot-Image/1.0"
66.249.65.118 - - [29/Jan/2021:00:40:00 +0000] "GET /tem/Paget/202146228bd=ddeaaed&pd=iexuo.comandante HTTP/1.1" 200 21663 "-" "Mozilla/5.0 (compatible; Googlebot/2.1; +http://www.google.com/bot.html)"
66.249.65.118 - - [29/Jan/2021:00:40:02 +0000] "GET /Discos-de-embrague/se-ajusta-Kawasaki-Zx6r-636-0304/568579/archives/css/Ym9vdHN0cmFwLm1pbi5jc3M6dGhlbWUuY3NzOmZvbnQtYXdlc29tZS5taW4uY3NzOmJvb3RzdHJhcC10b2dnbGUubWluLmNzczpwYWdlL2ZyZWUvZmFxLmNzcw==?v=fc92170e435349094fb71b88ed9d14fa HTTP/1.1" 200 16873 "http://www.caritas.org.mx/Discos-de-embrague/se-ajusta-Kawasaki-Zx6r-636-0304/568579/archives" "Mozilla/5.0 (Linux; Android 6.0.1; Nexus 5X Build/MMB29P) AppleWebKit/537.36 (KHTML, like Gecko) Chrome/88.0.4324.114 Mobile Safari/537.36 (compatible; Googlebot/2.1; +http://www.google.com/bot.html)"
189.152.25.59 - - [29/Jan/2021:00:40:03 +0000] "GET /area/banco-de-medicamentos/ HTTP/1.0" 200 15408 "https://www.caritas.org.mx/propositos-de-ano-nuevo/?fbclid=IwAR2MgSnZjTbidGOm8_9PZAPjdPtkmxT_2VE0wDQHbj1phx_glAAlS_L0VQE" "Mozilla/5.0 (Linux; Android 9; SM-J610G Build/PPR1.180610.011; wv) AppleWebKit/537.36 (KHTML, like Gecko) Version/4.0 Chrome/88.0.4324.93 Mobile Safari/537.36 [FB_IAB/FB4A;FBAV/303.0.0.30.122;]"
189.152.25.59 - - [29/Jan/2021:00:40:01 +0000] "GET /area/banco-de-medicamentos/ HTTP/1.0" 200 15408 "https://www.caritas.org.mx/propositos-de-ano-nuevo/?fbclid=IwAR2MgSnZjTbidGOm8_9PZAPjdPtkmxT_2VE0wDQHbj1phx_glAAlS_L0VQE" "Mozilla/5.0 (Linux; Android 9; SM-J610G Build/PPR1.180610.011; wv) AppleWebKit/537.36 (KHTML, like Gecko) Version/4.0 Chrome/88.0.4324.93 Mobile Safari/537.36 [FB_IAB/FB4A;FBAV/303.0.0.30.122;]"
66.249.65.118 - - [29/Jan/2021:00:40:08 +0000] "GET /Coches:-tuning-y-styling-484707/ HTTP/1.1" 200 22878 "-" "Mozilla/5.0 (Linux; Android 6.0.1; Nexus 5X Build/MMB29P) AppleWebKit/537.36 (KHTML, like Gecko) Chrome/88.0.4324.118 Mobile Safari/537.36 (compatible; Googlebot/2.1; +http://www.google.com/bot.html)"
66.249.65.118 - - [29/Jan/2021:00:40:14 +0000] "GET /Frenos-para-coches-823751//css/Ym9vdHN0cmFwLm1pbi5jc3M6dGhlbWUuY3NzOmZvbnQtYXdlc29tZS5taW4uY3NzOmJvb3RzdHJhcC10b2dnbGUubWluLmNzczpwYWdlL2ZyZWUvZmFxLmNzcw==?v=fc92170e435349094fb71b88ed9d14fa HTTP/1.1" 200 18020 "http://www.caritas.org.mx/Frenos-para-coches-823751/" "Mozilla/5.0 (Linux; Android 6.0.1; Nexus 5X Build/MMB29P) AppleWebKit/537.36 (KHTML, like Gecko) Chrome/88.0.4324.114 Mobile Safari/537.36 (compatible; Googlebot/2.1; +http://www.google.com/bot.html)"
66.249.65.118 - - [29/Jan/2021:00:40:15 +0000] "GET /tem/Paget/936826556bd=dedcbea&pd=i492sxo.fireboat/css/Ym9vdHN0cmFwLm1pbi5jc3M6dGhlbWUuY3NzOmZvbnQtYXdlc29tZS5taW4uY3NzOmJvb3RzdHJhcC10b2dnbGUubWluLmNzczpwYWdlL2ZyZWUvZmFxLmNzcw==?v=fc92170e435349094fb71b88ed9d14fa HTTP/1.1" 200 13589 "http://www.caritas.org.mx/tem/Paget/936826556bd=dedcbea&pd=i492sxo.fireboat" "Mozilla/5.0 AppleWebKit/537.36 (KHTML, like Gecko; compatible; Googlebot/2.1; +http://www.google.com/bot.html) Chrome/88.0.4324.114 Safari/537.36"
66.249.65.118 - - [29/Jan/2021:00:40:17 +0000] "GET /Otros/barata-Mejor-Calidad-VauxhallFiat-13-z13dt-completa/342777/ HTTP/1.1" 200 13550 "-" "Mozilla/5.0 (compatible; Googlebot/2.1; +http://www.google.com/bot.html)"
66.249.65.118 - - [29/Jan/2021:00:40:18 +0000] "GET /littletoughd-suizan-p-scratch/market105172930//ns.html?id=GTM-T9CDS8 HTTP/1.1" 200 14017 "-" "Mozilla/5.0 (Linux; Android 6.0.1; Nexus 5X Build/MMB29P) AppleWebKit/537.36 (KHTML, like Gecko) Chrome/88.0.4324.118 Mobile Safari/537.36 (compatible; Googlebot/2.1; +http://www.google.com/bot.html)"
66.249.65.118 - - [29/Jan/2021:00:40:21 +0000] "GET /Alfombrillas-y-moquetas-para-coches/2013-2012-Honda-CRV-a-medida-Alfombrillas-De-Coche/795808//css/Ym9vdHN0cmFwLm1pbi5jc3M6dGhlbWUuY3NzOmZvbnQtYXdlc29tZS5taW4uY3NzOmJvb3RzdHJhcC10b2dnbGUubWluLmNzczpwYWdlL2ZyZWUvZmFxLmNzcw==?v=fc92170e435349094fb71b88ed9d14fa HTTP/1.1" 200 14874 "http://www.caritas.org.mx/Alfombrillas-y-moquetas-para-coches/2013-2012-Honda-CRV-a-medida-Alfombrillas-De-Coche/795808/" "Mozilla/5.0 (Linux; Android 6.0.1; Nexus 5X Build/MMB29P) AppleWebKit/537.36 (KHTML, like Gecko) Chrome/88.0.4324.114 Mobile Safari/537.36 (compatible; Googlebot/2.1; +http://www.google.com/bot.html)"
66.249.65.118 - - [29/Jan/2021:00:40:24 +0000] "GET /Sensores-presi%C3%B3n-de-combust/VOLVO-XC70-XC90-Medidor-De-Masa-Aire-Sensor-MAF/94333//favicon.ico HTTP/1.1" 200 25387 "-" "Googlebot-Image/1.0"
66.249.65.118 - - [29/Jan/2021:00:40:25 +0000] "GET /Interior:-accesorios-49442//css/Ym9vdHN0cmFwLm1pbi5jc3M6dGhlbWUuY3NzOmZvbnQtYXdlc29tZS5taW4uY3NzOmJvb3RzdHJhcC10b2dnbGUubWluLmNzczpwYWdlL2ZyZWUvZmFxLmNzcw==?v=fc92170e435349094fb71b88ed9d14fa HTTP/1.1" 200 9621 "http://www.caritas.org.mx/Interior:-accesorios-49442/" "Mozilla/5.0 AppleWebKit/537.36 (KHTML, like Gecko; compatible; Googlebot/2.1; +http://www.google.com/bot.html) Chrome/88.0.4324.114 Safari/537.36"
66.249.65.118 - - [29/Jan/2021:00:40:25 +0000] "GET /py-75404/Facebook/css/Ym9vdHN0cmFwLm1pbi5jc3M6dGhlbWUuY3NzOmZvbnQtYXdlc29tZS5taW4uY3NzOmJvb3RzdHJhcC10b2dnbGUubWluLmNzczpwYWdlL2ZyZWUvZmFxLmNzcw==?v=fc92170e435349094fb71b88ed9d14fa HTTP/1.1" 200 14954 "http://www.caritas.org.mx/py-75404/Facebook" "Mozilla/5.0 (Linux; Android 6.0.1; Nexus 5X Build/MMB29P) AppleWebKit/537.36 (KHTML, like Gecko) Chrome/88.0.4324.114 Mobile Safari/537.36 (compatible; Googlebot/2.1; +http://www.google.com/bot.html)"
66.249.65.118 - - [29/Jan/2021:00:40:27 +0000] "GET /32880//10747621.loc HTTP/1.1" 200 23297 "-" "Mozilla/5.0 (Linux; Android 6.0.1; Nexus 5X Build/MMB29P) AppleWebKit/537.36 (KHTML, like Gecko) Chrome/88.0.4324.118 Mobile Safari/537.36 (compatible; Googlebot/2.1; +http://www.google.com/bot.html)"
66.249.65.118 - - [29/Jan/2021:00:40:28 +0000] "GET /py-54510/Cialis.py HTTP/1.1" 200 14832 "-" "Mozilla/5.0 (Linux; Android 6.0.1; Nexus 5X Build/MMB29P) AppleWebKit/537.36 (KHTML, like Gecko) Chrome/88.0.4324.113 Mobile Safari/537.36 (compatible; Googlebot/2.1; +http://www.google.com/bot.html)"
66.249.65.118 - - [29/Jan/2021:00:40:36 +0000] "GET /Pistones-bielas-y-piezas/Bedford-220/345873/archives HTTP/1.1" 200 10948 "-" "Mozilla/5.0 (Linux; Android 6.0.1; Nexus 5X Build/MMB29P) AppleWebKit/537.36 (KHTML, like Gecko) Chrome/88.0.4324.118 Mobile Safari/537.36 (compatible; Googlebot/2.1; +http://www.google.com/bot.html)"
66.249.65.118 - - [29/Jan/2021:00:40:37 +0000] "GET /Coches:-recambios-326916//css/Ym9vdHN0cmFwLm1pbi5jc3M6dGhlbWUuY3NzOmZvbnQtYXdlc29tZS5taW4uY3NzOmJvb3RzdHJhcC10b2dnbGUubWluLmNzczpwYWdlL2ZyZWUvZmFxLmNzcw==?v=fc92170e435349094fb71b88ed9d14fa HTTP/1.1" 200 7788 "http://www.caritas.org.mx/Coches:-recambios-326916/" "Mozilla/5.0 AppleWebKit/537.36 (KHTML, like Gecko; compatible; Googlebot/2.1; +http://www.google.com/bot.html) Chrome/88.0.4324.114 Safari/537.36"
66.249.65.118 - - [29/Jan/2021:00:40:39 +0000] "GET /littletoughd-suizan-p-scratch/market105172930//ns.html?id=GTM-T9CDS8/css/Ym9vdHN0cmFwLm1pbi5jc3M6dGhlbWUuY3NzOmZvbnQtYXdlc29tZS5taW4uY3NzOmJvb3RzdHJhcC10b2dnbGUubWluLmNzczpwYWdlL2ZyZWUvZmFxLmNzcw==?v=fc92170e435349094fb71b88ed9d14fa HTTP/1.1" 200 13844 "http://www.caritas.org.mx/littletoughd-suizan-p-scratch/market105172930//ns.html?id=GTM-T9CDS8" "Mozilla/5.0 (Linux; Android 6.0.1; Nexus 5X Build/MMB29P) AppleWebKit/537.36 (KHTML, like Gecko) Chrome/88.0.4324.114 Mobile Safari/537.36 (compatible; Googlebot/2.1; +http://www.google.com/bot.html)"
66.249.65.118 - - [29/Jan/2021:00:40:40 +0000] "GET /Otros-93176//css/Ym9vdHN0cmFwLm1pbi5jc3M6dGhlbWUuY3NzOmZvbnQtYXdlc29tZS5taW4uY3NzOmJvb3RzdHJhcC10b2dnbGUubWluLmNzczpwYWdlL2ZyZWUvZmFxLmNzcw==?v=fc92170e435349094fb71b88ed9d14fa HTTP/1.1" 200 22504 "http://www.caritas.org.mx/Otros-93176/" "Mozilla/5.0 (Linux; Android 6.0.1; Nexus 5X Build/MMB29P) AppleWebKit/537.36 (KHTML, like Gecko) Chrome/88.0.4324.114 Mobile Safari/537.36 (compatible; Googlebot/2.1; +http://www.google.com/bot.html)"
66.249.65.118 - - [29/Jan/2021:00:40:40 +0000] "GET /Otros/barata-Mejor-Calidad-VauxhallFiat-13-z13dt-completa/342777//css/Ym9vdHN0cmFwLm1pbi5jc3M6dGhlbWUuY3NzOmZvbnQtYXdlc29tZS5taW4uY3NzOmJvb3RzdHJhcC10b2dnbGUubWluLmNzczpwYWdlL2ZyZWUvZmFxLmNzcw==?v=fc92170e435349094fb71b88ed9d14fa HTTP/1.1" 200 16379 "http://www.caritas.org.mx/Otros/barata-Mejor-Calidad-VauxhallFiat-13-z13dt-completa/342777/" "Mozilla/5.0 AppleWebKit/537.36 (KHTML, like Gecko; compatible; Googlebot/2.1; +http://www.google.com/bot.html) Chrome/88.0.4324.114 Safari/537.36"
66.249.65.118 - - [29/Jan/2021:00:40:43 +0000] "GET /Coches:-tuning-y-styling-484707//css/Ym9vdHN0cmFwLm1pbi5jc3M6dGhlbWUuY3NzOmZvbnQtYXdlc29tZS5taW4uY3NzOmJvb3RzdHJhcC10b2dnbGUubWluLmNzczpwYWdlL2ZyZWUvZmFxLmNzcw==?v=fc92170e435349094fb71b88ed9d14fa HTTP/1.1" 200 15655 "http://www.caritas.org.mx/Coches:-tuning-y-styling-484707/" "Mozilla/5.0 (Linux; Android 6.0.1; Nexus 5X Build/MMB29P) AppleWebKit/537.36 (KHTML, like Gecko) Chrome/88.0.4324.114 Mobile Safari/537.36 (compatible; Googlebot/2.1; +http://www.google.com/bot.html)"
66.249.65.118 - - [29/Jan/2021:00:40:50 +0000] "GET /Espejos/RD-350-LC-19911992-V-PARTS/596976//2015/15/30232/outsider-club-logo-100x100.png HTTP/1.1" 200 16366 "-" "Googlebot-Image/1.0"
66.249.65.118 - - [29/Jan/2021:00:40:51 +0000] "GET /20210129/-40456/747.loc/css/Ym9vdHN0cmFwLm1pbi5jc3M6dGhlbWUuY3NzOmZvbnQtYXdlc29tZS5taW4uY3NzOmJvb3RzdHJhcC10b2dnbGUubWluLmNzczpwYWdlL2ZyZWUvZmFxLmNzcw==?v=fc92170e435349094fb71b88ed9d14fa HTTP/1.1" 200 11835 "http://www.caritas.org.mx/20210129/-40456/747.loc" "Mozilla/5.0 (Linux; Android 6.0.1; Nexus 5X Build/MMB29P) AppleWebKit/537.36 (KHTML, like Gecko) Chrome/88.0.4324.114 Mobile Safari/537.36 (compatible; Googlebot/2.1; +http://www.google.com/bot.html)"
66.249.65.100 - - [29/Jan/2021:00:40:55 +0000] "GET /0122/-18014/vigora-4-hamer-hamer-candy.html HTTP/1.1" 200 16069 "-" "Mozilla/5.0 (compatible; Googlebot/2.1; +http://www.google.com/bot.html)"
66.249.65.118 - - [29/Jan/2021:00:40:56 +0000] "GET /jsp-90064/ HTTP/1.1" 200 19890 "-" "Mozilla/5.0 (Linux; Android 6.0.1; Nexus 5X Build/MMB29P) AppleWebKit/537.36 (KHTML, like Gecko) Chrome/88.0.4324.113 Mobile Safari/537.36 (compatible; Googlebot/2.1; +http://www.google.com/bot.html)"
66.249.65.118 - - [29/Jan/2021:00:40:57 +0000] "GET /Buj%C3%ADas-656706/ HTTP/1.1" 200 13012 "-" "Mozilla/5.0 (Linux; Android 6.0.1; Nexus 5X Build/MMB29P) AppleWebKit/537.36 (KHTML, like Gecko) Chrome/88.0.4324.118 Mobile Safari/537.36 (compatible; Googlebot/2.1; +http://www.google.com/bot.html)"
66.249.65.118 - - [29/Jan/2021:00:40:58 +0000] "GET /Otros-51991//css/Ym9vdHN0cmFwLm1pbi5jc3M6dGhlbWUuY3NzOmZvbnQtYXdlc29tZS5taW4uY3NzOmJvb3RzdHJhcC10b2dnbGUubWluLmNzczpwYWdlL2ZyZWUvZmFxLmNzcw==?v=fc92170e435349094fb71b88ed9d14fa HTTP/1.1" 200 18168 "http://www.caritas.org.mx/Otros-51991/" "Mozilla/5.0 (Linux; Android 6.0.1; Nexus 5X Build/MMB29P) AppleWebKit/537.36 (KHTML, like Gecko) Chrome/88.0.4324.114 Mobile Safari/537.36 (compatible; Googlebot/2.1; +http://www.google.com/bot.html)"
40.77.167.24 - - [29/Jan/2021:00:41:04 +0000] "GET /Motor:-piezas-y-accesorios-151187/ HTTP/1.1" 200 22716 "-" "Mozilla/5.0 (compatible; bingbot/2.0; +http://www.bing.com/bingbot.htm)"
66.249.65.122 - - [29/Jan/2021:00:41:04 +0000] "GET /Recambios-de-carrocer%C3%ADa-y-exteriores-para-coches-829075//ns.html?id=GTM-T9CDS8 HTTP/1.1" 200 25963 "-" "Mozilla/5.0 (Linux; Android 6.0.1; Nexus 5X Build/MMB29P) AppleWebKit/537.36 (KHTML, like Gecko) Chrome/88.0.4324.118 Mobile Safari/537.36 (compatible; Googlebot/2.1; +http://www.google.com/bot.html)"
66.249.65.120 - - [29/Jan/2021:00:41:06 +0000] "GET /48165//741325877.jsp/css/Ym9vdHN0cmFwLm1pbi5jc3M6dGhlbWUuY3NzOmZvbnQtYXdlc29tZS5taW4uY3NzOmJvb3RzdHJhcC10b2dnbGUubWluLmNzczpwYWdlL2ZyZWUvZmFxLmNzcw==?v=fc92170e435349094fb71b88ed9d14fa HTTP/1.1" 200 25710 "http://www.caritas.org.mx/48165//741325877.jsp" "Mozilla/5.0 (Linux; Android 6.0.1; Nexus 5X Build/MMB29P) AppleWebKit/537.36 (KHTML, like Gecko) Chrome/88.0.4324.114 Mobile Safari/537.36 (compatible; Googlebot/2.1; +http://www.google.com/bot.html)"
40.77.167.1 - - [29/Jan/2021:00:41:08 +0000] "GET /PinzasCaliper-de-freno/C124-etrier-de-frein-Bosch-0986471952-sans/285483/ HTTP/1.1" 200 14533 "-" "Mozilla/5.0 (compatible; bingbot/2.0; +http://www.bing.com/bingbot.htm)"
66.249.65.118 - - [29/Jan/2021:00:41:13 +0000] "GET /32880//10747621.loc/css/Ym9vdHN0cmFwLm1pbi5jc3M6dGhlbWUuY3NzOmZvbnQtYXdlc29tZS5taW4uY3NzOmJvb3RzdHJhcC10b2dnbGUubWluLmNzczpwYWdlL2ZyZWUvZmFxLmNzcw==?v=fc92170e435349094fb71b88ed9d14fa HTTP/1.1" 200 27452 "http://www.caritas.org.mx/32880//10747621.loc" "Mozilla/5.0 (Linux; Android 6.0.1; Nexus 5X Build/MMB29P) AppleWebKit/537.36 (KHTML, like Gecko) Chrome/88.0.4324.114 Mobile Safari/537.36 (compatible; Googlebot/2.1; +http://www.google.com/bot.html)"
66.249.65.118 - - [29/Jan/2021:00:41:15 +0000] "GET /blog-post?ID=15292&DATE=20210120 HTTP/1.1" 200 22880 "-" "Mozilla/5.0 (Linux; Android 6.0.1; Nexus 5X Build/MMB29P) AppleWebKit/537.36 (KHTML, like Gecko) Chrome/88.0.4324.118 Mobile Safari/537.36 (compatible; Googlebot/2.1; +http://www.google.com/bot.html)"
66.249.65.118 - - [29/Jan/2021:00:41:16 +0000] "GET /Coches:-recambios-221329//favicon.ico HTTP/1.1" 200 10202 "-" "Googlebot-Image/1.0"
66.249.65.118 - - [29/Jan/2021:00:41:20 +0000] "GET /tem/Paget/775269654bd=dbaaddd&pd=ia2m9o.comandante/css/Ym9vdHN0cmFwLm1pbi5jc3M6dGhlbWUuY3NzOmZvbnQtYXdlc29tZS5taW4uY3NzOmJvb3RzdHJhcC10b2dnbGUubWluLmNzczpwYWdlL2ZyZWUvZmFxLmNzcw==?v=fc92170e435349094fb71b88ed9d14fa HTTP/1.1" 200 19631 "http://www.caritas.org.mx/tem/Paget/775269654bd=dbaaddd&pd=ia2m9o.comandante" "Mozilla/5.0 (Linux; Android 6.0.1; Nexus 5X Build/MMB29P) AppleWebKit/537.36 (KHTML, like Gecko) Chrome/88.0.4324.114 Mobile Safari/537.36 (compatible; Googlebot/2.1; +http://www.google.com/bot.html)"
66.249.65.118 - - [29/Jan/2021:00:41:22 +0000] "GET /blog-post?ID=38151&DATE=20210129/css/Ym9vdHN0cmFwLm1pbi5jc3M6dGhlbWUuY3NzOmZvbnQtYXdlc29tZS5taW4uY3NzOmJvb3RzdHJhcC10b2dnbGUubWluLmNzczpwYWdlL2ZyZWUvZmFxLmNzcw==?v=fc92170e435349094fb71b88ed9d14fa HTTP/1.1" 200 11701 "http://www.caritas.org.mx/blog-post?ID=38151&DATE=20210129" "Mozilla/5.0 (Linux; Android 6.0.1; Nexus 5X Build/MMB29P) AppleWebKit/537.36 (KHTML, like Gecko) Chrome/88.0.4324.114 Mobile Safari/537.36 (compatible; Googlebot/2.1; +http://www.google.com/bot.html)"
66.249.65.118 - - [29/Jan/2021:00:41:26 +0000] "GET /47889aay.py HTTP/1.1" 200 11210 "-" "Mozilla/5.0 (Linux; Android 6.0.1; Nexus 5X Build/MMB29P) AppleWebKit/537.36 (KHTML, like Gecko) Chrome/88.0.4324.113 Mobile Safari/537.36 (compatible; Googlebot/2.1; +http://www.google.com/bot.html)"
66.249.65.118 - - [29/Jan/2021:00:41:29 +0000] "GET /Motor:-piezas-y-accesorios-488675//ns.html?id=GTM-T9CDS8 HTTP/1.1" 200 11820 "-" "Mozilla/5.0 (compatible; Googlebot/2.1; +http://www.google.com/bot.html)"
114.119.145.237 - - [29/Jan/2021:00:41:30 +0000] "GET /Faros-y-luces-indicadoras-231911 HTTP/1.1" 404 45665 "-" "Mozilla/5.0 (Linux; Android 7.0;) AppleWebKit/537.36 (KHTML, like Gecko) Mobile Safari/537.36 (compatible; PetalBot;+https://aspiegel.com/petalbot)"
66.249.65.118 - - [29/Jan/2021:00:41:36 +0000] "GET /Alfombrillas-y-moquetas/personalizado-Mercedes-Clase-B-piso-elevado/190605//css/Ym9vdHN0cmFwLm1pbi5jc3M6dGhlbWUuY3NzOmZvbnQtYXdlc29tZS5taW4uY3NzOmJvb3RzdHJhcC10b2dnbGUubWluLmNzczpwYWdlL2ZyZWUvZmFxLmNzcw==?v=fc92170e435349094fb71b88ed9d14fa HTTP/1.1" 200 13826 "http://www.caritas.org.mx/Alfombrillas-y-moquetas/personalizado-Mercedes-Clase-B-piso-elevado/190605/" "Mozilla/5.0 (Linux; Android 6.0.1; Nexus 5X Build/MMB29P) AppleWebKit/537.36 (KHTML, like Gecko) Chrome/88.0.4324.114 Mobile Safari/537.36 (compatible; Googlebot/2.1; +http://www.google.com/bot.html)"
66.249.65.100 - - [29/Jan/2021:00:41:41 +0000] "GET /20799/ISBN.html HTTP/1.1" 200 22019 "-" "Mozilla/5.0 (Linux; Android 6.0.1; Nexus 5X Build/MMB29P) AppleWebKit/537.36 (KHTML, like Gecko) Chrome/88.0.4324.113 Mobile Safari/537.36 (compatible; Googlebot/2.1; +http://www.google.com/bot.html)"
66.249.65.118 - - [29/Jan/2021:00:41:43 +0000] "GET /blog-post?ID=25205&DATE=20210129/css/Ym9vdHN0cmFwLm1pbi5jc3M6dGhlbWUuY3NzOmZvbnQtYXdlc29tZS5taW4uY3NzOmJvb3RzdHJhcC10b2dnbGUubWluLmNzczpwYWdlL2ZyZWUvZmFxLmNzcw==?v=fc92170e435349094fb71b88ed9d14fa HTTP/1.1" 200 14879 "http://www.caritas.org.mx/blog-post?ID=25205&DATE=20210129" "Mozilla/5.0 (Linux; Android 6.0.1; Nexus 5X Build/MMB29P) AppleWebKit/537.36 (KHTML, like Gecko) Chrome/88.0.4324.114 Mobile Safari/537.36 (compatible; Googlebot/2.1; +http://www.google.com/bot.html)"
66.249.65.118 - - [29/Jan/2021:00:41:44 +0000] "GET /Parabrisas-y-ventanillas/Iii-trasero-port%C3%B3n-trasero-Ventana-Sello-De-Goma/129336//favicon.ico HTTP/1.1" 200 16496 "-" "Googlebot-Image/1.0"
66.249.65.118 - - [29/Jan/2021:00:41:48 +0000] "GET /Recambios-de-carrocer%C3%ADa-y-exteriores-para-coches-829075//ns.html?id=GTM-T9CDS8/css/Ym9vdHN0cmFwLm1pbi5jc3M6dGhlbWUuY3NzOmZvbnQtYXdlc29tZS5taW4uY3NzOmJvb3RzdHJhcC10b2dnbGUubWluLmNzczpwYWdlL2ZyZWUvZmFxLmNzcw==?v=fc92170e435349094fb71b88ed9d14fa HTTP/1.1" 200 18501 "http://www.caritas.org.mx/Recambios-de-carrocer%C3%ADa-y-exteriores-para-coches-829075//ns.html?id=GTM-T9CDS8" "Mozilla/5.0 (Linux; Android 6.0.1; Nexus 5X Build/MMB29P) AppleWebKit/537.36 (KHTML, like Gecko) Chrome/88.0.4324.114 Mobile Safari/537.36 (compatible; Googlebot/2.1; +http://www.google.com/bot.html)"
207.46.13.108 - - [29/Jan/2021:00:41:50 +0000] "GET /Turbos-y-sobrealimentadores-468790/ HTTP/1.1" 200 12289 "-" "Mozilla/5.0 (compatible; bingbot/2.0; +http://www.bing.com/bingbot.htm)"
66.249.65.118 - - [29/Jan/2021:00:41:54 +0000] "GET /Faros-delanteros/Faro-Yamaha/614972/ HTTP/1.1" 200 13374 "-" "Mozilla/5.0 (Linux; Android 6.0.1; Nexus 5X Build/MMB29P) AppleWebKit/537.36 (KHTML, like Gecko) Chrome/88.0.4324.113 Mobile Safari/537.36 (compatible; Googlebot/2.1; +http://www.google.com/bot.html)"
66.249.65.118 - - [29/Jan/2021:00:41:56 +0000] "GET /Motores-y-piezas-640170/ HTTP/1.1" 200 16701 "-" "Mozilla/5.0 (Linux; Android 6.0.1; Nexus 5X Build/MMB29P) AppleWebKit/537.36 (KHTML, like Gecko) Chrome/88.0.4324.113 Mobile Safari/537.36 (compatible; Googlebot/2.1; +http://www.google.com/bot.html)"
66.249.65.100 - - [29/Jan/2021:00:41:58 +0000] "GET /advanceworksofficemarket-hako-bune/market108811496.QKx HTTP/1.1" 200 14422 "-" "Mozilla/5.0 (Linux; Android 6.0.1; Nexus 5X Build/MMB29P) AppleWebKit/537.36 (KHTML, like Gecko) Chrome/88.0.4324.113 Mobile Safari/537.36 (compatible; Googlebot/2.1; +http://www.google.com/bot.html)"
66.249.65.118 - - [29/Jan/2021:00:41:58 +0000] "GET /littletoughd-suizan-p-scratch/market111146777/ HTTP/1.1" 200 9765 "-" "Mozilla/5.0 (Linux; Android 6.0.1; Nexus 5X Build/MMB29P) AppleWebKit/537.36 (KHTML, like Gecko) Chrome/88.0.4324.113 Mobile Safari/537.36 (compatible; Googlebot/2.1; +http://www.google.com/bot.html)"
66.249.65.118 - - [29/Jan/2021:00:41:59 +0000] "GET /Otros/OVER-PIXEL-PEGATINA-VINILO/54442/ HTTP/1.1" 200 19378 "-" "Mozilla/5.0 (Linux; Android 6.0.1; Nexus 5X Build/MMB29P) AppleWebKit/537.36 (KHTML, like Gecko) Chrome/88.0.4324.113 Mobile Safari/537.36 (compatible; Googlebot/2.1; +http://www.google.com/bot.html)"
66.249.65.118 - - [29/Jan/2021:00:41:59 +0000] "GET /littletoughd-suizan-p-scratch/market105251007/ HTTP/1.1" 200 23220 "-" "Mozilla/5.0 (Linux; Android 6.0.1; Nexus 5X Build/MMB29P) AppleWebKit/537.36 (KHTML, like Gecko) Chrome/88.0.4324.113 Mobile Safari/537.36 (compatible; Googlebot/2.1; +http://www.google.com/bot.html)"
66.249.65.118 - - [29/Jan/2021:00:42:00 +0000] "GET /Dep%C3%B3sitos-recuperaci%C3%B3n/compensaci%C3%B3n-refrigerante-recipiente-l%C3%ADquido-de-refrigeraci%C3%B3n/374789/ HTTP/1.1" 200 11074 "-" "Mozilla/5.0 (compatible; Googlebot/2.1; +http://www.google.com/bot.html)"
66.249.65.118 - - [29/Jan/2021:00:42:00 +0000] "GET /20210129/-55631/2_Cialis.jsp HTTP/1.1" 200 16110 "-" "Mozilla/5.0 (Linux; Android 6.0.1; Nexus 5X Build/MMB29P) AppleWebKit/537.36 (KHTML, like Gecko) Chrome/88.0.4324.113 Mobile Safari/537.36 (compatible; Googlebot/2.1; +http://www.google.com/bot.html)"
66.249.65.118 - - [29/Jan/2021:00:42:01 +0000] "GET /Otros/trabajos-taller-con-bendajas-Cama-para/747593/ HTTP/1.1" 200 18145 "-" "Mozilla/5.0 (compatible; Googlebot/2.1; +http://www.google.com/bot.html)"
66.249.65.118 - - [29/Jan/2021:00:42:02 +0000] "GET /Pistones-bielas-y-piezas/Bedford-220/345873/archives/css/Ym9vdHN0cmFwLm1pbi5jc3M6dGhlbWUuY3NzOmZvbnQtYXdlc29tZS5taW4uY3NzOmJvb3RzdHJhcC10b2dnbGUubWluLmNzczpwYWdlL2ZyZWUvZmFxLmNzcw==?v=fc92170e435349094fb71b88ed9d14fa HTTP/1.1" 200 16362 "http://www.caritas.org.mx/Pistones-bielas-y-piezas/Bedford-220/345873/archives" "Mozilla/5.0 (Linux; Android 6.0.1; Nexus 5X Build/MMB29P) AppleWebKit/537.36 (KHTML, like Gecko) Chrome/88.0.4324.114 Mobile Safari/537.36 (compatible; Googlebot/2.1; +http://www.google.com/bot.html)"
207.46.13.108 - - [29/Jan/2021:00:42:08 +0000] "GET /Turbos-y-sobrealimentadores-468790//css/Ym9vdHN0cmFwLm1pbi5jc3M6dGhlbWUuY3NzOmZvbnQtYXdlc29tZS5taW4uY3NzOmJvb3RzdHJhcC10b2dnbGUubWluLmNzczpwYWdlL2ZyZWUvZmFxLmNzcw==?v=fc92170e435349094fb71b88ed9d14fa HTTP/1.1" 200 7125 "-" "Mozilla/5.0 (compatible; bingbot/2.0; +http://www.bing.com/bingbot.htm)"
66.249.65.118 - - [29/Jan/2021:00:42:08 +0000] "GET /Insignias-y-emblemas/hibisco-flores-mariposas-Hawaii-murales-Xmx/489340//2015/15/30232/outsider-club-logo-100x100.png HTTP/1.1" 200 10765 "-" "Googlebot-Image/1.0"
66.249.65.118 - - [29/Jan/2021:00:42:20 +0000] "GET /Bombillas-y-LEDs/Vision-Ultra-Liviana-1156-27W-se%C3%B1al-atr%C3%A1s-Reversa/613505/contact HTTP/1.1" 200 8081 "-" "Mozilla/5.0 (compatible; Googlebot/2.1; +http://www.google.com/bot.html)"
66.249.65.118 - - [29/Jan/2021:00:42:21 +0000] "GET /Parrillas-y-rejillas/Deportiva-panal-rejilla-de-parrilla-negro-para-audi/496423/ HTTP/1.1" 200 11525 "-" "Mozilla/5.0 (compatible; Googlebot/2.1; +http://www.google.com/bot.html)"
66.249.65.100 - - [29/Jan/2021:00:42:25 +0000] "GET /0129/-23403/5mg.jsp HTTP/1.1" 200 16140 "-" "Mozilla/5.0 (Linux; Android 6.0.1; Nexus 5X Build/MMB29P) AppleWebKit/537.36 (KHTML, like Gecko) Chrome/88.0.4324.113 Mobile Safari/537.36 (compatible; Googlebot/2.1; +http://www.google.com/bot.html)"
66.249.65.118 - - [29/Jan/2021:00:42:26 +0000] "GET /34279gonpthd HTTP/1.1" 200 11733 "-" "Mozilla/5.0 (Linux; Android 6.0.1; Nexus 5X Build/MMB29P) AppleWebKit/537.36 (KHTML, like Gecko) Chrome/88.0.4324.113 Mobile Safari/537.36 (compatible; Googlebot/2.1; +http://www.google.com/bot.html)"
66.249.65.118 - - [29/Jan/2021:00:42:27 +0000] "GET /Insignias-y-emblemas/Sticker-liqui-Moly/478365//css/Ym9vdHN0cmFwLm1pbi5jc3M6dGhlbWUuY3NzOmZvbnQtYXdlc29tZS5taW4uY3NzOmJvb3RzdHJhcC10b2dnbGUubWluLmNzczpwYWdlL2ZyZWUvZmFxLmNzcw==?v=fc92170e435349094fb71b88ed9d14fa HTTP/1.1" 200 22141 "http://www.caritas.org.mx/Insignias-y-emblemas/Sticker-liqui-Moly/478365/" "Mozilla/5.0 (Linux; Android 6.0.1; Nexus 5X Build/MMB29P) AppleWebKit/537.36 (KHTML, like Gecko) Chrome/88.0.4324.114 Mobile Safari/537.36 (compatible; Googlebot/2.1; +http://www.google.com/bot.html)"
157.55.39.148 - - [29/Jan/2021:00:42:31 +0000] "GET /Motor:-piezas-y-accesorios-313700/ HTTP/1.1" 200 11893 "-" "Mozilla/5.0 (compatible; bingbot/2.0; +http://www.bing.com/bingbot.htm)"
66.249.65.118 - - [29/Jan/2021:00:42:31 +0000] "GET /20210129/-55631/2_Cialis.jsp/css/Ym9vdHN0cmFwLm1pbi5jc3M6dGhlbWUuY3NzOmZvbnQtYXdlc29tZS5taW4uY3NzOmJvb3RzdHJhcC10b2dnbGUubWluLmNzczpwYWdlL2ZyZWUvZmFxLmNzcw==?v=fc92170e435349094fb71b88ed9d14fa HTTP/1.1" 200 22023 "http://www.caritas.org.mx/20210129/-55631/2_Cialis.jsp" "Mozilla/5.0 (Linux; Android 6.0.1; Nexus 5X Build/MMB29P) AppleWebKit/537.36 (KHTML, like Gecko) Chrome/88.0.4324.114 Mobile Safari/537.36 (compatible; Googlebot/2.1; +http://www.google.com/bot.html)"
66.249.65.118 - - [29/Jan/2021:00:42:32 +0000] "GET /Kits-completos-de-embrague-451244//css/Ym9vdHN0cmFwLm1pbi5jc3M6dGhlbWUuY3NzOmZvbnQtYXdlc29tZS5taW4uY3NzOmJvb3RzdHJhcC10b2dnbGUubWluLmNzczpwYWdlL2ZyZWUvZmFxLmNzcw==?v=fc92170e435349094fb71b88ed9d14fa HTTP/1.1" 200 18330 "http://www.caritas.org.mx/Kits-completos-de-embrague-451244/" "Mozilla/5.0 (Linux; Android 6.0.1; Nexus 5X Build/MMB29P) AppleWebKit/537.36 (KHTML, like Gecko) Chrome/88.0.4324.114 Mobile Safari/537.36 (compatible; Googlebot/2.1; +http://www.google.com/bot.html)"
66.249.65.118 - - [29/Jan/2021:00:42:32 +0000] "GET /Otros/1x-febi-tie-Rod-End/361586//css/Ym9vdHN0cmFwLm1pbi5jc3M6dGhlbWUuY3NzOmZvbnQtYXdlc29tZS5taW4uY3NzOmJvb3RzdHJhcC10b2dnbGUubWluLmNzczpwYWdlL2ZyZWUvZmFxLmNzcw==?v=fc92170e435349094fb71b88ed9d14fa HTTP/1.1" 200 26601 "http://www.caritas.org.mx/Otros/1x-febi-tie-Rod-End/361586/" "Mozilla/5.0 (Linux; Android 6.0.1; Nexus 5X Build/MMB29P) AppleWebKit/537.36 (KHTML, like Gecko) Chrome/88.0.4324.114 Mobile Safari/537.36 (compatible; Googlebot/2.1; +http://www.google.com/bot.html)"
66.249.65.118 - - [29/Jan/2021:00:42:34 +0000] "GET /Rel%C3%A9s/Nagares-Bdl712-336Renault-Nissan-Peugeot/169283//2015/15/30232/outsider-club-logo-100x100.png HTTP/1.1" 200 12649 "-" "Googlebot-Image/1.0"
66.249.65.118 - - [29/Jan/2021:00:42:35 +0000] "GET /Motos:-recambios-633145/ HTTP/1.1" 200 10776 "-" "Mozilla/5.0 (Linux; Android 6.0.1; Nexus 5X Build/MMB29P) AppleWebKit/537.36 (KHTML, like Gecko) Chrome/88.0.4324.113 Mobile Safari/537.36 (compatible; Googlebot/2.1; +http://www.google.com/bot.html)"
66.249.65.118 - - [29/Jan/2021:00:42:39 +0000] "GET /littletoughd-suizan-p-scratch/market10654105/ HTTP/1.1" 200 15912 "-" "Mozilla/5.0 (Linux; Android 6.0.1; Nexus 5X Build/MMB29P) AppleWebKit/537.36 (KHTML, like Gecko) Chrome/88.0.4324.113 Mobile Safari/537.36 (compatible; Googlebot/2.1; +http://www.google.com/bot.html)"
66.249.65.118 - - [29/Jan/2021:00:42:40 +0000] "GET /Neum%C3%A1ticos/de-barro-venta-21565-R16-Ranger-Agarre-neum%C3%A1ticos-de-4x4-215/65731//css/Ym9vdHN0cmFwLm1pbi5jc3M6dGhlbWUuY3NzOmZvbnQtYXdlc29tZS5taW4uY3NzOmJvb3RzdHJhcC10b2dnbGUubWluLmNzczpwYWdlL2ZyZWUvZmFxLmNzcw==?v=fc92170e435349094fb71b88ed9d14fa HTTP/1.1" 200 13488 "http://www.caritas.org.mx/Neum%C3%A1ticos/de-barro-venta-21565-R16-Ranger-Agarre-neum%C3%A1ticos-de-4x4-215/65731/" "Mozilla/5.0 (Linux; Android 6.0.1; Nexus 5X Build/MMB29P) AppleWebKit/537.36 (KHTML, like Gecko) Chrome/88.0.4324.114 Mobile Safari/537.36 (compatible; Googlebot/2.1; +http://www.google.com/bot.html)"
