66.249.65.118 - - [29/Jan/2021:00:31:28 +0000] "GET /95348//812036.shtml HTTP/1.1" 200 21976 "-" "Mozilla/5.0 (Linux; Android 6.0.1; Nexus 5X Build/MMB29P) AppleWebKit/537.36 (KHTML, like Gecko) Chrome/88.0.4324.113 Mobile Safari/537.36 (compatible; Googlebot/2.1; +http://www.google.com/bot.html)"
66.249.65.118 - - [29/Jan/2021:00:31:29 +0000] "GET /blog-post?ID=41198&DATE=20210129/ns.html?id=GTM-T9CDS8 HTTP/1.1" 200 6679 "-" "Mozilla/5.0 (Linux; Android 6.0.1; Nexus 5X Build/MMB29P) AppleWebKit/537.36 (KHTML, like Gecko) Chrome/88.0.4324.113 Mobile Safari/537.36 (compatible; Googlebot/2.1; +http://www.google.com/bot.html)"
66.249.65.118 - - [29/Jan/2021:00:31:29 +0000] "GET /Otros-componentes-de-embrague-571931/ HTTP/1.1" 200 10292 "-" "Mozilla/5.0 (Linux; Android 6.0.1; Nexus 5X Build/MMB29P) AppleWebKit/537.36 (KHTML, like Gecko) Chrome/88.0.4324.113 Mobile Safari/537.36 (compatible; Googlebot/2.1; +http://www.google.com/bot.html)"
66.249.65.118 - - [29/Jan/2021:00:31:29 +0000] "GET /Art%C3%ADculos-de-iluminaci%C3%B3n-tuning-para-coches-889424/ HTTP/1.1" 200 18312 "-" "Mozilla/5.0 (Linux; Android 6.0.1; Nexus 5X Build/MMB29P) AppleWebKit/537.36 (KHTML, like Gecko) Chrome/88.0.4324.113 Mobile Safari/537.36 (compatible; Googlebot/2.1; +http://www.google.com/bot.html)"
66.249.65.118 - - [29/Jan/2021:00:31:30 +0000] "GET /20210129/-15701/Facebook.html HTTP/1.1" 200 13484 "-" "Mozilla/5.0 (Linux; Android 6.0.1; Nexus 5X Build/MMB29P) AppleWebKit/537.36 (KHTML, like Gecko) Chrome/88.0.4324.113 Mobile Safari/537.36 (compatible; Googlebot/2.1; +http://www.google.com/bot.html)"
66.249.65.118 - - [29/Jan/2021:00:31:30 +0000] "GET /Sistemas-de-escape-tuning-529801/ HTTP/1.1" 200 25270 "-" "Mozilla/5.0 (Linux; Android 6.0.1; Nexus 5X Build/MMB29P) AppleWebKit/537.36 (KHTML, like Gecko) Chrome/88.0.4324.113 Mobile Safari/537.36 (compatible; Googlebot/2.1; +http://www.google.com/bot.html)"
66.249.65.118 - - [29/Jan/2021:00:31:31 +0000] "GET /Otros/de-pinzas-850a-bater%C3%ADa-borna-polzange-bater%C3%ADa/726961//members HTTP/1.1" 200 8950 "-" "Mozilla/5.0 (Linux; Android 6.0.1; Nexus 5X Build/MMB29P) AppleWebKit/537.36 (KHTML, like Gecko) Chrome/88.0.4324.113 Mobile Safari/537.36 (compatible; Googlebot/2.1; +http://www.google.com/bot.html)"
66.249.65.118 - - [29/Jan/2021:00:31:31 +0000] "GET /blog-post?ID=20711&DATE=20210129 HTTP/1.1" 200 24564 "-" "Mozilla/5.0 (Linux; Android 6.0.1; Nexus 5X Build/MMB29P) AppleWebKit/537.36 (KHTML, like Gecko) Chrome/88.0.4324.113 Mobile Safari/537.36 (compatible; Googlebot/2.1; +http://www.google.com/bot.html)"
66.249.65.118 - - [29/Jan/2021:00:31:34 +0000] "GET /Botas-motocross/1-Marr%C3%B3n-Botas-Sidi/767959/ HTTP/1.1" 200 22769 "-" "Mozilla/5.0 (Linux; Android 6.0.1; Nexus 5X Build/MMB29P) AppleWebKit/537.36 (KHTML, like Gecko) Chrome/88.0.4324.113 Mobile Safari/537.36 (compatible; Googlebot/2.1; +http://www.google.com/bot.html)"
66.249.65.118 - - [29/Jan/2021:00:31:34 +0000] "GET /Faros-delanteros-615172/ HTTP/1.1" 200 11277 "-" "Mozilla/5.0 (Linux; Android 6.0.1; Nexus 5X Build/MMB29P) AppleWebKit/537.36 (KHTML, like Gecko) Chrome/88.0.4324.113 Mobile Safari/537.36 (compatible; Googlebot/2.1; +http://www.google.com/bot.html)"
66.249.65.118 - - [29/Jan/2021:00:31:37 +0000] "GET /Bater%C3%ADas/cami%C3%B3n-pesado-Numax-Humvee-Hummer/157287//css/Ym9vdHN0cmFwLm1pbi5jc3M6dGhlbWUuY3NzOmZvbnQtYXdlc29tZS5taW4uY3NzOmJvb3RzdHJhcC10b2dnbGUubWluLmNzczpwYWdlL2ZyZWUvZmFxLmNzcw==?v=fc92170e435349094fb71b88ed9d14fa HTTP/1.1" 200 7480 "http://www.caritas.org.mx/Bater%C3%ADas/cami%C3%B3n-pesado-Numax-Humvee-Hummer/157287/" "Mozilla/5.0 (Linux; Android 6.0.1; Nexus 5X Build/MMB29P) AppleWebKit/537.36 (KHTML, like Gecko) Chrome/88.0.4324.114 Mobile Safari/537.36 (compatible; Googlebot/2.1; +http://www.google.com/bot.html)"
66.249.65.118 - - [29/Jan/2021:00:31:40 +0000] "GET /littletoughd-suizan-p-scratch/market104853542/ HTTP/1.1" 200 14083 "-" "Mozilla/5.0 (Linux; Android 6.0.1; Nexus 5X Build/MMB29P) AppleWebKit/537.36 (KHTML, like Gecko) Chrome/88.0.4324.113 Mobile Safari/537.36 (compatible; Googlebot/2.1; +http://www.google.com/bot.html)"
66.249.65.118 - - [29/Jan/2021:00:31:40 +0000] "GET /Retrovisores-y-accesorios/Espejo-Negro-El%C3%A9ctrico-NS-Pasajero-Izquierdo/144879//css/Ym9vdHN0cmFwLm1pbi5jc3M6dGhlbWUuY3NzOmZvbnQtYXdlc29tZS5taW4uY3NzOmJvb3RzdHJhcC10b2dnbGUubWluLmNzczpwYWdlL2ZyZWUvZmFxLmNzcw==?v=fc92170e435349094fb71b88ed9d14fa HTTP/1.1" 200 19890 "http://www.caritas.org.mx/Retrovisores-y-accesorios/Espejo-Negro-El%C3%A9ctrico-NS-Pasajero-Izquierdo/144879/" "Mozilla/5.0 (Linux; Android 6.0.1; Nexus 5X Build/MMB29P) AppleWebKit/537.36 (KHTML, like Gecko) Chrome/88.0.4324.114 Mobile Safari/537.36 (compatible; Googlebot/2.1; +http://www.google.com/bot.html)"
66.249.65.118 - - [29/Jan/2021:00:31:40 +0000] "GET /Tapacubos/Renault-Clio-Kangoo-Adornos-de-ruedascubiertas-Megane/77663//css/Ym9vdHN0cmFwLm1pbi5jc3M6dGhlbWUuY3NzOmZvbnQtYXdlc29tZS5taW4uY3NzOmJvb3RzdHJhcC10b2dnbGUubWluLmNzczpwYWdlL2ZyZWUvZmFxLmNzcw==?v=fc92170e435349094fb71b88ed9d14fa HTTP/1.1" 200 15945 "http://www.caritas.org.mx/Tapacubos/Renault-Clio-Kangoo-Adornos-de-ruedascubiertas-Megane/77663/" "Mozilla/5.0 (Linux; Android 6.0.1; Nexus 5X Build/MMB29P) AppleWebKit/537.36 (KHTML, like Gecko) Chrome/88.0.4324.114 Mobile Safari/537.36 (compatible; Googlebot/2.1; +http://www.google.com/bot.html)"
13.66.139.66 - - [29/Jan/2021:00:31:41 +0000] "GET /sitemap5.xml HTTP/1.1" 200 20693 "-" "Mozilla/5.0 (compatible; bingbot/2.0; +http://www.bing.com/bingbot.htm)"
66.249.65.118 - - [29/Jan/2021:00:31:43 +0000] "GET /Kits-de-encendido-electr%C3%B3nico/con-contactos-Viper-Bobina-Y-Negro/187949//2015/15/30232/outsider-club-logo-100x100.png HTTP/1.1" 200 13323 "-" "Googlebot-Image/1.0"
95.217.228.36 - - [29/Jan/2021:00:31:41 +0000] "GET /eres-filantropo-descubrelo/ HTTP/1.1" 200 22330 "-" "'Mozilla/5.0 (compatible; Seekport Crawler; http://seekport.com/'"
66.249.65.118 - - [29/Jan/2021:00:31:44 +0000] "GET /Revistas,-manuales,-cat%C3%A1logos-686565//css/Ym9vdHN0cmFwLm1pbi5jc3M6dGhlbWUuY3NzOmZvbnQtYXdlc29tZS5taW4uY3NzOmJvb3RzdHJhcC10b2dnbGUubWluLmNzczpwYWdlL2ZyZWUvZmFxLmNzcw==?v=fc92170e435349094fb71b88ed9d14fa HTTP/1.1" 200 17738 "http://www.caritas.org.mx/Revistas,-manuales,-cat%C3%A1logos-686565/" "Mozilla/5.0 AppleWebKit/537.36 (KHTML, like Gecko; compatible; Googlebot/2.1; +http://www.google.com/bot.html) Chrome/88.0.4324.114 Safari/537.36"
66.249.65.118 - - [29/Jan/2021:00:31:45 +0000] "GET /20210129/-10426/PHARMASCIENCE_INC.jsp HTTP/1.1" 200 12892 "-" "Mozilla/5.0 (Linux; Android 6.0.1; Nexus 5X Build/MMB29P) AppleWebKit/537.36 (KHTML, like Gecko) Chrome/88.0.4324.113 Mobile Safari/537.36 (compatible; Googlebot/2.1; +http://www.google.com/bot.html)"
66.249.65.118 - - [29/Jan/2021:00:31:51 +0000] "GET /blog-post?ID=87035&DATE=20210129/ns.html?id=GTM-T9CDS8/css/Ym9vdHN0cmFwLm1pbi5jc3M6dGhlbWUuY3NzOmZvbnQtYXdlc29tZS5taW4uY3NzOmJvb3RzdHJhcC10b2dnbGUubWluLmNzczpwYWdlL2ZyZWUvZmFxLmNzcw==?v=fc92170e435349094fb71b88ed9d14fa HTTP/1.1" 200 20284 "http://www.caritas.org.mx/blog-post?ID=87035&DATE=20210129/ns.html?id=GTM-T9CDS8" "Mozilla/5.0 (Linux; Android 6.0.1; Nexus 5X Build/MMB29P) AppleWebKit/537.36 (KHTML, like Gecko) Chrome/88.0.4324.114 Mobile Safari/537.36 (compatible; Googlebot/2.1; +http://www.google.com/bot.html)"
66.249.65.118 - - [29/Jan/2021:00:31:54 +0000] "GET /Botas-motocross/1-Marr%C3%B3n-Botas-Sidi/767959//css/Ym9vdHN0cmFwLm1pbi5jc3M6dGhlbWUuY3NzOmZvbnQtYXdlc29tZS5taW4uY3NzOmJvb3RzdHJhcC10b2dnbGUubWluLmNzczpwYWdlL2ZyZWUvZmFxLmNzcw==?v=fc92170e435349094fb71b88ed9d14fa HTTP/1.1" 200 19722 "http://www.caritas.org.mx/Botas-motocross/1-Marr%C3%B3n-Botas-Sidi/767959/" "Mozilla/5.0 (Linux; Android 6.0.1; Nexus 5X Build/MMB29P) AppleWebKit/537.36 (KHTML, like Gecko) Chrome/88.0.4324.114 Mobile Safari/537.36 (compatible; Googlebot/2.1; +http://www.google.com/bot.html)"
66.249.65.118 - - [29/Jan/2021:00:31:54 +0000] "GET /littletoughd-suizan-p-scratch/market104853542//css/Ym9vdHN0cmFwLm1pbi5jc3M6dGhlbWUuY3NzOmZvbnQtYXdlc29tZS5taW4uY3NzOmJvb3RzdHJhcC10b2dnbGUubWluLmNzczpwYWdlL2ZyZWUvZmFxLmNzcw==?v=fc92170e435349094fb71b88ed9d14fa HTTP/1.1" 200 14289 "http://www.caritas.org.mx/littletoughd-suizan-p-scratch/market104853542/" "Mozilla/5.0 (Linux; Android 6.0.1; Nexus 5X Build/MMB29P) AppleWebKit/537.36 (KHTML, like Gecko) Chrome/88.0.4324.114 Mobile Safari/537.36 (compatible; Googlebot/2.1; +http://www.google.com/bot.html)"
66.249.65.100 - - [29/Jan/2021:00:31:55 +0000] "GET /advanceworksofficemarket-hako-bune/market11267334.QKx HTTP/1.1" 200 11606 "-" "Mozilla/5.0 (compatible; Googlebot/2.1; +http://www.google.com/bot.html)"
66.249.65.118 - - [29/Jan/2021:00:31:55 +0000] "GET /63665ferushn.asp HTTP/1.1" 200 13953 "-" "Mozilla/5.0 (Linux; Android 6.0.1; Nexus 5X Build/MMB29P) AppleWebKit/537.36 (KHTML, like Gecko) Chrome/88.0.4324.118 Mobile Safari/537.36 (compatible; Googlebot/2.1; +http://www.google.com/bot.html)"
66.249.65.120 - - [29/Jan/2021:00:31:56 +0000] "GET /Centradores-de-llanta/CAPS-KIA-40mm-to-120mm-type-a/64011//css/Ym9vdHN0cmFwLm1pbi5jc3M6dGhlbWUuY3NzOmZvbnQtYXdlc29tZS5taW4uY3NzOmJvb3RzdHJhcC10b2dnbGUubWluLmNzczpwYWdlL2ZyZWUvZmFxLmNzcw==?v=fc92170e435349094fb71b88ed9d14fa HTTP/1.1" 200 12470 "http://www.caritas.org.mx/Centradores-de-llanta/CAPS-KIA-40mm-to-120mm-type-a/64011/" "Mozilla/5.0 (Linux; Android 6.0.1; Nexus 5X Build/MMB29P) AppleWebKit/537.36 (KHTML, like Gecko) Chrome/88.0.4324.114 Mobile Safari/537.36 (compatible; Googlebot/2.1; +http://www.google.com/bot.html)"
66.249.65.118 - - [29/Jan/2021:00:31:57 +0000] "GET /Schl%C3%BCsselanh%C3%A4nger/calavera-HD-key-Chain-llavero-remolque/1351/ HTTP/1.1" 200 13266 "-" "Mozilla/5.0 (compatible; Googlebot/2.1; +http://www.google.com/bot.html)"
66.249.65.120 - - [29/Jan/2021:00:31:59 +0000] "GET /littletoughd-suizan-p-scratch/market109153977//css/Ym9vdHN0cmFwLm1pbi5jc3M6dGhlbWUuY3NzOmZvbnQtYXdlc29tZS5taW4uY3NzOmJvb3RzdHJhcC10b2dnbGUubWluLmNzczpwYWdlL2ZyZWUvZmFxLmNzcw==?v=fc92170e435349094fb71b88ed9d14fa HTTP/1.1" 200 23926 "http://www.caritas.org.mx/littletoughd-suizan-p-scratch/market109153977/" "Mozilla/5.0 (Linux; Android 6.0.1; Nexus 5X Build/MMB29P) AppleWebKit/537.36 (KHTML, like Gecko) Chrome/88.0.4324.114 Mobile Safari/537.36 (compatible; Googlebot/2.1; +http://www.google.com/bot.html)"
114.119.145.237 - - [29/Jan/2021:00:31:28 +0000] "GET /LucesBombillas-indicadores/intermitente-delantero-izquierdo-u-derecha-China-Scooter-bt49qt9s1/616385 HTTP/1.1" 404 61981 "-" "Mozilla/5.0 (Linux; Android 7.0;) AppleWebKit/537.36 (KHTML, like Gecko) Mobile Safari/537.36 (compatible; PetalBot;+https://aspiegel.com/petalbot)"
66.249.65.120 - - [29/Jan/2021:00:32:01 +0000] "GET /Cascos/Motocross-MX-Enduro-Quad-ATV-Choque-Casco-Plus/762726/ HTTP/1.1" 200 27564 "-" "Mozilla/5.0 (compatible; Googlebot/2.1; +http://www.google.com/bot.html)"
66.249.65.120 - - [29/Jan/2021:00:32:02 +0000] "GET /Motor:-piezas-y-accesorios-368525/ HTTP/1.1" 200 13070 "-" "Mozilla/5.0 (Linux; Android 6.0.1; Nexus 5X Build/MMB29P) AppleWebKit/537.36 (KHTML, like Gecko) Chrome/88.0.4324.118 Mobile Safari/537.36 (compatible; Googlebot/2.1; +http://www.google.com/bot.html)"
66.249.65.118 - - [29/Jan/2021:00:32:04 +0000] "GET /Motor:-piezas-y-accesorios-655311/contact HTTP/1.1" 200 14757 "-" "Mozilla/5.0 (compatible; Googlebot/2.1; +http://www.google.com/bot.html)"
66.249.65.118 - - [29/Jan/2021:00:32:05 +0000] "GET /blog-post?ID=14316&DATE=20210129 HTTP/1.1" 200 11926 "-" "Mozilla/5.0 (Linux; Android 6.0.1; Nexus 5X Build/MMB29P) AppleWebKit/537.36 (KHTML, like Gecko) Chrome/88.0.4324.113 Mobile Safari/537.36 (compatible; Googlebot/2.1; +http://www.google.com/bot.html)"
66.249.65.118 - - [29/Jan/2021:00:32:08 +0000] "GET /Elevalunas-195085//css/Ym9vdHN0cmFwLm1pbi5jc3M6dGhlbWUuY3NzOmZvbnQtYXdlc29tZS5taW4uY3NzOmJvb3RzdHJhcC10b2dnbGUubWluLmNzczpwYWdlL2ZyZWUvZmFxLmNzcw==?v=fc92170e435349094fb71b88ed9d14fa HTTP/1.1" 200 12007 "http://www.caritas.org.mx/Elevalunas-195085/" "Mozilla/5.0 AppleWebKit/537.36 (KHTML, like Gecko; compatible; Googlebot/2.1; +http://www.google.com/bot.html) Chrome/88.0.4324.114 Safari/537.36"
66.249.65.118 - - [29/Jan/2021:00:32:09 +0000] "GET /Motor:-piezas-y-accesorios-568631//favicon.ico HTTP/1.1" 200 8143 "-" "Googlebot-Image/1.0"
66.249.65.118 - - [29/Jan/2021:00:32:10 +0000] "GET /20210129/-25325/83_100_Cialis.jsp HTTP/1.1" 200 12361 "-" "Mozilla/5.0 (Linux; Android 6.0.1; Nexus 5X Build/MMB29P) AppleWebKit/537.36 (KHTML, like Gecko) Chrome/88.0.4324.118 Mobile Safari/537.36 (compatible; Googlebot/2.1; +http://www.google.com/bot.html)"
66.249.65.118 - - [29/Jan/2021:00:32:13 +0000] "GET /Llantas/ducati-codificador-90-v%C3%A1lvula/677226/ HTTP/1.1" 200 16132 "-" "Mozilla/5.0 (Linux; Android 6.0.1; Nexus 5X Build/MMB29P) AppleWebKit/537.36 (KHTML, like Gecko) Chrome/88.0.4324.113 Mobile Safari/537.36 (compatible; Googlebot/2.1; +http://www.google.com/bot.html)"
66.249.65.118 - - [29/Jan/2021:00:32:29 +0000] "GET /Sistemas-de-escape-tuning-529801//css/Ym9vdHN0cmFwLm1pbi5jc3M6dGhlbWUuY3NzOmZvbnQtYXdlc29tZS5taW4uY3NzOmJvb3RzdHJhcC10b2dnbGUubWluLmNzczpwYWdlL2ZyZWUvZmFxLmNzcw==?v=fc92170e435349094fb71b88ed9d14fa HTTP/1.1" 200 13254 "http://www.caritas.org.mx/Sistemas-de-escape-tuning-529801/" "Mozilla/5.0 (Linux; Android 6.0.1; Nexus 5X Build/MMB29P) AppleWebKit/537.36 (KHTML, like Gecko) Chrome/88.0.4324.114 Mobile Safari/537.36 (compatible; Googlebot/2.1; +http://www.google.com/bot.html)"
66.249.65.118 - - [29/Jan/2021:00:32:29 +0000] "GET /Llantas/ducati-codificador-90-v%C3%A1lvula/677226//css/Ym9vdHN0cmFwLm1pbi5jc3M6dGhlbWUuY3NzOmZvbnQtYXdlc29tZS5taW4uY3NzOmJvb3RzdHJhcC10b2dnbGUubWluLmNzczpwYWdlL2ZyZWUvZmFxLmNzcw==?v=fc92170e435349094fb71b88ed9d14fa HTTP/1.1" 200 27419 "http://www.caritas.org.mx/Llantas/ducati-codificador-90-v%C3%A1lvula/677226/" "Mozilla/5.0 (Linux; Android 6.0.1; Nexus 5X Build/MMB29P) AppleWebKit/537.36 (KHTML, like Gecko) Chrome/88.0.4324.114 Mobile Safari/537.36 (compatible; Googlebot/2.1; +http://www.google.com/bot.html)"
66.249.65.118 - - [29/Jan/2021:00:32:30 +0000] "GET /20210129/2-31213/5mg_28.shtml/css/Ym9vdHN0cmFwLm1pbi5jc3M6dGhlbWUuY3NzOmZvbnQtYXdlc29tZS5taW4uY3NzOmJvb3RzdHJhcC10b2dnbGUubWluLmNzczpwYWdlL2ZyZWUvZmFxLmNzcw==?v=fc92170e435349094fb71b88ed9d14fa HTTP/1.1" 200 20921 "http://www.caritas.org.mx/20210129/2-31213/5mg_28.shtml" "Mozilla/5.0 (Linux; Android 6.0.1; Nexus 5X Build/MMB29P) AppleWebKit/537.36 (KHTML, like Gecko) Chrome/88.0.4324.114 Mobile Safari/537.36 (compatible; Googlebot/2.1; +http://www.google.com/bot.html)"
66.249.65.118 - - [29/Jan/2021:00:32:30 +0000] "GET /Llaves-de-vaso/mannesmann-profesional-Green-Line-29165-65pzas/7641//css/Ym9vdHN0cmFwLm1pbi5jc3M6dGhlbWUuY3NzOmZvbnQtYXdlc29tZS5taW4uY3NzOmJvb3RzdHJhcC10b2dnbGUubWluLmNzczpwYWdlL2ZyZWUvZmFxLmNzcw==?v=fc92170e435349094fb71b88ed9d14fa HTTP/1.1" 200 18814 "http://www.caritas.org.mx/Llaves-de-vaso/mannesmann-profesional-Green-Line-29165-65pzas/7641/" "Mozilla/5.0 (Linux; Android 6.0.1; Nexus 5X Build/MMB29P) AppleWebKit/537.36 (KHTML, like Gecko) Chrome/88.0.4324.114 Mobile Safari/537.36 (compatible; Googlebot/2.1; +http://www.google.com/bot.html)"
66.249.65.118 - - [29/Jan/2021:00:32:33 +0000] "GET /Encendido-171945/contact/ns.html?id=GTM-T9CDS8 HTTP/1.1" 200 17922 "-" "Mozilla/5.0 (compatible; Googlebot/2.1; +http://www.google.com/bot.html)"
66.249.65.118 - - [29/Jan/2021:00:32:33 +0000] "GET /Motos:-recambios-595469/ HTTP/1.1" 200 16036 "-" "Mozilla/5.0 (Linux; Android 6.0.1; Nexus 5X Build/MMB29P) AppleWebKit/537.36 (KHTML, like Gecko) Chrome/88.0.4324.113 Mobile Safari/537.36 (compatible; Googlebot/2.1; +http://www.google.com/bot.html)"
66.249.65.118 - - [29/Jan/2021:00:32:35 +0000] "GET /Parabrisas/HAYABUSA-2008-2013-2014-2015-BLEU/590611//2015/15/30232/outsider-club-logo-100x100.png HTTP/1.1" 200 17919 "-" "Googlebot-Image/1.0"
66.249.65.100 - - [29/Jan/2021:00:32:36 +0000] "GET /advanceworksofficemarket-hako-bune/market111191099.QKx HTTP/1.1" 200 15286 "-" "Mozilla/5.0 (Linux; Android 6.0.1; Nexus 5X Build/MMB29P) AppleWebKit/537.36 (KHTML, like Gecko) Chrome/88.0.4324.113 Mobile Safari/537.36 (compatible; Googlebot/2.1; +http://www.google.com/bot.html)"
191.95.27.239 - - [29/Jan/2021:00:32:36 +0000] "GET /Otros-713407/ HTTP/1.1" 200 1003 "http://www.google.com/" "Mozilla/5.0 (Linux; Android 9; moto e6 play) AppleWebKit/537.36 (KHTML, like Gecko) Chrome/85.0.4183.101 Mobile Safari/537.36"
66.249.65.118 - - [29/Jan/2021:00:32:39 +0000] "GET /Motor:-piezas-y-accesorios-460366//css/Ym9vdHN0cmFwLm1pbi5jc3M6dGhlbWUuY3NzOmZvbnQtYXdlc29tZS5taW4uY3NzOmJvb3RzdHJhcC10b2dnbGUubWluLmNzczpwYWdlL2ZyZWUvZmFxLmNzcw==?v=fc92170e435349094fb71b88ed9d14fa HTTP/1.1" 200 8481 "http://www.caritas.org.mx/Motor:-piezas-y-accesorios-460366/" "Mozilla/5.0 (Linux; Android 6.0.1; Nexus 5X Build/MMB29P) AppleWebKit/537.36 (KHTML, like Gecko) Chrome/88.0.4324.114 Mobile Safari/537.36 (compatible; Googlebot/2.1; +http://www.google.com/bot.html)"
191.95.27.239 - - [29/Jan/2021:00:32:39 +0000] "GET //2015/15/30232/outsider-club-logo-100x100.png HTTP/1.1" 301 439 "http://www.caritas.org.mx/" "Mozilla/5.0 (Linux; Android 9; moto e6 play) AppleWebKit/537.36 (KHTML, like Gecko) Chrome/85.0.4183.101 Mobile Safari/537.36"
191.95.27.239 - - [29/Jan/2021:00:32:39 +0000] "GET /Event/2018/diabetes/img/menu_trigger.png HTTP/1.1" 404 61662 "http://www.caritas.org.mx/" "Mozilla/5.0 (Linux; Android 9; moto e6 play) AppleWebKit/537.36 (KHTML, like Gecko) Chrome/85.0.4183.101 Mobile Safari/537.36"
191.95.27.239 - - [29/Jan/2021:00:32:40 +0000] "GET /Event/2018/diabetes/img/ajax-loader.gif HTTP/1.1" 404 61657 "http://www.caritas.org.mx/" "Mozilla/5.0 (Linux; Android 9; moto e6 play) AppleWebKit/537.36 (KHTML, like Gecko) Chrome/85.0.4183.101 Mobile Safari/537.36"
66.249.65.118 - - [29/Jan/2021:00:32:41 +0000] "GET /littletoughd-suizan-p-scratch/market11180584/ HTTP/1.1" 200 15521 "-" "Mozilla/5.0 (Linux; Android 6.0.1; Nexus 5X Build/MMB29P) AppleWebKit/537.36 (KHTML, like Gecko) Chrome/88.0.4324.113 Mobile Safari/537.36 (compatible; Googlebot/2.1; +http://www.google.com/bot.html)"
191.95.27.239 - - [29/Jan/2021:00:32:40 +0000] "GET /2015/15/30232/outsider-club-logo-100x100.png HTTP/1.1" 404 61677 "http://www.caritas.org.mx/" "Mozilla/5.0 (Linux; Android 9; moto e6 play) AppleWebKit/537.36 (KHTML, like Gecko) Chrome/85.0.4183.101 Mobile Safari/537.36"
191.95.27.239 - - [29/Jan/2021:00:32:40 +0000] "GET /Event/2018/diabetes/upload/photo%20(1).jpg HTTP/1.1" 404 61672 "http://www.caritas.org.mx/" "Mozilla/5.0 (Linux; Android 9; moto e6 play) AppleWebKit/537.36 (KHTML, like Gecko) Chrome/85.0.4183.101 Mobile Safari/537.36"
191.95.27.239 - - [29/Jan/2021:00:32:40 +0000] "GET /Event/2018/diabetes/upload/photo.jpg HTTP/1.1" 404 61637 "http://www.caritas.org.mx/" "Mozilla/5.0 (Linux; Android 9; moto e6 play) AppleWebKit/537.36 (KHTML, like Gecko) Chrome/85.0.4183.101 Mobile Safari/537.36"
66.249.65.118 - - [29/Jan/2021:00:32:42 +0000] "GET /Coche:-Hi-Fi,-GPS-y-tecnolog%C3%ADa-30473//css/Ym9vdHN0cmFwLm1pbi5jc3M6dGhlbWUuY3NzOmZvbnQtYXdlc29tZS5taW4uY3NzOmJvb3RzdHJhcC10b2dnbGUubWluLmNzczpwYWdlL2ZyZWUvZmFxLmNzcw==?v=fc92170e435349094fb71b88ed9d14fa HTTP/1.1" 200 11601 "http://www.caritas.org.mx/Coche:-Hi-Fi,-GPS-y-tecnolog%C3%ADa-30473/" "Mozilla/5.0 (Linux; Android 6.0.1; Nexus 5X Build/MMB29P) AppleWebKit/537.36 (KHTML, like Gecko) Chrome/88.0.4324.114 Mobile Safari/537.36 (compatible; Googlebot/2.1; +http://www.google.com/bot.html)"
191.95.27.239 - - [29/Jan/2021:00:32:41 +0000] "GET /Event/2018/diabetes/img/footer_logo5.png HTTP/1.1" 404 61662 "http://www.caritas.org.mx/" "Mozilla/5.0 (Linux; Android 9; moto e6 play) AppleWebKit/537.36 (KHTML, like Gecko) Chrome/85.0.4183.101 Mobile Safari/537.36"
191.95.27.239 - - [29/Jan/2021:00:32:40 +0000] "GET /Event/2018/diabetes/upload/20180308002561.jpg HTTP/1.1" 404 61687 "http://www.caritas.org.mx/" "Mozilla/5.0 (Linux; Android 9; moto e6 play) AppleWebKit/537.36 (KHTML, like Gecko) Chrome/85.0.4183.101 Mobile Safari/537.36"
191.95.27.239 - - [29/Jan/2021:00:32:41 +0000] "GET /Event/2018/diabetes/img/footer_logo1.png HTTP/1.1" 404 61662 "http://www.caritas.org.mx/" "Mozilla/5.0 (Linux; Android 9; moto e6 play) AppleWebKit/537.36 (KHTML, like Gecko) Chrome/85.0.4183.101 Mobile Safari/537.36"
66.249.65.118 - - [29/Jan/2021:00:32:46 +0000] "GET /Toma-de-aire/dist.-combustible-675580//css/Ym9vdHN0cmFwLm1pbi5jc3M6dGhlbWUuY3NzOmZvbnQtYXdlc29tZS5taW4uY3NzOmJvb3RzdHJhcC10b2dnbGUubWluLmNzczpwYWdlL2ZyZWUvZmFxLmNzcw==?v=fc92170e435349094fb71b88ed9d14fa HTTP/1.1" 200 13399 "http://www.caritas.org.mx/Toma-de-aire/dist.-combustible-675580/" "Mozilla/5.0 (Linux; Android 6.0.1; Nexus 5X Build/MMB29P) AppleWebKit/537.36 (KHTML, like Gecko) Chrome/88.0.4324.114 Mobile Safari/537.36 (compatible; Googlebot/2.1; +http://www.google.com/bot.html)"
66.249.65.118 - - [29/Jan/2021:00:32:46 +0000] "GET /Otros-494921//css/Ym9vdHN0cmFwLm1pbi5jc3M6dGhlbWUuY3NzOmZvbnQtYXdlc29tZS5taW4uY3NzOmJvb3RzdHJhcC10b2dnbGUubWluLmNzczpwYWdlL2ZyZWUvZmFxLmNzcw==?v=fc92170e435349094fb71b88ed9d14fa HTTP/1.1" 200 27867 "http://www.caritas.org.mx/Otros-494921/" "Mozilla/5.0 (Linux; Android 6.0.1; Nexus 5X Build/MMB29P) AppleWebKit/537.36 (KHTML, like Gecko) Chrome/88.0.4324.114 Mobile Safari/537.36 (compatible; Googlebot/2.1; +http://www.google.com/bot.html)"
207.148.2.58 - - [29/Jan/2021:00:32:49 +0000] "POST /wp-cron.php?doing_wp_cron=1611880369.0107300281524658203125 HTTP/1.0" 200 259 "http://www.caritas.org.mx/wp-cron.php?doing_wp_cron=1611880369.0107300281524658203125" "zgoAO3xHuus8"
191.95.27.239 - - [29/Jan/2021:00:32:41 +0000] "GET /Event/2018/diabetes/img/footer_logo4.png HTTP/1.1" 404 61662 "http://www.caritas.org.mx/" "Mozilla/5.0 (Linux; Android 9; moto e6 play) AppleWebKit/537.36 (KHTML, like Gecko) Chrome/85.0.4183.101 Mobile Safari/537.36"
223.140.1.124 - - [29/Jan/2021:00:32:49 +0000] "GET /Otros-recambios-del-motor-para-motos-859634/archives HTTP/1.1" 200 1003 "https://www.google.com/" "Mozilla/5.0 (Linux; Android 10; SAMSUNG SM-A920F) AppleWebKit/537.36 (KHTML, like Gecko) SamsungBrowser/13.2 Chrome/83.0.4103.106 Mobile Safari/537.36"
66.249.65.118 - - [29/Jan/2021:00:32:52 +0000] "GET /Motor:-piezas-y-accesorios-80174//css/Ym9vdHN0cmFwLm1pbi5jc3M6dGhlbWUuY3NzOmZvbnQtYXdlc29tZS5taW4uY3NzOmJvb3RzdHJhcC10b2dnbGUubWluLmNzczpwYWdlL2ZyZWUvZmFxLmNzcw==?v=fc92170e435349094fb71b88ed9d14fa HTTP/1.1" 200 15099 "http://www.caritas.org.mx/Motor:-piezas-y-accesorios-80174/" "Mozilla/5.0 (Linux; Android 6.0.1; Nexus 5X Build/MMB29P) AppleWebKit/537.36 (KHTML, like Gecko) Chrome/88.0.4324.114 Mobile Safari/537.36 (compatible; Googlebot/2.1; +http://www.google.com/bot.html)"
191.95.27.239 - - [29/Jan/2021:00:32:49 +0000] "GET //favicon.ico HTTP/1.1" 302 582 "http://www.caritas.org.mx/" "Mozilla/5.0 (Linux; Android 9; moto e6 play) AppleWebKit/537.36 (KHTML, like Gecko) Chrome/85.0.4183.101 Mobile Safari/537.36"
66.249.65.118 - - [29/Jan/2021:00:32:54 +0000] "GET /Cables/honda-XL-600-LM-1987-pd04-44/629081/ HTTP/1.1" 200 27002 "-" "Mozilla/5.0 (Linux; Android 6.0.1; Nexus 5X Build/MMB29P) AppleWebKit/537.36 (KHTML, like Gecko) Chrome/88.0.4324.113 Mobile Safari/537.36 (compatible; Googlebot/2.1; +http://www.google.com/bot.html)"
66.249.65.118 - - [29/Jan/2021:00:32:57 +0000] "GET /97099//826440.php/ns.html?id=GTM-T9CDS8 HTTP/1.1" 200 26628 "-" "Mozilla/5.0 (Linux; Android 6.0.1; Nexus 5X Build/MMB29P) AppleWebKit/537.36 (KHTML, like Gecko) Chrome/88.0.4324.113 Mobile Safari/537.36 (compatible; Googlebot/2.1; +http://www.google.com/bot.html)"
66.249.65.118 - - [29/Jan/2021:00:32:58 +0000] "GET /Luces-de-matr%C3%ADcula/Original-Volvo-placa-de-matr%C3%ADcula-trasera-L%C3%A1mpara-Luz-Lente/242837/ HTTP/1.1" 200 14652 "-" "Mozilla/5.0 (compatible; Googlebot/2.1; +http://www.google.com/bot.html)"
66.249.65.118 - - [29/Jan/2021:00:32:59 +0000] "GET /97099//826440.php/ns.html?id=GTM-T9CDS8/css/Ym9vdHN0cmFwLm1pbi5jc3M6dGhlbWUuY3NzOmZvbnQtYXdlc29tZS5taW4uY3NzOmJvb3RzdHJhcC10b2dnbGUubWluLmNzczpwYWdlL2ZyZWUvZmFxLmNzcw==?v=fc92170e435349094fb71b88ed9d14fa HTTP/1.1" 200 25949 "http://www.caritas.org.mx/97099//826440.php/ns.html?id=GTM-T9CDS8" "Mozilla/5.0 (Linux; Android 6.0.1; Nexus 5X Build/MMB29P) AppleWebKit/537.36 (KHTML, like Gecko) Chrome/88.0.4324.114 Mobile Safari/537.36 (compatible; Googlebot/2.1; +http://www.google.com/bot.html)"
66.249.65.118 - - [29/Jan/2021:00:33:01 +0000] "GET /20210120/-3514/archives HTTP/1.1" 200 14266 "-" "Mozilla/5.0 (compatible; Googlebot/2.1; +http://www.google.com/bot.html)"
66.249.65.118 - - [29/Jan/2021:00:33:05 +0000] "GET /upload/shop/a74e1bf4c205cfc14e345beca6f5a91b.jpg HTTP/1.1" 200 18127 "-" "Googlebot-Image/1.0"
187.190.31.218 - - [29/Jan/2021:00:33:04 +0000] "GET /area/banco-de-ropa-y-articulos-varios/ HTTP/1.0" 200 16489 "https://www.caritas.org.mx/" "Mozilla/5.0 (iPhone; CPU iPhone OS 14_3 like Mac OS X) AppleWebKit/605.1.15 (KHTML, like Gecko) Version/14.0.2 Mobile/15E148 Safari/604.1"
66.249.65.118 - - [29/Jan/2021:00:33:08 +0000] "GET /20210129/-8822/GALEMED.html HTTP/1.1" 200 13349 "-" "Mozilla/5.0 (Linux; Android 6.0.1; Nexus 5X Build/MMB29P) AppleWebKit/537.36 (KHTML, like Gecko) Chrome/88.0.4324.113 Mobile Safari/537.36 (compatible; Googlebot/2.1; +http://www.google.com/bot.html)"
66.249.65.118 - - [29/Jan/2021:00:33:09 +0000] "GET /Cables/honda-XL-600-LM-1987-pd04-44/629081//css/Ym9vdHN0cmFwLm1pbi5jc3M6dGhlbWUuY3NzOmZvbnQtYXdlc29tZS5taW4uY3NzOmJvb3RzdHJhcC10b2dnbGUubWluLmNzczpwYWdlL2ZyZWUvZmFxLmNzcw==?v=fc92170e435349094fb71b88ed9d14fa HTTP/1.1" 200 27786 "http://www.caritas.org.mx/Cables/honda-XL-600-LM-1987-pd04-44/629081/" "Mozilla/5.0 (Linux; Android 6.0.1; Nexus 5X Build/MMB29P) AppleWebKit/537.36 (KHTML, like Gecko) Chrome/88.0.4324.114 Mobile Safari/537.36 (compatible; Googlebot/2.1; +http://www.google.com/bot.html)"
66.249.65.118 - - [29/Jan/2021:00:33:10 +0000] "GET /Cajas/s12l7-incl-para-kicker-subwoofer-sustancia-de/13524/ HTTP/1.1" 200 11394 "-" "Mozilla/5.0 (Linux; Android 6.0.1; Nexus 5X Build/MMB29P) AppleWebKit/537.36 (KHTML, like Gecko) Chrome/88.0.4324.113 Mobile Safari/537.36 (compatible; Googlebot/2.1; +http://www.google.com/bot.html)"
66.249.65.118 - - [29/Jan/2021:00:33:13 +0000] "GET /Cajas/s12l7-incl-para-kicker-subwoofer-sustancia-de/13524//css/Ym9vdHN0cmFwLm1pbi5jc3M6dGhlbWUuY3NzOmZvbnQtYXdlc29tZS5taW4uY3NzOmJvb3RzdHJhcC10b2dnbGUubWluLmNzczpwYWdlL2ZyZWUvZmFxLmNzcw==?v=fc92170e435349094fb71b88ed9d14fa HTTP/1.1" 200 12420 "http://www.caritas.org.mx/Cajas/s12l7-incl-para-kicker-subwoofer-sustancia-de/13524/" "Mozilla/5.0 (Linux; Android 6.0.1; Nexus 5X Build/MMB29P) AppleWebKit/537.36 (KHTML, like Gecko) Chrome/88.0.4324.114 Mobile Safari/537.36 (compatible; Googlebot/2.1; +http://www.google.com/bot.html)"
66.249.65.118 - - [29/Jan/2021:00:33:15 +0000] "GET /Motor:-piezas-y-accesorios-714621//css/Ym9vdHN0cmFwLm1pbi5jc3M6dGhlbWUuY3NzOmZvbnQtYXdlc29tZS5taW4uY3NzOmJvb3RzdHJhcC10b2dnbGUubWluLmNzczpwYWdlL2ZyZWUvZmFxLmNzcw==?v=fc92170e435349094fb71b88ed9d14fa HTTP/1.1" 200 28538 "http://www.caritas.org.mx/Motor:-piezas-y-accesorios-714621/" "Mozilla/5.0 (Linux; Android 6.0.1; Nexus 5X Build/MMB29P) AppleWebKit/537.36 (KHTML, like Gecko) Chrome/88.0.4324.114 Mobile Safari/537.36 (compatible; Googlebot/2.1; +http://www.google.com/bot.html)"
66.249.65.118 - - [29/Jan/2021:00:33:20 +0000] "GET /48165//741325877.jsp HTTP/1.1" 200 27499 "-" "Mozilla/5.0 (Linux; Android 6.0.1; Nexus 5X Build/MMB29P) AppleWebKit/537.36 (KHTML, like Gecko) Chrome/88.0.4324.118 Mobile Safari/537.36 (compatible; Googlebot/2.1; +http://www.google.com/bot.html)"
66.249.65.118 - - [29/Jan/2021:00:33:20 +0000] "GET /Coches:-recambios-148833/ HTTP/1.1" 200 15590 "-" "Mozilla/5.0 (Linux; Android 6.0.1; Nexus 5X Build/MMB29P) AppleWebKit/537.36 (KHTML, like Gecko) Chrome/88.0.4324.113 Mobile Safari/537.36 (compatible; Googlebot/2.1; +http://www.google.com/bot.html)"
66.249.65.118 - - [29/Jan/2021:00:33:22 +0000] "GET /Otros/de-enlace-nonturbo-a-Saab/188783/editors/css/Ym9vdHN0cmFwLm1pbi5jc3M6dGhlbWUuY3NzOmZvbnQtYXdlc29tZS5taW4uY3NzOmJvb3RzdHJhcC10b2dnbGUubWluLmNzczpwYWdlL2ZyZWUvZmFxLmNzcw==?v=fc92170e435349094fb71b88ed9d14fa HTTP/1.1" 200 21948 "http://www.caritas.org.mx/Otros/de-enlace-nonturbo-a-Saab/188783/editors" "Mozilla/5.0 (Linux; Android 6.0.1; Nexus 5X Build/MMB29P) AppleWebKit/537.36 (KHTML, like Gecko) Chrome/88.0.4324.114 Mobile Safari/537.36 (compatible; Googlebot/2.1; +http://www.google.com/bot.html)"
66.249.65.118 - - [29/Jan/2021:00:33:24 +0000] "GET /Soportes-para-instrumentos/de-tac%C3%B3metro-elDash-Opel-Corsa-B-Tigra-a/518389//ns.html?id=GTM-T9CDS8/css/Ym9vdHN0cmFwLm1pbi5jc3M6dGhlbWUuY3NzOmZvbnQtYXdlc29tZS5taW4uY3NzOmJvb3RzdHJhcC10b2dnbGUubWluLmNzczpwYWdlL2ZyZWUvZmFxLmNzcw==?v=fc92170e435349094fb71b88ed9d14fa HTTP/1.1" 200 10638 "http://www.caritas.org.mx/Soportes-para-instrumentos/de-tac%C3%B3metro-elDash-Opel-Corsa-B-Tigra-a/518389//ns.html?id=GTM-T9CDS8" "Mozilla/5.0 (Linux; Android 6.0.1; Nexus 5X Build/MMB29P) AppleWebKit/537.36 (KHTML, like Gecko) Chrome/88.0.4324.114 Mobile Safari/537.36 (compatible; Googlebot/2.1; +http://www.google.com/bot.html)"
54.36.148.65 - - [29/Jan/2021:00:33:24 +0000] "GET /area/casos/%25filename%CAtegory/xslqs/page/25 HTTP/1.1" 404 45701 "-" "Mozilla/5.0 (compatible; AhrefsBot/7.0; +http://ahrefs.com/robot/)"
66.249.65.118 - - [29/Jan/2021:00:33:25 +0000] "GET /php-45966/747.asp/css/Ym9vdHN0cmFwLm1pbi5jc3M6dGhlbWUuY3NzOmZvbnQtYXdlc29tZS5taW4uY3NzOmJvb3RzdHJhcC10b2dnbGUubWluLmNzczpwYWdlL2ZyZWUvZmFxLmNzcw==?v=fc92170e435349094fb71b88ed9d14fa HTTP/1.1" 200 7854 "http://www.caritas.org.mx/php-45966/747.asp" "Mozilla/5.0 (Linux; Android 6.0.1; Nexus 5X Build/MMB29P) AppleWebKit/537.36 (KHTML, like Gecko) Chrome/88.0.4324.114 Mobile Safari/537.36 (compatible; Googlebot/2.1; +http://www.google.com/bot.html)"
66.249.65.118 - - [29/Jan/2021:00:33:25 +0000] "GET /Filtros-de-aire-para-motos/%C3%A0-air-chrom%C3%A9-D57mm-avec-protection-Neuf-moto/864354/ HTTP/1.1" 200 11075 "-" "Mozilla/5.0 (Linux; Android 6.0.1; Nexus 5X Build/MMB29P) AppleWebKit/537.36 (KHTML, like Gecko) Chrome/88.0.4324.113 Mobile Safari/537.36 (compatible; Googlebot/2.1; +http://www.google.com/bot.html)"
66.249.65.118 - - [29/Jan/2021:00:33:26 +0000] "GET /Otros/de-pinzas-850a-bater%C3%ADa-borna-polzange-bater%C3%ADa/726961//members/css/Ym9vdHN0cmFwLm1pbi5jc3M6dGhlbWUuY3NzOmZvbnQtYXdlc29tZS5taW4uY3NzOmJvb3RzdHJhcC10b2dnbGUubWluLmNzczpwYWdlL2ZyZWUvZmFxLmNzcw==?v=fc92170e435349094fb71b88ed9d14fa HTTP/1.1" 200 17321 "http://www.caritas.org.mx/Otros/de-pinzas-850a-bater%C3%ADa-borna-polzange-bater%C3%ADa/726961//members" "Mozilla/5.0 (Linux; Android 6.0.1; Nexus 5X Build/MMB29P) AppleWebKit/537.36 (KHTML, like Gecko) Chrome/88.0.4324.114 Mobile Safari/537.36 (compatible; Googlebot/2.1; +http://www.google.com/bot.html)"
66.249.65.118 - - [29/Jan/2021:00:33:28 +0000] "GET /Otros/de-corte-Pegatina-HASTA-QUE-LA-GRUA-NOS-SEPARE/53659//2015/15/30232/outsider-club-logo-100x100.png HTTP/1.1" 200 15400 "-" "Googlebot-Image/1.0"
66.249.65.118 - - [29/Jan/2021:00:33:29 +0000] "GET /Otros/expansi%C3%B3n-Tuerca-Recortar-Clips-Ford-Parachoques/203413/contact HTTP/1.1" 200 9084 "-" "Mozilla/5.0 (compatible; Googlebot/2.1; +http://www.google.com/bot.html)"
66.249.65.118 - - [29/Jan/2021:00:33:30 +0000] "GET /littletoughd-suizan-p-scratch/market108790835/ HTTP/1.1" 200 11548 "-" "Mozilla/5.0 (Linux; Android 6.0.1; Nexus 5X Build/MMB29P) AppleWebKit/537.36 (KHTML, like Gecko) Chrome/88.0.4324.113 Mobile Safari/537.36 (compatible; Googlebot/2.1; +http://www.google.com/bot.html)"
66.249.65.118 - - [29/Jan/2021:00:33:30 +0000] "GET /blog-post?ID=20711&DATE=20210129/css/Ym9vdHN0cmFwLm1pbi5jc3M6dGhlbWUuY3NzOmZvbnQtYXdlc29tZS5taW4uY3NzOmJvb3RzdHJhcC10b2dnbGUubWluLmNzczpwYWdlL2ZyZWUvZmFxLmNzcw==?v=fc92170e435349094fb71b88ed9d14fa HTTP/1.1" 200 24584 "http://www.caritas.org.mx/blog-post?ID=20711&DATE=20210129" "Mozilla/5.0 (Linux; Android 6.0.1; Nexus 5X Build/MMB29P) AppleWebKit/537.36 (KHTML, like Gecko) Chrome/88.0.4324.114 Mobile Safari/537.36 (compatible; Googlebot/2.1; +http://www.google.com/bot.html)"
13.66.139.146 - - [29/Jan/2021:00:33:32 +0000] "GET /sitemapmobile53.xml HTTP/1.1" 200 13337 "-" "Mozilla/5.0 (compatible; bingbot/2.0; +http://www.bing.com/bingbot.htm)"
13.66.139.146 - - [29/Jan/2021:00:33:32 +0000] "GET /sitemapimages551.xml HTTP/1.1" 200 18748 "-" "Mozilla/5.0 (compatible; bingbot/2.0; +http://www.bing.com/bingbot.htm)"
66.249.65.118 - - [29/Jan/2021:00:33:32 +0000] "GET /20210129/-10426/PHARMASCIENCE_INC.jsp/css/Ym9vdHN0cmFwLm1pbi5jc3M6dGhlbWUuY3NzOmZvbnQtYXdlc29tZS5taW4uY3NzOmJvb3RzdHJhcC10b2dnbGUubWluLmNzczpwYWdlL2ZyZWUvZmFxLmNzcw==?v=fc92170e435349094fb71b88ed9d14fa HTTP/1.1" 200 14175 "http://www.caritas.org.mx/20210129/-10426/PHARMASCIENCE_INC.jsp" "Mozilla/5.0 (Linux; Android 6.0.1; Nexus 5X Build/MMB29P) AppleWebKit/537.36 (KHTML, like Gecko) Chrome/88.0.4324.114 Mobile Safari/537.36 (compatible; Googlebot/2.1; +http://www.google.com/bot.html)"
187.190.31.218 - - [29/Jan/2021:00:33:32 +0000] "GET /donde-donar-ropa-usada/ HTTP/1.0" 200 22234 "https://www.caritas.org.mx/area/banco-de-ropa-y-articulos-varios/" "Mozilla/5.0 (iPhone; CPU iPhone OS 14_3 like Mac OS X) AppleWebKit/605.1.15 (KHTML, like Gecko) Version/14.0.2 Mobile/15E148 Safari/604.1"
66.249.65.118 - - [29/Jan/2021:00:33:39 +0000] "GET /63364wt562.htm HTTP/1.1" 200 13952 "-" "Mozilla/5.0 (Linux; Android 6.0.1; Nexus 5X Build/MMB29P) AppleWebKit/537.36 (KHTML, like Gecko) Chrome/88.0.4324.118 Mobile Safari/537.36 (compatible; Googlebot/2.1; +http://www.google.com/bot.html)"
66.249.65.118 - - [29/Jan/2021:00:33:41 +0000] "GET /40054pq98 HTTP/1.1" 200 24040 "-" "Mozilla/5.0 (Linux; Android 6.0.1; Nexus 5X Build/MMB29P) AppleWebKit/537.36 (KHTML, like Gecko) Chrome/88.0.4324.113 Mobile Safari/537.36 (compatible; Googlebot/2.1; +http://www.google.com/bot.html)"
66.249.65.118 - - [29/Jan/2021:00:33:43 +0000] "GET /Motores-y-piezas-632314//ns.html?id=GTM-T9CDS8 HTTP/1.1" 200 23158 "-" "Mozilla/5.0 (Linux; Android 6.0.1; Nexus 5X Build/MMB29P) AppleWebKit/537.36 (KHTML, like Gecko) Chrome/88.0.4324.113 Mobile Safari/537.36 (compatible; Googlebot/2.1; +http://www.google.com/bot.html)"
66.249.65.118 - - [29/Jan/2021:00:33:45 +0000] "GET /Otros-18237//2015/15/30232/outsider-club-logo-100x100.png HTTP/1.1" 200 15006 "-" "Googlebot-Image/1.0"
66.249.65.118 - - [29/Jan/2021:00:33:47 +0000] "GET /Alternadores-y-piezas/Cabstar-Pickup-otros-Regulador-de/156122/ HTTP/1.1" 200 12836 "-" "Mozilla/5.0 (compatible; Googlebot/2.1; +http://www.google.com/bot.html)"
66.249.65.118 - - [29/Jan/2021:00:33:49 +0000] "GET /Juntas-y-cierres-de-motor/0650-Cc-Honda-Nx-650-K-Dominator/640126/ HTTP/1.1" 200 11481 "-" "Mozilla/5.0 (Linux; Android 6.0.1; Nexus 5X Build/MMB29P) AppleWebKit/537.36 (KHTML, like Gecko) Chrome/88.0.4324.118 Mobile Safari/537.36 (compatible; Googlebot/2.1; +http://www.google.com/bot.html)"
66.249.65.118 - - [29/Jan/2021:00:33:50 +0000] "GET /63364wt562.htm/css/Ym9vdHN0cmFwLm1pbi5jc3M6dGhlbWUuY3NzOmZvbnQtYXdlc29tZS5taW4uY3NzOmJvb3RzdHJhcC10b2dnbGUubWluLmNzczpwYWdlL2ZyZWUvZmFxLmNzcw==?v=fc92170e435349094fb71b88ed9d14fa HTTP/1.1" 200 14614 "http://www.caritas.org.mx/63364wt562.htm" "Mozilla/5.0 (Linux; Android 6.0.1; Nexus 5X Build/MMB29P) AppleWebKit/537.36 (KHTML, like Gecko) Chrome/88.0.4324.114 Mobile Safari/537.36 (compatible; Googlebot/2.1; +http://www.google.com/bot.html)"
66.249.65.118 - - [29/Jan/2021:00:33:53 +0000] "GET /Motor:-piezas-y-accesorios-24193//favicon.ico HTTP/1.1" 200 17341 "-" "Googlebot-Image/1.0"
66.249.65.118 - - [29/Jan/2021:00:33:55 +0000] "GET /Coches:-tuning-y-styling-483007/archives HTTP/1.1" 200 10247 "-" "Mozilla/5.0 (Linux; Android 6.0.1; Nexus 5X Build/MMB29P) AppleWebKit/537.36 (KHTML, like Gecko) Chrome/88.0.4324.113 Mobile Safari/537.36 (compatible; Googlebot/2.1; +http://www.google.com/bot.html)"
66.249.65.118 - - [29/Jan/2021:00:33:57 +0000] "GET /blog-post?ID=14316&DATE=20210129/css/Ym9vdHN0cmFwLm1pbi5jc3M6dGhlbWUuY3NzOmZvbnQtYXdlc29tZS5taW4uY3NzOmJvb3RzdHJhcC10b2dnbGUubWluLmNzczpwYWdlL2ZyZWUvZmFxLmNzcw==?v=fc92170e435349094fb71b88ed9d14fa HTTP/1.1" 200 11330 "http://www.caritas.org.mx/blog-post?ID=14316&DATE=20210129" "Mozilla/5.0 (Linux; Android 6.0.1; Nexus 5X Build/MMB29P) AppleWebKit/537.36 (KHTML, like Gecko) Chrome/88.0.4324.114 Mobile Safari/537.36 (compatible; Googlebot/2.1; +http://www.google.com/bot.html)"
66.249.65.118 - - [29/Jan/2021:00:33:58 +0000] "GET /Rodamientos-aros-y-casquillos/Suzuki-Ts-185-er-19791981/579716/ HTTP/1.1" 200 15345 "-" "Mozilla/5.0 (Linux; Android 6.0.1; Nexus 5X Build/MMB29P) AppleWebKit/537.36 (KHTML, like Gecko) Chrome/88.0.4324.118 Mobile Safari/537.36 (compatible; Googlebot/2.1; +http://www.google.com/bot.html)"
66.249.65.118 - - [29/Jan/2021:00:34:01 +0000] "GET /Coches:-tuning-y-styling-483007/archives/css/Ym9vdHN0cmFwLm1pbi5jc3M6dGhlbWUuY3NzOmZvbnQtYXdlc29tZS5taW4uY3NzOmJvb3RzdHJhcC10b2dnbGUubWluLmNzczpwYWdlL2ZyZWUvZmFxLmNzcw==?v=fc92170e435349094fb71b88ed9d14fa HTTP/1.1" 200 14391 "http://www.caritas.org.mx/Coches:-tuning-y-styling-483007/archives" "Mozilla/5.0 (Linux; Android 6.0.1; Nexus 5X Build/MMB29P) AppleWebKit/537.36 (KHTML, like Gecko) Chrome/88.0.4324.114 Mobile Safari/537.36 (compatible; Googlebot/2.1; +http://www.google.com/bot.html)"
13.66.139.11 - - [29/Jan/2021:00:34:02 +0000] "GET /area/casos/feed/ HTTP/1.0" 200 11173 "-" "Mozilla/5.0 (compatible; bingbot/2.0; +http://www.bing.com/bingbot.htm)"
66.249.65.118 - - [29/Jan/2021:00:34:09 +0000] "GET /ECUs/Centralitas-158957/ HTTP/1.1" 200 14217 "-" "Mozilla/5.0 (Linux; Android 6.0.1; Nexus 5X Build/MMB29P) AppleWebKit/537.36 (KHTML, like Gecko) Chrome/88.0.4324.113 Mobile Safari/537.36 (compatible; Googlebot/2.1; +http://www.google.com/bot.html)"
66.249.65.118 - - [29/Jan/2021:00:34:13 +0000] "GET /Inyectores-piezas/vac%C3%ADo-de-combustible-bomba-bomba-t%C3%A1ndem-boquilla/91850//ns.html?id=GTM-T9CDS8 HTTP/1.1" 200 20211 "-" "Mozilla/5.0 (Linux; Android 6.0.1; Nexus 5X Build/MMB29P) AppleWebKit/537.36 (KHTML, like Gecko) Chrome/88.0.4324.113 Mobile Safari/537.36 (compatible; Googlebot/2.1; +http://www.google.com/bot.html)"
66.249.65.118 - - [29/Jan/2021:00:34:18 +0000] "GET /Motos:-recambios-595469//css/Ym9vdHN0cmFwLm1pbi5jc3M6dGhlbWUuY3NzOmZvbnQtYXdlc29tZS5taW4uY3NzOmJvb3RzdHJhcC10b2dnbGUubWluLmNzczpwYWdlL2ZyZWUvZmFxLmNzcw==?v=fc92170e435349094fb71b88ed9d14fa HTTP/1.1" 200 7966 "http://www.caritas.org.mx/Motos:-recambios-595469/" "Mozilla/5.0 (Linux; Android 6.0.1; Nexus 5X Build/MMB29P) AppleWebKit/537.36 (KHTML, like Gecko) Chrome/88.0.4324.114 Mobile Safari/537.36 (compatible; Googlebot/2.1; +http://www.google.com/bot.html)"
66.249.65.100 - - [29/Jan/2021:00:34:18 +0000] "GET /advanceworksofficemarket-hako-bune/market10593326.QKx HTTP/1.1" 200 13967 "-" "Mozilla/5.0 (Linux; Android 6.0.1; Nexus 5X Build/MMB29P) AppleWebKit/537.36 (KHTML, like Gecko) Chrome/88.0.4324.113 Mobile Safari/537.36 (compatible; Googlebot/2.1; +http://www.google.com/bot.html)"
66.249.65.118 - - [29/Jan/2021:00:34:19 +0000] "GET /Luces-de-matr%C3%ADcula/Original-Volvo-placa-de-matr%C3%ADcula-trasera-L%C3%A1mpara-Luz-Lente/242837//css/Ym9vdHN0cmFwLm1pbi5jc3M6dGhlbWUuY3NzOmZvbnQtYXdlc29tZS5taW4uY3NzOmJvb3RzdHJhcC10b2dnbGUubWluLmNzczpwYWdlL2ZyZWUvZmFxLmNzcw==?v=fc92170e435349094fb71b88ed9d14fa HTTP/1.1" 200 19789 "http://www.caritas.org.mx/Luces-de-matr%C3%ADcula/Original-Volvo-placa-de-matr%C3%ADcula-trasera-L%C3%A1mpara-Luz-Lente/242837/" "Mozilla/5.0 AppleWebKit/537.36 (KHTML, like Gecko; compatible; Googlebot/2.1; +http://www.google.com/bot.html) Chrome/88.0.4324.114 Safari/537.36"
66.249.65.118 - - [29/Jan/2021:00:34:20 +0000] "GET /Discos-de-freno/Chevrolet-Captiva-Opel-Antara-2-Febi/268221//css/Ym9vdHN0cmFwLm1pbi5jc3M6dGhlbWUuY3NzOmZvbnQtYXdlc29tZS5taW4uY3NzOmJvb3RzdHJhcC10b2dnbGUubWluLmNzczpwYWdlL2ZyZWUvZmFxLmNzcw==?v=fc92170e435349094fb71b88ed9d14fa HTTP/1.1" 200 22434 "http://www.caritas.org.mx/Discos-de-freno/Chevrolet-Captiva-Opel-Antara-2-Febi/268221/" "Mozilla/5.0 (Linux; Android 6.0.1; Nexus 5X Build/MMB29P) AppleWebKit/537.36 (KHTML, like Gecko) Chrome/88.0.4324.114 Mobile Safari/537.36 (compatible; Googlebot/2.1; +http://www.google.com/bot.html)"
66.249.65.118 - - [29/Jan/2021:00:34:20 +0000] "GET /Motos:-recambios-588520//2015/15/30232/outsider-club-logo-100x100.png HTTP/1.1" 200 13968 "-" "Googlebot-Image/1.0"
66.249.65.100 - - [29/Jan/2021:00:34:23 +0000] "GET /advanceworksofficemarket-hako-bune/market106002364.QKx HTTP/1.1" 200 24532 "-" "Mozilla/5.0 (Linux; Android 6.0.1; Nexus 5X Build/MMB29P) AppleWebKit/537.36 (KHTML, like Gecko) Chrome/88.0.4324.113 Mobile Safari/537.36 (compatible; Googlebot/2.1; +http://www.google.com/bot.html)"
66.249.65.118 - - [29/Jan/2021:00:34:26 +0000] "GET /Aletas-y-paneles-laterales/Radhausschale-delantero-izquierdo-para-mercedes/109925/members HTTP/1.1" 200 24068 "-" "Mozilla/5.0 (compatible; Googlebot/2.1; +http://www.google.com/bot.html)"
66.249.65.118 - - [29/Jan/2021:00:34:27 +0000] "GET /Silenciadores/Medios-silenciador/220858/ HTTP/1.1" 200 23492 "-" "Mozilla/5.0 (compatible; Googlebot/2.1; +http://www.google.com/bot.html)"
66.249.65.118 - - [29/Jan/2021:00:34:32 +0000] "GET /Faros-y-luces-indicadoras-225420/ HTTP/1.1" 200 17525 "-" "Mozilla/5.0 (compatible; Googlebot/2.1; +http://www.google.com/bot.html)"
66.249.65.118 - - [29/Jan/2021:00:34:36 +0000] "GET /Pegatinas-y-calcoman%C3%ADas/Gas-gas-trial-BikeMoto-calcoman%C3%ADasPegatinas/551131/ HTTP/1.1" 200 13057 "-" "Mozilla/5.0 (Linux; Android 6.0.1; Nexus 5X Build/MMB29P) AppleWebKit/537.36 (KHTML, like Gecko) Chrome/88.0.4324.118 Mobile Safari/537.36 (compatible; Googlebot/2.1; +http://www.google.com/bot.html)"
66.249.65.118 - - [29/Jan/2021:00:34:37 +0000] "GET /Bombillas-y-leds-para-coches/Land-Rover-RANGE-ROVER-SPORT-LS-H7-Osram-Cool/805811//css/Ym9vdHN0cmFwLm1pbi5jc3M6dGhlbWUuY3NzOmZvbnQtYXdlc29tZS5taW4uY3NzOmJvb3RzdHJhcC10b2dnbGUubWluLmNzczpwYWdlL2ZyZWUvZmFxLmNzcw==?v=fc92170e435349094fb71b88ed9d14fa HTTP/1.1" 200 9488 "http://www.caritas.org.mx/Bombillas-y-leds-para-coches/Land-Rover-RANGE-ROVER-SPORT-LS-H7-Osram-Cool/805811/" "Mozilla/5.0 (Linux; Android 6.0.1; Nexus 5X Build/MMB29P) AppleWebKit/537.36 (KHTML, like Gecko) Chrome/88.0.4324.114 Mobile Safari/537.36 (compatible; Googlebot/2.1; +http://www.google.com/bot.html)"
40.77.167.24 - - [29/Jan/2021:00:34:40 +0000] "GET /Pastillas-freno-856479/ HTTP/1.1" 200 8279 "-" "Mozilla/5.0 (compatible; bingbot/2.0; +http://www.bing.com/bingbot.htm)"
66.249.65.118 - - [29/Jan/2021:00:34:40 +0000] "GET /_96463 HTTP/1.1" 200 12634 "-" "Mozilla/5.0 (Linux; Android 6.0.1; Nexus 5X Build/MMB29P) AppleWebKit/537.36 (KHTML, like Gecko) Chrome/88.0.4324.113 Mobile Safari/537.36 (compatible; Googlebot/2.1; +http://www.google.com/bot.html)"
66.249.65.118 - - [29/Jan/2021:00:34:41 +0000] "GET /Silenciadores/Medios-silenciador/220858//css/Ym9vdHN0cmFwLm1pbi5jc3M6dGhlbWUuY3NzOmZvbnQtYXdlc29tZS5taW4uY3NzOmJvb3RzdHJhcC10b2dnbGUubWluLmNzczpwYWdlL2ZyZWUvZmFxLmNzcw==?v=fc92170e435349094fb71b88ed9d14fa HTTP/1.1" 200 11654 "http://www.caritas.org.mx/Silenciadores/Medios-silenciador/220858/" "Mozilla/5.0 AppleWebKit/537.36 (KHTML, like Gecko; compatible; Googlebot/2.1; +http://www.google.com/bot.html) Chrome/88.0.4324.114 Safari/537.36"
66.249.65.118 - - [29/Jan/2021:00:34:44 +0000] "GET /Motor:-piezas-y-accesorios-757110/ HTTP/1.1" 200 10054 "-" "Mozilla/5.0 (Linux; Android 6.0.1; Nexus 5X Build/MMB29P) AppleWebKit/537.36 (KHTML, like Gecko) Chrome/88.0.4324.113 Mobile Safari/537.36 (compatible; Googlebot/2.1; +http://www.google.com/bot.html)"
66.249.65.118 - - [29/Jan/2021:00:34:45 +0000] "GET /Alfombrillas-y-moquetas/personalizado-Mercedes-Clase-B-piso-elevado/190605/ HTTP/1.1" 200 8697 "-" "Mozilla/5.0 (Linux; Android 6.0.1; Nexus 5X Build/MMB29P) AppleWebKit/537.36 (KHTML, like Gecko) Chrome/88.0.4324.118 Mobile Safari/537.36 (compatible; Googlebot/2.1; +http://www.google.com/bot.html)"
157.55.39.78 - - [29/Jan/2021:00:34:45 +0000] "GET /Barras-de-techo-y-bacas/Tema-per-CITROEN-BERLINGO-5p-dal-2008-in/59651/ HTTP/1.1" 200 14162 "-" "Mozilla/5.0 (compatible; bingbot/2.0; +http://www.bing.com/bingbot.htm)"
66.249.65.118 - - [29/Jan/2021:00:34:46 +0000] "GET /Otros/de-2A3A5A75A10A15A20A25A-Caja-100-fusibles/53425//2015/15/30232/outsider-club-logo-100x100.png HTTP/1.1" 200 17846 "-" "Googlebot-Image/1.0"
187.190.31.218 - - [29/Jan/2021:00:34:47 +0000] "GET /donativo-en-especie/ HTTP/1.0" 200 14168 "https://www.caritas.org.mx/area/banco-de-ropa-y-articulos-varios/" "Mozilla/5.0 (iPhone; CPU iPhone OS 14_3 like Mac OS X) AppleWebKit/605.1.15 (KHTML, like Gecko) Version/14.0.2 Mobile/15E148 Safari/604.1"
66.249.65.113 - - [29/Jan/2021:00:34:49 +0000] "GET /yushare-keiandk/www.caritas.org.mx/wp-content/uploads/2015/08/250img_0224_r2_c2_r2_c4.jpg HTTP/1.1" 200 19449 "-" "Googlebot-Image/1.0"
66.249.65.118 - - [29/Jan/2021:00:34:53 +0000] "GET /Separadores-de-rueda/Trak-4055665-Wheel-spacers/70358/members HTTP/1.1" 200 9151 "-" "Mozilla/5.0 (Linux; Android 6.0.1; Nexus 5X Build/MMB29P) AppleWebKit/537.36 (KHTML, like Gecko) Chrome/88.0.4324.113 Mobile Safari/537.36 (compatible; Googlebot/2.1; +http://www.google.com/bot.html)"
66.249.65.118 - - [29/Jan/2021:00:34:54 +0000] "GET /Otros/direcci%C3%B3n-asistida-jeep-zjzg-Grand-Cherokee-9396-Juego/425086//css/Ym9vdHN0cmFwLm1pbi5jc3M6dGhlbWUuY3NzOmZvbnQtYXdlc29tZS5taW4uY3NzOmJvb3RzdHJhcC10b2dnbGUubWluLmNzczpwYWdlL2ZyZWUvZmFxLmNzcw==?v=fc92170e435349094fb71b88ed9d14fa HTTP/1.1" 200 11790 "http://www.caritas.org.mx/Otros/direcci%C3%B3n-asistida-jeep-zjzg-Grand-Cherokee-9396-Juego/425086/" "Mozilla/5.0 AppleWebKit/537.36 (KHTML, like Gecko; compatible; Googlebot/2.1; +http://www.google.com/bot.html) Chrome/88.0.4324.114 Safari/537.36"
66.249.65.118 - - [29/Jan/2021:00:34:55 +0000] "GET /Coches:-recambios-100962/ HTTP/1.1" 200 18163 "-" "Mozilla/5.0 (compatible; Googlebot/2.1; +http://www.google.com/bot.html)"
66.249.65.118 - - [29/Jan/2021:00:34:56 +0000] "GET /Coches:-recambios-148833//css/Ym9vdHN0cmFwLm1pbi5jc3M6dGhlbWUuY3NzOmZvbnQtYXdlc29tZS5taW4uY3NzOmJvb3RzdHJhcC10b2dnbGUubWluLmNzczpwYWdlL2ZyZWUvZmFxLmNzcw==?v=fc92170e435349094fb71b88ed9d14fa HTTP/1.1" 200 14481 "http://www.caritas.org.mx/Coches:-recambios-148833/" "Mozilla/5.0 (Linux; Android 6.0.1; Nexus 5X Build/MMB29P) AppleWebKit/537.36 (KHTML, like Gecko) Chrome/88.0.4324.114 Mobile Safari/537.36 (compatible; Googlebot/2.1; +http://www.google.com/bot.html)"
66.249.65.100 - - [29/Jan/2021:00:34:57 +0000] "GET /advanceworksofficemarket-hako-bune/market102986599.QKx HTTP/1.1" 200 16863 "-" "Mozilla/5.0 (Linux; Android 6.0.1; Nexus 5X Build/MMB29P) AppleWebKit/537.36 (KHTML, like Gecko) Chrome/88.0.4324.113 Mobile Safari/537.36 (compatible; Googlebot/2.1; +http://www.google.com/bot.html)"
66.249.65.118 - - [29/Jan/2021:00:34:59 +0000] "GET /Otros/Fit-Caterham-PF8902-Powerflex-Peque%C3%B1o/541433//css/Ym9vdHN0cmFwLm1pbi5jc3M6dGhlbWUuY3NzOmZvbnQtYXdlc29tZS5taW4uY3NzOmJvb3RzdHJhcC10b2dnbGUubWluLmNzczpwYWdlL2ZyZWUvZmFxLmNzcw==?v=fc92170e435349094fb71b88ed9d14fa HTTP/1.1" 200 14310 "http://www.caritas.org.mx/Otros/Fit-Caterham-PF8902-Powerflex-Peque%C3%B1o/541433/" "Mozilla/5.0 (Linux; Android 6.0.1; Nexus 5X Build/MMB29P) AppleWebKit/537.36 (KHTML, like Gecko) Chrome/88.0.4324.114 Mobile Safari/537.36 (compatible; Googlebot/2.1; +http://www.google.com/bot.html)"
66.249.65.118 - - [29/Jan/2021:00:34:59 +0000] "GET /Juntas-y-cierres-de-motor/0650-Cc-Honda-Nx-650-K-Dominator/640126//css/Ym9vdHN0cmFwLm1pbi5jc3M6dGhlbWUuY3NzOmZvbnQtYXdlc29tZS5taW4uY3NzOmJvb3RzdHJhcC10b2dnbGUubWluLmNzczpwYWdlL2ZyZWUvZmFxLmNzcw==?v=fc92170e435349094fb71b88ed9d14fa HTTP/1.1" 200 12741 "http://www.caritas.org.mx/Juntas-y-cierres-de-motor/0650-Cc-Honda-Nx-650-K-Dominator/640126/" "Mozilla/5.0 (Linux; Android 6.0.1; Nexus 5X Build/MMB29P) AppleWebKit/537.36 (KHTML, like Gecko) Chrome/88.0.4324.114 Mobile Safari/537.36 (compatible; Googlebot/2.1; +http://www.google.com/bot.html)"
66.249.65.118 - - [29/Jan/2021:00:35:01 +0000] "GET /ECUs/Centralitas-158957//css/Ym9vdHN0cmFwLm1pbi5jc3M6dGhlbWUuY3NzOmZvbnQtYXdlc29tZS5taW4uY3NzOmJvb3RzdHJhcC10b2dnbGUubWluLmNzczpwYWdlL2ZyZWUvZmFxLmNzcw==?v=fc92170e435349094fb71b88ed9d14fa HTTP/1.1" 200 17659 "http://www.caritas.org.mx/ECUs/Centralitas-158957/" "Mozilla/5.0 (Linux; Android 6.0.1; Nexus 5X Build/MMB29P) AppleWebKit/537.36 (KHTML, like Gecko) Chrome/88.0.4324.114 Mobile Safari/537.36 (compatible; Googlebot/2.1; +http://www.google.com/bot.html)"
66.249.65.118 - - [29/Jan/2021:00:35:03 +0000] "GET /20210129/-50530/Cialis.shtml/css/Ym9vdHN0cmFwLm1pbi5jc3M6dGhlbWUuY3NzOmZvbnQtYXdlc29tZS5taW4uY3NzOmJvb3RzdHJhcC10b2dnbGUubWluLmNzczpwYWdlL2ZyZWUvZmFxLmNzcw==?v=fc92170e435349094fb71b88ed9d14fa HTTP/1.1" 200 15992 "http://www.caritas.org.mx/20210129/-50530/Cialis.shtml" "Mozilla/5.0 (Linux; Android 6.0.1; Nexus 5X Build/MMB29P) AppleWebKit/537.36 (KHTML, like Gecko) Chrome/88.0.4324.114 Mobile Safari/537.36 (compatible; Googlebot/2.1; +http://www.google.com/bot.html)"
189.152.191.102 - - [29/Jan/2021:00:35:04 +0000] "POST /wp-admin/admin-ajax.php HTTP/1.0" 400 558 "https://www.caritas.org.mx/wp-admin/admin.php?page=WordfenceScan" "Mozilla/5.0 (Linux; Android 10; SCM-W09) AppleWebKit/537.36 (KHTML, like Gecko) Chrome/77.0.3865.116 Safari/537.36 EdgA/45.12.4.5125"
189.152.191.102 - - [29/Jan/2021:00:35:04 +0000] "POST /wp-admin/admin-ajax.php HTTP/1.0" 400 558 "https://www.caritas.org.mx/wp-admin/admin.php?page=WordfenceScan" "Mozilla/5.0 (Linux; Android 10; SCM-W09) AppleWebKit/537.36 (KHTML, like Gecko) Chrome/77.0.3865.116 Safari/537.36 EdgA/45.12.4.5125"
66.249.65.118 - - [29/Jan/2021:00:35:08 +0000] "GET /Toma-de-aire/dist.-combustible-671635/ HTTP/1.1" 200 12055 "-" "Mozilla/5.0 (Linux; Android 6.0.1; Nexus 5X Build/MMB29P) AppleWebKit/537.36 (KHTML, like Gecko) Chrome/88.0.4324.113 Mobile Safari/537.36 (compatible; Googlebot/2.1; +http://www.google.com/bot.html)"
