66.249.65.118 - - [29/Jan/2021:00:20:25 +0000] "GET /Culatas-y-cubiertas-cilindro-632593//css/Ym9vdHN0cmFwLm1pbi5jc3M6dGhlbWUuY3NzOmZvbnQtYXdlc29tZS5taW4uY3NzOmJvb3RzdHJhcC10b2dnbGUubWluLmNzczpwYWdlL2ZyZWUvZmFxLmNzcw==?v=fc92170e435349094fb71b88ed9d14fa HTTP/1.1" 200 13259 "http://www.caritas.org.mx/Culatas-y-cubiertas-cilindro-632593/" "Mozilla/5.0 (Linux; Android 6.0.1; Nexus 5X Build/MMB29P) AppleWebKit/537.36 (KHTML, like Gecko) Chrome/88.0.4324.114 Mobile Safari/537.36 (compatible; Googlebot/2.1; +http://www.google.com/bot.html)"
66.249.65.118 - - [29/Jan/2021:00:20:26 +0000] "GET /Insignias-y-emblemas/motocicleta-bike-Skull-calavera-100x80mm-hd0002/483304/archives/css/Ym9vdHN0cmFwLm1pbi5jc3M6dGhlbWUuY3NzOmZvbnQtYXdlc29tZS5taW4uY3NzOmJvb3RzdHJhcC10b2dnbGUubWluLmNzczpwYWdlL2ZyZWUvZmFxLmNzcw==?v=fc92170e435349094fb71b88ed9d14fa HTTP/1.1" 200 20798 "http://www.caritas.org.mx/Insignias-y-emblemas/motocicleta-bike-Skull-calavera-100x80mm-hd0002/483304/archives" "Mozilla/5.0 (Linux; Android 6.0.1; Nexus 5X Build/MMB29P) AppleWebKit/537.36 (KHTML, like Gecko) Chrome/88.0.4324.114 Mobile Safari/537.36 (compatible; Googlebot/2.1; +http://www.google.com/bot.html)"
66.249.65.118 - - [29/Jan/2021:00:20:26 +0000] "GET /Otros-8632//favicon.ico HTTP/1.1" 200 11380 "-" "Googlebot-Image/1.0"
66.249.65.118 - - [29/Jan/2021:00:20:29 +0000] "GET /littletoughd-suizan-p-scratch/market102182381//css/Ym9vdHN0cmFwLm1pbi5jc3M6dGhlbWUuY3NzOmZvbnQtYXdlc29tZS5taW4uY3NzOmJvb3RzdHJhcC10b2dnbGUubWluLmNzczpwYWdlL2ZyZWUvZmFxLmNzcw==?v=fc92170e435349094fb71b88ed9d14fa HTTP/1.1" 200 23917 "http://www.caritas.org.mx/littletoughd-suizan-p-scratch/market102182381/" "Mozilla/5.0 (Linux; Android 6.0.1; Nexus 5X Build/MMB29P) AppleWebKit/537.36 (KHTML, like Gecko) Chrome/88.0.4324.114 Mobile Safari/537.36 (compatible; Googlebot/2.1; +http://www.google.com/bot.html)"
64.71.131.244 - - [29/Jan/2021:00:20:30 +0000] "GET / HTTP/1.1" 301 446 "-" "Mozilla/5.0 (compatible; evc-batch/2.0)"
66.249.65.118 - - [29/Jan/2021:00:20:32 +0000] "GET /Antenas/metal-7-seccion-seccion-de-metal-Telescopica-AM-FM/112754/ HTTP/1.1" 200 9092 "-" "Mozilla/5.0 (Linux; Android 6.0.1; Nexus 5X Build/MMB29P) AppleWebKit/537.36 (KHTML, like Gecko) Chrome/88.0.4324.118 Mobile Safari/537.36 (compatible; Googlebot/2.1; +http://www.google.com/bot.html)"
66.249.65.100 - - [29/Jan/2021:00:20:32 +0000] "GET /advanceworksofficemarket-hako-bune/market10679113.QKx HTTP/1.1" 200 15861 "-" "Mozilla/5.0 (compatible; Googlebot/2.1; +http://www.google.com/bot.html)"
66.249.65.100 - - [29/Jan/2021:00:20:43 +0000] "GET /asp-5953/ HTTP/1.1" 200 10685 "-" "Mozilla/5.0 (Linux; Android 6.0.1; Nexus 5X Build/MMB29P) AppleWebKit/537.36 (KHTML, like Gecko) Chrome/88.0.4324.113 Mobile Safari/537.36 (compatible; Googlebot/2.1; +http://www.google.com/bot.html)"
66.249.65.100 - - [29/Jan/2021:00:20:45 +0000] "GET /advanceworksofficemarket-hako-bune/market10150456.QKx HTTP/1.1" 200 20878 "-" "Mozilla/5.0 (compatible; Googlebot/2.1; +http://www.google.com/bot.html)"
66.249.65.118 - - [29/Jan/2021:00:20:52 +0000] "GET /Tubos-mangueras-y-manguitos/Reductor-de-Tubo-Classic-Mini-conector-de-la-manguera-de-12&034;/98262//favicon.ico HTTP/1.1" 200 25092 "-" "Googlebot-Image/1.0"
66.249.65.118 - - [29/Jan/2021:00:20:56 +0000] "GET /Motor:-piezas-y-accesorios-630216//css/Ym9vdHN0cmFwLm1pbi5jc3M6dGhlbWUuY3NzOmZvbnQtYXdlc29tZS5taW4uY3NzOmJvb3RzdHJhcC10b2dnbGUubWluLmNzczpwYWdlL2ZyZWUvZmFxLmNzcw==?v=fc92170e435349094fb71b88ed9d14fa HTTP/1.1" 200 16876 "http://www.caritas.org.mx/Motor:-piezas-y-accesorios-630216/" "Mozilla/5.0 (Linux; Android 6.0.1; Nexus 5X Build/MMB29P) AppleWebKit/537.36 (KHTML, like Gecko) Chrome/88.0.4324.114 Mobile Safari/537.36 (compatible; Googlebot/2.1; +http://www.google.com/bot.html)"
66.249.65.118 - - [29/Jan/2021:00:20:57 +0000] "GET /CDIs/ECUs-701167/contact/css/Ym9vdHN0cmFwLm1pbi5jc3M6dGhlbWUuY3NzOmZvbnQtYXdlc29tZS5taW4uY3NzOmJvb3RzdHJhcC10b2dnbGUubWluLmNzczpwYWdlL2ZyZWUvZmFxLmNzcw==?v=fc92170e435349094fb71b88ed9d14fa HTTP/1.1" 200 15826 "http://www.caritas.org.mx/CDIs/ECUs-701167/contact" "Mozilla/5.0 (Linux; Android 6.0.1; Nexus 5X Build/MMB29P) AppleWebKit/537.36 (KHTML, like Gecko) Chrome/88.0.4324.114 Mobile Safari/537.36 (compatible; Googlebot/2.1; +http://www.google.com/bot.html)"
66.249.65.118 - - [29/Jan/2021:00:20:58 +0000] "GET /tem/Paget/637956350bd=dfbabbf&pd=idarHiwo.nurture HTTP/1.1" 200 23982 "-" "Mozilla/5.0 (compatible; Googlebot/2.1; +http://www.google.com/bot.html)"
66.249.65.120 - - [29/Jan/2021:00:21:00 +0000] "GET /Coches:-recambios-210398/archives HTTP/1.1" 200 24434 "-" "Mozilla/5.0 (compatible; Googlebot/2.1; +http://www.google.com/bot.html)"
66.249.65.120 - - [29/Jan/2021:00:21:11 +0000] "GET /tem/Paget/010011434bd=defeddf&pd=icr30o.ruhmkorff HTTP/1.1" 200 13516 "-" "Mozilla/5.0 (compatible; Googlebot/2.1; +http://www.google.com/bot.html)"
66.249.65.118 - - [29/Jan/2021:00:21:11 +0000] "GET /46124eeq.loc HTTP/1.1" 200 13680 "-" "Mozilla/5.0 (Linux; Android 6.0.1; Nexus 5X Build/MMB29P) AppleWebKit/537.36 (KHTML, like Gecko) Chrome/88.0.4324.113 Mobile Safari/537.36 (compatible; Googlebot/2.1; +http://www.google.com/bot.html)"
66.249.65.100 - - [29/Jan/2021:00:21:17 +0000] "GET /0119/-26397/jos.css HTTP/1.1" 200 17798 "https://www.caritas.org.mx/0119/-26397/books/pubs.html" "Mozilla/5.0 AppleWebKit/537.36 (KHTML, like Gecko; compatible; Googlebot/2.1; +http://www.google.com/bot.html) Chrome/88.0.4324.114 Safari/537.36"
66.249.65.118 - - [29/Jan/2021:00:21:17 +0000] "GET /Coches:-recambios-210398/archives/css/Ym9vdHN0cmFwLm1pbi5jc3M6dGhlbWUuY3NzOmZvbnQtYXdlc29tZS5taW4uY3NzOmJvb3RzdHJhcC10b2dnbGUubWluLmNzczpwYWdlL2ZyZWUvZmFxLmNzcw==?v=fc92170e435349094fb71b88ed9d14fa HTTP/1.1" 200 13761 "http://www.caritas.org.mx/Coches:-recambios-210398/archives" "Mozilla/5.0 AppleWebKit/537.36 (KHTML, like Gecko; compatible; Googlebot/2.1; +http://www.google.com/bot.html) Chrome/88.0.4324.114 Safari/537.36"
66.249.65.118 - - [29/Jan/2021:00:21:18 +0000] "GET /Alfombrillas-y-cubre-maleteros/A-MEDIDA-FORD-KUGA-20082012/44953//css/Ym9vdHN0cmFwLm1pbi5jc3M6dGhlbWUuY3NzOmZvbnQtYXdlc29tZS5taW4uY3NzOmJvb3RzdHJhcC10b2dnbGUubWluLmNzczpwYWdlL2ZyZWUvZmFxLmNzcw==?v=fc92170e435349094fb71b88ed9d14fa HTTP/1.1" 200 18245 "http://www.caritas.org.mx/Alfombrillas-y-cubre-maleteros/A-MEDIDA-FORD-KUGA-20082012/44953/" "Mozilla/5.0 (Linux; Android 6.0.1; Nexus 5X Build/MMB29P) AppleWebKit/537.36 (KHTML, like Gecko) Chrome/88.0.4324.114 Mobile Safari/537.36 (compatible; Googlebot/2.1; +http://www.google.com/bot.html)"
66.249.65.118 - - [29/Jan/2021:00:21:19 +0000] "GET /Condensadores/toledo-2-1m-9906-Secadora-aire/100356/ HTTP/1.1" 200 10021 "-" "Mozilla/5.0 (Linux; Android 6.0.1; Nexus 5X Build/MMB29P) AppleWebKit/537.36 (KHTML, like Gecko) Chrome/88.0.4324.113 Mobile Safari/537.36 (compatible; Googlebot/2.1; +http://www.google.com/bot.html)"
66.249.65.100 - - [29/Jan/2021:00:21:20 +0000] "GET /advanceworksofficemarket-hako-bune/market111606139.QKx HTTP/1.1" 200 13114 "-" "Mozilla/5.0 (Linux; Android 6.0.1; Nexus 5X Build/MMB29P) AppleWebKit/537.36 (KHTML, like Gecko) Chrome/88.0.4324.113 Mobile Safari/537.36 (compatible; Googlebot/2.1; +http://www.google.com/bot.html)"
66.249.65.118 - - [29/Jan/2021:00:21:20 +0000] "GET /Indicadores-de-temperatura/Refrigerante-Sensor-De-Temperatura-Original-Oe-Calidad/294171//css/Ym9vdHN0cmFwLm1pbi5jc3M6dGhlbWUuY3NzOmZvbnQtYXdlc29tZS5taW4uY3NzOmJvb3RzdHJhcC10b2dnbGUubWluLmNzczpwYWdlL2ZyZWUvZmFxLmNzcw==?v=fc92170e435349094fb71b88ed9d14fa HTTP/1.1" 200 12892 "http://www.caritas.org.mx/Indicadores-de-temperatura/Refrigerante-Sensor-De-Temperatura-Original-Oe-Calidad/294171/" "Mozilla/5.0 AppleWebKit/537.36 (KHTML, like Gecko; compatible; Googlebot/2.1; +http://www.google.com/bot.html) Chrome/88.0.4324.114 Safari/537.36"
66.249.65.118 - - [29/Jan/2021:00:21:20 +0000] "GET /Pistones-bielas-y-piezas/Bearing-Set-STD-3539V8-Land-Rover-Discovery-1/345966/ HTTP/1.1" 200 19215 "-" "Mozilla/5.0 (compatible; Googlebot/2.1; +http://www.google.com/bot.html)"
66.249.65.118 - - [29/Jan/2021:00:21:21 +0000] "GET /Caballete-lateral-582159/ HTTP/1.1" 200 14629 "-" "Mozilla/5.0 (Linux; Android 6.0.1; Nexus 5X Build/MMB29P) AppleWebKit/537.36 (KHTML, like Gecko) Chrome/88.0.4324.113 Mobile Safari/537.36 (compatible; Googlebot/2.1; +http://www.google.com/bot.html)"
66.249.65.118 - - [29/Jan/2021:00:21:21 +0000] "GET /Otros/Fiesta-MK7-20082013-STZetec-S-Look/492904//ns.html?id=GTM-T9CDS8 HTTP/1.1" 200 12894 "-" "Mozilla/5.0 (Linux; Android 6.0.1; Nexus 5X Build/MMB29P) AppleWebKit/537.36 (KHTML, like Gecko) Chrome/88.0.4324.113 Mobile Safari/537.36 (compatible; Googlebot/2.1; +http://www.google.com/bot.html)"
66.249.65.118 - - [29/Jan/2021:00:21:21 +0000] "GET /Fundas-asiento/del-coche-Asiento-de-coche-referencias-kia-Carens-universal-set-negro/51384//2015/15/30232/outsider-club-logo-100x100.png HTTP/1.1" 200 17217 "-" "Googlebot-Image/1.0"
66.249.65.118 - - [29/Jan/2021:00:21:22 +0000] "GET /Antenas/Mercedes-W126-C126-Antena-Autom%C3%A1tica/112240//css/Ym9vdHN0cmFwLm1pbi5jc3M6dGhlbWUuY3NzOmZvbnQtYXdlc29tZS5taW4uY3NzOmJvb3RzdHJhcC10b2dnbGUubWluLmNzczpwYWdlL2ZyZWUvZmFxLmNzcw==?v=fc92170e435349094fb71b88ed9d14fa HTTP/1.1" 200 14296 "http://www.caritas.org.mx/Antenas/Mercedes-W126-C126-Antena-Autom%C3%A1tica/112240/" "Mozilla/5.0 (Linux; Android 6.0.1; Nexus 5X Build/MMB29P) AppleWebKit/537.36 (KHTML, like Gecko) Chrome/88.0.4324.114 Mobile Safari/537.36 (compatible; Googlebot/2.1; +http://www.google.com/bot.html)"
66.249.65.118 - - [29/Jan/2021:00:21:22 +0000] "GET /Motor:-piezas-y-accesorios-478065/ HTTP/1.1" 200 8879 "-" "Mozilla/5.0 (Linux; Android 6.0.1; Nexus 5X Build/MMB29P) AppleWebKit/537.36 (KHTML, like Gecko) Chrome/88.0.4324.113 Mobile Safari/537.36 (compatible; Googlebot/2.1; +http://www.google.com/bot.html)"
66.249.65.118 - - [29/Jan/2021:00:21:23 +0000] "GET /-62796/1_8_Hello HTTP/1.1" 200 15881 "-" "Mozilla/5.0 (Linux; Android 6.0.1; Nexus 5X Build/MMB29P) AppleWebKit/537.36 (KHTML, like Gecko) Chrome/88.0.4324.118 Mobile Safari/537.36 (compatible; Googlebot/2.1; +http://www.google.com/bot.html)"
66.249.65.118 - - [29/Jan/2021:00:21:24 +0000] "GET /tem/Paget/555965602bd=dfccaaa&pd=iehwo.comandante HTTP/1.1" 200 10724 "-" "Mozilla/5.0 (compatible; Googlebot/2.1; +http://www.google.com/bot.html)"
66.249.65.118 - - [29/Jan/2021:00:21:24 +0000] "GET /Otros-506962//ns.html?id=GTM-T9CDS8 HTTP/1.1" 200 16200 "-" "Mozilla/5.0 (Linux; Android 6.0.1; Nexus 5X Build/MMB29P) AppleWebKit/537.36 (KHTML, like Gecko) Chrome/88.0.4324.118 Mobile Safari/537.36 (compatible; Googlebot/2.1; +http://www.google.com/bot.html)"
114.119.156.138 - - [29/Jan/2021:00:21:26 +0000] "GET /Alfombrillas-y-moquetas-para-coches/AMG-4-matic-eKlasse-original-premium-calidad/795955 HTTP/1.1" 404 61916 "-" "Mozilla/5.0 (Linux; Android 7.0;) AppleWebKit/537.36 (KHTML, like Gecko) Mobile Safari/537.36 (compatible; PetalBot;+https://aspiegel.com/petalbot)"
66.249.65.118 - - [29/Jan/2021:00:21:29 +0000] "GET /Centradores-de-llanta/CAPS-KIA-40mm-to-120mm-type-a/64011/ HTTP/1.1" 200 13625 "-" "Mozilla/5.0 (Linux; Android 6.0.1; Nexus 5X Build/MMB29P) AppleWebKit/537.36 (KHTML, like Gecko) Chrome/88.0.4324.113 Mobile Safari/537.36 (compatible; Googlebot/2.1; +http://www.google.com/bot.html)"
66.249.65.118 - - [29/Jan/2021:00:21:29 +0000] "GET /Recambios-para-coches-835502/contact HTTP/1.1" 200 16674 "-" "Mozilla/5.0 (compatible; Googlebot/2.1; +http://www.google.com/bot.html)"
66.249.65.118 - - [29/Jan/2021:00:21:32 +0000] "GET /Otros/Fiesta-MK7-20082013-STZetec-S-Look/492904//ns.html?id=GTM-T9CDS8/css/Ym9vdHN0cmFwLm1pbi5jc3M6dGhlbWUuY3NzOmZvbnQtYXdlc29tZS5taW4uY3NzOmJvb3RzdHJhcC10b2dnbGUubWluLmNzczpwYWdlL2ZyZWUvZmFxLmNzcw==?v=fc92170e435349094fb71b88ed9d14fa HTTP/1.1" 200 14911 "http://www.caritas.org.mx/Otros/Fiesta-MK7-20082013-STZetec-S-Look/492904//ns.html?id=GTM-T9CDS8" "Mozilla/5.0 (Linux; Android 6.0.1; Nexus 5X Build/MMB29P) AppleWebKit/537.36 (KHTML, like Gecko) Chrome/88.0.4324.114 Mobile Safari/537.36 (compatible; Googlebot/2.1; +http://www.google.com/bot.html)"
66.249.65.118 - - [29/Jan/2021:00:21:36 +0000] "GET /Otros/670-680-KFZ-soporte-g3/17426/ HTTP/1.1" 200 12963 "-" "Mozilla/5.0 (Linux; Android 6.0.1; Nexus 5X Build/MMB29P) AppleWebKit/537.36 (KHTML, like Gecko) Chrome/88.0.4324.113 Mobile Safari/537.36 (compatible; Googlebot/2.1; +http://www.google.com/bot.html)"
66.249.65.100 - - [29/Jan/2021:00:21:37 +0000] "GET /advanceworksofficemarket-hako-bune/market10139850.QKx HTTP/1.1" 200 15703 "-" "Mozilla/5.0 (compatible; Googlebot/2.1; +http://www.google.com/bot.html)"
66.249.65.118 - - [29/Jan/2021:00:21:39 +0000] "GET /Poleas-y-tensores/cayena-Touareg-30-TDI-con-clima-Bosch/349032//css/Ym9vdHN0cmFwLm1pbi5jc3M6dGhlbWUuY3NzOmZvbnQtYXdlc29tZS5taW4uY3NzOmJvb3RzdHJhcC10b2dnbGUubWluLmNzczpwYWdlL2ZyZWUvZmFxLmNzcw==?v=fc92170e435349094fb71b88ed9d14fa HTTP/1.1" 200 21673 "http://www.caritas.org.mx/Poleas-y-tensores/cayena-Touareg-30-TDI-con-clima-Bosch/349032/" "Mozilla/5.0 (Linux; Android 6.0.1; Nexus 5X Build/MMB29P) AppleWebKit/537.36 (KHTML, like Gecko) Chrome/88.0.4324.114 Mobile Safari/537.36 (compatible; Googlebot/2.1; +http://www.google.com/bot.html)"
66.249.65.118 - - [29/Jan/2021:00:21:43 +0000] "GET /tem/Paget/307946309bd=ddaecbe&pd=iz8poo.ruhmkorff/css/Ym9vdHN0cmFwLm1pbi5jc3M6dGhlbWUuY3NzOmZvbnQtYXdlc29tZS5taW4uY3NzOmJvb3RzdHJhcC10b2dnbGUubWluLmNzczpwYWdlL2ZyZWUvZmFxLmNzcw==?v=fc92170e435349094fb71b88ed9d14fa HTTP/1.1" 200 10139 "http://www.caritas.org.mx/tem/Paget/307946309bd=ddaecbe&pd=iz8poo.ruhmkorff" "Mozilla/5.0 AppleWebKit/537.36 (KHTML, like Gecko; compatible; Googlebot/2.1; +http://www.google.com/bot.html) Chrome/88.0.4324.114 Safari/537.36"
66.249.65.118 - - [29/Jan/2021:00:21:45 +0000] "GET /Faros-traseros-y-de-frenos/Cola-Trasero-Luz-L%C3%A1mpara-Para-Hyundai-Accent-200420052006/242044//css/Ym9vdHN0cmFwLm1pbi5jc3M6dGhlbWUuY3NzOmZvbnQtYXdlc29tZS5taW4uY3NzOmJvb3RzdHJhcC10b2dnbGUubWluLmNzczpwYWdlL2ZyZWUvZmFxLmNzcw==?v=fc92170e435349094fb71b88ed9d14fa HTTP/1.1" 200 20210 "http://www.caritas.org.mx/Faros-traseros-y-de-frenos/Cola-Trasero-Luz-L%C3%A1mpara-Para-Hyundai-Accent-200420052006/242044/" "Mozilla/5.0 (Linux; Android 6.0.1; Nexus 5X Build/MMB29P) AppleWebKit/537.36 (KHTML, like Gecko) Chrome/88.0.4324.114 Mobile Safari/537.36 (compatible; Googlebot/2.1; +http://www.google.com/bot.html)"
66.249.65.118 - - [29/Jan/2021:00:21:46 +0000] "GET /Faros-y-luces-indicadoras-234781//2015/15/30232/outsider-club-logo-100x100.png HTTP/1.1" 200 13332 "-" "Googlebot-Image/1.0"
66.249.65.118 - - [29/Jan/2021:00:21:46 +0000] "GET /Otros/670-680-KFZ-soporte-g3/17426//css/Ym9vdHN0cmFwLm1pbi5jc3M6dGhlbWUuY3NzOmZvbnQtYXdlc29tZS5taW4uY3NzOmJvb3RzdHJhcC10b2dnbGUubWluLmNzczpwYWdlL2ZyZWUvZmFxLmNzcw==?v=fc92170e435349094fb71b88ed9d14fa HTTP/1.1" 200 12344 "http://www.caritas.org.mx/Otros/670-680-KFZ-soporte-g3/17426/" "Mozilla/5.0 (Linux; Android 6.0.1; Nexus 5X Build/MMB29P) AppleWebKit/537.36 (KHTML, like Gecko) Chrome/88.0.4324.114 Mobile Safari/537.36 (compatible; Googlebot/2.1; +http://www.google.com/bot.html)"
66.249.65.103 - - [29/Jan/2021:00:21:49 +0000] "GET /advanceworksofficemarket-hako-bune/market10412009.QKx HTTP/1.1" 200 15580 "-" "Mozilla/5.0 (compatible; Googlebot/2.1; +http://www.google.com/bot.html)"
13.66.139.146 - - [29/Jan/2021:00:21:51 +0000] "GET /Barras-de-techo-y-bacas/De-Rieles-barras-de-aluminio-coche-techo-para-Skoda/59897/ HTTP/1.1" 200 16369 "-" "Mozilla/5.0 (compatible; bingbot/2.0; +http://www.bing.com/bingbot.htm)"
66.249.65.120 - - [29/Jan/2021:00:21:52 +0000] "GET /Caballete-lateral-582159//css/Ym9vdHN0cmFwLm1pbi5jc3M6dGhlbWUuY3NzOmZvbnQtYXdlc29tZS5taW4uY3NzOmJvb3RzdHJhcC10b2dnbGUubWluLmNzczpwYWdlL2ZyZWUvZmFxLmNzcw==?v=fc92170e435349094fb71b88ed9d14fa HTTP/1.1" 200 13083 "http://www.caritas.org.mx/Caballete-lateral-582159/" "Mozilla/5.0 (Linux; Android 6.0.1; Nexus 5X Build/MMB29P) AppleWebKit/537.36 (KHTML, like Gecko) Chrome/88.0.4324.114 Mobile Safari/537.36 (compatible; Googlebot/2.1; +http://www.google.com/bot.html)"
66.249.65.120 - - [29/Jan/2021:00:21:55 +0000] "GET /littletoughd-suizan-p-scratch/market107668501/editors HTTP/1.1" 200 12836 "-" "Mozilla/5.0 (Linux; Android 6.0.1; Nexus 5X Build/MMB29P) AppleWebKit/537.36 (KHTML, like Gecko) Chrome/88.0.4324.113 Mobile Safari/537.36 (compatible; Googlebot/2.1; +http://www.google.com/bot.html)"
66.249.65.120 - - [29/Jan/2021:00:21:55 +0000] "GET /Luces/Bombillas-indicadores-617360//css/Ym9vdHN0cmFwLm1pbi5jc3M6dGhlbWUuY3NzOmZvbnQtYXdlc29tZS5taW4uY3NzOmJvb3RzdHJhcC10b2dnbGUubWluLmNzczpwYWdlL2ZyZWUvZmFxLmNzcw==?v=fc92170e435349094fb71b88ed9d14fa HTTP/1.1" 200 32383 "http://www.caritas.org.mx/Luces/Bombillas-indicadores-617360/" "Mozilla/5.0 (Linux; Android 6.0.1; Nexus 5X Build/MMB29P) AppleWebKit/537.36 (KHTML, like Gecko) Chrome/88.0.4324.114 Mobile Safari/537.36 (compatible; Googlebot/2.1; +http://www.google.com/bot.html)"
66.249.65.118 - - [29/Jan/2021:00:21:57 +0000] "GET /blog-post?ID=76479&DATE=20210129 HTTP/1.1" 200 14793 "-" "Mozilla/5.0 (Linux; Android 6.0.1; Nexus 5X Build/MMB29P) AppleWebKit/537.36 (KHTML, like Gecko) Chrome/88.0.4324.118 Mobile Safari/537.36 (compatible; Googlebot/2.1; +http://www.google.com/bot.html)"
66.249.65.120 - - [29/Jan/2021:00:22:01 +0000] "GET /littletoughd-suizan-p-scratch/market111780595//css/Ym9vdHN0cmFwLm1pbi5jc3M6dGhlbWUuY3NzOmZvbnQtYXdlc29tZS5taW4uY3NzOmJvb3RzdHJhcC10b2dnbGUubWluLmNzczpwYWdlL2ZyZWUvZmFxLmNzcw==?v=fc92170e435349094fb71b88ed9d14fa HTTP/1.1" 200 13943 "http://www.caritas.org.mx/littletoughd-suizan-p-scratch/market111780595/" "Mozilla/5.0 (Linux; Android 6.0.1; Nexus 5X Build/MMB29P) AppleWebKit/537.36 (KHTML, like Gecko) Chrome/88.0.4324.114 Mobile Safari/537.36 (compatible; Googlebot/2.1; +http://www.google.com/bot.html)"
66.249.65.100 - - [29/Jan/2021:00:22:02 +0000] "GET /advanceworksofficemarket-hako-bune/market11283636.QKx HTTP/1.1" 200 20847 "-" "Mozilla/5.0 (compatible; Googlebot/2.1; +http://www.google.com/bot.html)"
66.249.65.118 - - [29/Jan/2021:00:22:04 +0000] "GET /blog-post?ID=76479&DATE=20210129/css/Ym9vdHN0cmFwLm1pbi5jc3M6dGhlbWUuY3NzOmZvbnQtYXdlc29tZS5taW4uY3NzOmJvb3RzdHJhcC10b2dnbGUubWluLmNzczpwYWdlL2ZyZWUvZmFxLmNzcw==?v=fc92170e435349094fb71b88ed9d14fa HTTP/1.1" 200 13005 "http://www.caritas.org.mx/blog-post?ID=76479&DATE=20210129" "Mozilla/5.0 (Linux; Android 6.0.1; Nexus 5X Build/MMB29P) AppleWebKit/537.36 (KHTML, like Gecko) Chrome/88.0.4324.114 Mobile Safari/537.36 (compatible; Googlebot/2.1; +http://www.google.com/bot.html)"
66.249.65.118 - - [29/Jan/2021:00:22:05 +0000] "GET /747_46122.asp HTTP/1.1" 200 26209 "-" "Mozilla/5.0 (Linux; Android 6.0.1; Nexus 5X Build/MMB29P) AppleWebKit/537.36 (KHTML, like Gecko) Chrome/88.0.4324.113 Mobile Safari/537.36 (compatible; Googlebot/2.1; +http://www.google.com/bot.html)"
66.249.65.118 - - [29/Jan/2021:00:22:05 +0000] "GET /Puertas-y-piezas/Rodamiento-De-Rodillos-Gu%C3%ADa-Bisagra-De-Puerta/136044//css/Ym9vdHN0cmFwLm1pbi5jc3M6dGhlbWUuY3NzOmZvbnQtYXdlc29tZS5taW4uY3NzOmJvb3RzdHJhcC10b2dnbGUubWluLmNzczpwYWdlL2ZyZWUvZmFxLmNzcw==?v=fc92170e435349094fb71b88ed9d14fa HTTP/1.1" 200 15792 "http://www.caritas.org.mx/Puertas-y-piezas/Rodamiento-De-Rodillos-Gu%C3%ADa-Bisagra-De-Puerta/136044/" "Mozilla/5.0 (Linux; Android 6.0.1; Nexus 5X Build/MMB29P) AppleWebKit/537.36 (KHTML, like Gecko) Chrome/88.0.4324.114 Mobile Safari/537.36 (compatible; Googlebot/2.1; +http://www.google.com/bot.html)"
66.249.65.118 - - [29/Jan/2021:00:22:07 +0000] "GET /blog-post?ID=23963&DATE=20210122 HTTP/1.1" 200 18052 "-" "Mozilla/5.0 (compatible; Googlebot/2.1; +http://www.google.com/bot.html)"
66.249.65.118 - - [29/Jan/2021:00:22:08 +0000] "GET /littletoughd-suizan-p-scratch/market100468855/editors HTTP/1.1" 200 19492 "-" "Mozilla/5.0 (Linux; Android 6.0.1; Nexus 5X Build/MMB29P) AppleWebKit/537.36 (KHTML, like Gecko) Chrome/88.0.4324.113 Mobile Safari/537.36 (compatible; Googlebot/2.1; +http://www.google.com/bot.html)"
66.249.65.118 - - [29/Jan/2021:00:22:09 +0000] "GET /Motor:-piezas-y-accesorios-478065//css/Ym9vdHN0cmFwLm1pbi5jc3M6dGhlbWUuY3NzOmZvbnQtYXdlc29tZS5taW4uY3NzOmJvb3RzdHJhcC10b2dnbGUubWluLmNzczpwYWdlL2ZyZWUvZmFxLmNzcw==?v=fc92170e435349094fb71b88ed9d14fa HTTP/1.1" 200 11815 "http://www.caritas.org.mx/Motor:-piezas-y-accesorios-478065/" "Mozilla/5.0 (Linux; Android 6.0.1; Nexus 5X Build/MMB29P) AppleWebKit/537.36 (KHTML, like Gecko) Chrome/88.0.4324.114 Mobile Safari/537.36 (compatible; Googlebot/2.1; +http://www.google.com/bot.html)"
66.249.65.118 - - [29/Jan/2021:00:22:11 +0000] "GET /Colectores-de-admisi%C3%B3n/DMini-31219084-Tubo-Manguera-de-Aire-de-colector/87816//favicon.ico HTTP/1.1" 200 22521 "-" "Googlebot-Image/1.0"
157.55.39.7 - - [29/Jan/2021:00:22:11 +0000] "GET /Accesorios-radiador-371887/ HTTP/1.1" 200 26121 "-" "Mozilla/5.0 (compatible; bingbot/2.0; +http://www.bing.com/bingbot.htm)"
66.249.65.118 - - [29/Jan/2021:00:22:12 +0000] "GET /Motores-y-piezas-633145/ HTTP/1.1" 200 13822 "-" "Mozilla/5.0 (Linux; Android 6.0.1; Nexus 5X Build/MMB29P) AppleWebKit/537.36 (KHTML, like Gecko) Chrome/88.0.4324.113 Mobile Safari/537.36 (compatible; Googlebot/2.1; +http://www.google.com/bot.html)"
66.249.65.100 - - [29/Jan/2021:00:22:15 +0000] "GET /advanceworksofficemarket-hako-bune/market10871731.QKx HTTP/1.1" 200 8140 "-" "Mozilla/5.0 (compatible; Googlebot/2.1; +http://www.google.com/bot.html)"
66.249.65.118 - - [29/Jan/2021:00:22:26 +0000] "GET /Sopladores-y-ventiladores/Chauffage-1308CN-1308CN-59015326950389649247680/107938/ HTTP/1.1" 200 15368 "-" "Mozilla/5.0 (compatible; Googlebot/2.1; +http://www.google.com/bot.html)"
54.36.148.175 - - [29/Jan/2021:00:22:23 +0000] "GET /area/casos/%25filename%CAtegory/xslqs/page/23 HTTP/1.1" 404 45701 "-" "Mozilla/5.0 (compatible; AhrefsBot/7.0; +http://ahrefs.com/robot/)"
66.249.65.118 - - [29/Jan/2021:00:22:28 +0000] "GET /tem/Paget/986685127bd=daacabc&pd=i67uHF3o.nurture HTTP/1.1" 200 11970 "-" "Mozilla/5.0 (compatible; Googlebot/2.1; +http://www.google.com/bot.html)"
13.66.139.11 - - [29/Jan/2021:00:22:30 +0000] "GET /sitemap196.xml HTTP/1.1" 200 29670 "-" "Mozilla/5.0 (compatible; bingbot/2.0; +http://www.bing.com/bingbot.htm)"
66.249.65.118 - - [29/Jan/2021:00:22:31 +0000] "GET /Rodamientos/Cojinetes-351100/ HTTP/1.1" 200 14343 "-" "Mozilla/5.0 (Linux; Android 6.0.1; Nexus 5X Build/MMB29P) AppleWebKit/537.36 (KHTML, like Gecko) Chrome/88.0.4324.113 Mobile Safari/537.36 (compatible; Googlebot/2.1; +http://www.google.com/bot.html)"
66.249.65.118 - - [29/Jan/2021:00:22:35 +0000] "GET /Motor:-piezas-y-accesorios-396010/ HTTP/1.1" 200 16150 "-" "Mozilla/5.0 (Linux; Android 6.0.1; Nexus 5X Build/MMB29P) AppleWebKit/537.36 (KHTML, like Gecko) Chrome/88.0.4324.118 Mobile Safari/537.36 (compatible; Googlebot/2.1; +http://www.google.com/bot.html)"
66.249.65.118 - - [29/Jan/2021:00:22:36 +0000] "GET /Mandos-a-distancia-y-llaveros/LLAVE-DE-EMERGENCIA-PARA-MITSUBISHI-COLT/22720//css/Ym9vdHN0cmFwLm1pbi5jc3M6dGhlbWUuY3NzOmZvbnQtYXdlc29tZS5taW4uY3NzOmJvb3RzdHJhcC10b2dnbGUubWluLmNzczpwYWdlL2ZyZWUvZmFxLmNzcw==?v=fc92170e435349094fb71b88ed9d14fa HTTP/1.1" 200 12082 "http://www.caritas.org.mx/Mandos-a-distancia-y-llaveros/LLAVE-DE-EMERGENCIA-PARA-MITSUBISHI-COLT/22720/" "Mozilla/5.0 (Linux; Android 6.0.1; Nexus 5X Build/MMB29P) AppleWebKit/537.36 (KHTML, like Gecko) Chrome/88.0.4324.114 Mobile Safari/537.36 (compatible; Googlebot/2.1; +http://www.google.com/bot.html)"
66.249.65.118 - - [29/Jan/2021:00:22:37 +0000] "GET /Tomas-de-aire-y-parrillas/Lexus-IS250-IS350-20062009-marco-DE-REJILLA-PARACHOQUES-DELANTERO/152893//2015/15/30232/outsider-club-logo-100x100.png HTTP/1.1" 200 13371 "-" "Googlebot-Image/1.0"
66.249.65.118 - - [29/Jan/2021:00:22:39 +0000] "GET /Otros-20708//ns.html?id=GTM-T9CDS8 HTTP/1.1" 200 18150 "-" "Mozilla/5.0 (Linux; Android 6.0.1; Nexus 5X Build/MMB29P) AppleWebKit/537.36 (KHTML, like Gecko) Chrome/88.0.4324.113 Mobile Safari/537.36 (compatible; Googlebot/2.1; +http://www.google.com/bot.html)"
66.249.65.118 - - [29/Jan/2021:00:22:41 +0000] "GET /tem/Paget/763416134bd=dbcbeca&pd=i7x9o.comandante HTTP/1.1" 200 20785 "-" "Mozilla/5.0 (compatible; Googlebot/2.1; +http://www.google.com/bot.html)"
66.249.65.118 - - [29/Jan/2021:00:22:42 +0000] "GET /Catalizadores-y-piezas/corolla-Compact-Wagon-13-aproximado-el-c%C3%B3digo-de/214181//css/Ym9vdHN0cmFwLm1pbi5jc3M6dGhlbWUuY3NzOmZvbnQtYXdlc29tZS5taW4uY3NzOmJvb3RzdHJhcC10b2dnbGUubWluLmNzczpwYWdlL2ZyZWUvZmFxLmNzcw==?v=fc92170e435349094fb71b88ed9d14fa HTTP/1.1" 200 12473 "http://www.caritas.org.mx/Catalizadores-y-piezas/corolla-Compact-Wagon-13-aproximado-el-c%C3%B3digo-de/214181/" "Mozilla/5.0 (Linux; Android 6.0.1; Nexus 5X Build/MMB29P) AppleWebKit/537.36 (KHTML, like Gecko) Chrome/88.0.4324.114 Mobile Safari/537.36 (compatible; Googlebot/2.1; +http://www.google.com/bot.html)"
66.249.65.118 - - [29/Jan/2021:00:22:43 +0000] "GET /tem/Paget/004046168bd=dfcdedd&pd=ie61ul4o.nurture/css/Ym9vdHN0cmFwLm1pbi5jc3M6dGhlbWUuY3NzOmZvbnQtYXdlc29tZS5taW4uY3NzOmJvb3RzdHJhcC10b2dnbGUubWluLmNzczpwYWdlL2ZyZWUvZmFxLmNzcw==?v=fc92170e435349094fb71b88ed9d14fa HTTP/1.1" 200 11486 "http://www.caritas.org.mx/tem/Paget/004046168bd=dfcdedd&pd=ie61ul4o.nurture" "Mozilla/5.0 AppleWebKit/537.36 (KHTML, like Gecko; compatible; Googlebot/2.1; +http://www.google.com/bot.html) Chrome/88.0.4324.114 Safari/537.36"
66.249.65.118 - - [29/Jan/2021:00:22:45 +0000] "GET /blog-post?ID=68638&DATE=20210129 HTTP/1.1" 200 29815 "-" "Mozilla/5.0 (Linux; Android 6.0.1; Nexus 5X Build/MMB29P) AppleWebKit/537.36 (KHTML, like Gecko) Chrome/88.0.4324.118 Mobile Safari/537.36 (compatible; Googlebot/2.1; +http://www.google.com/bot.html)"
66.249.65.118 - - [29/Jan/2021:00:22:46 +0000] "GET /Otros-706795//css/Ym9vdHN0cmFwLm1pbi5jc3M6dGhlbWUuY3NzOmZvbnQtYXdlc29tZS5taW4uY3NzOmJvb3RzdHJhcC10b2dnbGUubWluLmNzczpwYWdlL2ZyZWUvZmFxLmNzcw==?v=fc92170e435349094fb71b88ed9d14fa HTTP/1.1" 200 8688 "http://www.caritas.org.mx/Otros-706795/" "Mozilla/5.0 (Linux; Android 6.0.1; Nexus 5X Build/MMB29P) AppleWebKit/537.36 (KHTML, like Gecko) Chrome/88.0.4324.114 Mobile Safari/537.36 (compatible; Googlebot/2.1; +http://www.google.com/bot.html)"
66.249.65.118 - - [29/Jan/2021:00:22:47 +0000] "GET /littletoughd-suizan-p-scratch/market106002128/ HTTP/1.1" 200 14143 "-" "Mozilla/5.0 (Linux; Android 6.0.1; Nexus 5X Build/MMB29P) AppleWebKit/537.36 (KHTML, like Gecko) Chrome/88.0.4324.113 Mobile Safari/537.36 (compatible; Googlebot/2.1; +http://www.google.com/bot.html)"
66.249.65.118 - - [29/Jan/2021:00:22:49 +0000] "GET /44379yuie.php HTTP/1.1" 200 15426 "-" "Mozilla/5.0 (Linux; Android 6.0.1; Nexus 5X Build/MMB29P) AppleWebKit/537.36 (KHTML, like Gecko) Chrome/88.0.4324.113 Mobile Safari/537.36 (compatible; Googlebot/2.1; +http://www.google.com/bot.html)"
66.249.65.118 - - [29/Jan/2021:00:22:51 +0000] "GET /Manetas-de-embrague-624840/members/css/Ym9vdHN0cmFwLm1pbi5jc3M6dGhlbWUuY3NzOmZvbnQtYXdlc29tZS5taW4uY3NzOmJvb3RzdHJhcC10b2dnbGUubWluLmNzczpwYWdlL2ZyZWUvZmFxLmNzcw==?v=fc92170e435349094fb71b88ed9d14fa HTTP/1.1" 200 10668 "http://www.caritas.org.mx/Manetas-de-embrague-624840/members" "Mozilla/5.0 (Linux; Android 6.0.1; Nexus 5X Build/MMB29P) AppleWebKit/537.36 (KHTML, like Gecko) Chrome/88.0.4324.114 Mobile Safari/537.36 (compatible; Googlebot/2.1; +http://www.google.com/bot.html)"
157.55.39.78 - - [29/Jan/2021:00:22:51 +0000] "GET /Brazos-de-limpiaparabrisas/familiar-xc70-Metzger-brazo-limpiaparabrisas/298945/ HTTP/1.1" 200 12345 "-" "Mozilla/5.0 (compatible; bingbot/2.0; +http://www.bing.com/bingbot.htm)"
66.249.65.100 - - [29/Jan/2021:00:22:51 +0000] "GET /advanceworksofficemarket-hako-bune/market10783904.QKx HTTP/1.1" 200 8395 "-" "Mozilla/5.0 (Linux; Android 6.0.1; Nexus 5X Build/MMB29P) AppleWebKit/537.36 (KHTML, like Gecko) Chrome/88.0.4324.113 Mobile Safari/537.36 (compatible; Googlebot/2.1; +http://www.google.com/bot.html)"
66.249.65.118 - - [29/Jan/2021:00:22:52 +0000] "GET /747_46122.asp/css/Ym9vdHN0cmFwLm1pbi5jc3M6dGhlbWUuY3NzOmZvbnQtYXdlc29tZS5taW4uY3NzOmJvb3RzdHJhcC10b2dnbGUubWluLmNzczpwYWdlL2ZyZWUvZmFxLmNzcw==?v=fc92170e435349094fb71b88ed9d14fa HTTP/1.1" 200 22736 "http://www.caritas.org.mx/747_46122.asp" "Mozilla/5.0 (Linux; Android 6.0.1; Nexus 5X Build/MMB29P) AppleWebKit/537.36 (KHTML, like Gecko) Chrome/88.0.4324.114 Mobile Safari/537.36 (compatible; Googlebot/2.1; +http://www.google.com/bot.html)"
66.249.65.118 - - [29/Jan/2021:00:22:54 +0000] "GET /tem/Paget/794235530bd=dbfcfeb&pd=izk0kojo.nurture HTTP/1.1" 200 16343 "-" "Mozilla/5.0 (compatible; Googlebot/2.1; +http://www.google.com/bot.html)"
66.249.65.118 - - [29/Jan/2021:00:22:55 +0000] "GET /Soportes-de-matr%C3%ADcula-592171//css/Ym9vdHN0cmFwLm1pbi5jc3M6dGhlbWUuY3NzOmZvbnQtYXdlc29tZS5taW4uY3NzOmJvb3RzdHJhcC10b2dnbGUubWluLmNzczpwYWdlL2ZyZWUvZmFxLmNzcw==?v=fc92170e435349094fb71b88ed9d14fa HTTP/1.1" 200 14469 "http://www.caritas.org.mx/Soportes-de-matr%C3%ADcula-592171/" "Mozilla/5.0 (Linux; Android 6.0.1; Nexus 5X Build/MMB29P) AppleWebKit/537.36 (KHTML, like Gecko) Chrome/88.0.4324.114 Mobile Safari/537.36 (compatible; Googlebot/2.1; +http://www.google.com/bot.html)"
66.249.65.118 - - [29/Jan/2021:00:23:00 +0000] "GET /Pegatinas-y-calcoman%C3%ADas/Stock-Suzuki-Insignia-Emblema-combustible-tanque-de-gas-Calcoman%C3%ADa-insignia/552023//css/Ym9vdHN0cmFwLm1pbi5jc3M6dGhlbWUuY3NzOmZvbnQtYXdlc29tZS5taW4uY3NzOmJvb3RzdHJhcC10b2dnbGUubWluLmNzczpwYWdlL2ZyZWUvZmFxLmNzcw==?v=fc92170e435349094fb71b88ed9d14fa HTTP/1.1" 200 27224 "http://www.caritas.org.mx/Pegatinas-y-calcoman%C3%ADas/Stock-Suzuki-Insignia-Emblema-combustible-tanque-de-gas-Calcoman%C3%ADa-insignia/552023/" "Mozilla/5.0 (Linux; Android 6.0.1; Nexus 5X Build/MMB29P) AppleWebKit/537.36 (KHTML, like Gecko) Chrome/88.0.4324.114 Mobile Safari/537.36 (compatible; Googlebot/2.1; +http://www.google.com/bot.html)"
66.249.65.122 - - [29/Jan/2021:00:23:00 +0000] "GET /jsp-72182/ HTTP/1.1" 200 13202 "-" "Mozilla/5.0 (Linux; Android 6.0.1; Nexus 5X Build/MMB29P) AppleWebKit/537.36 (KHTML, like Gecko) Chrome/88.0.4324.113 Mobile Safari/537.36 (compatible; Googlebot/2.1; +http://www.google.com/bot.html)"
13.66.139.11 - - [29/Jan/2021:00:23:01 +0000] "GET /sitemapimages135.xml HTTP/1.1" 200 18552 "-" "Mozilla/5.0 (compatible; bingbot/2.0; +http://www.bing.com/bingbot.htm)"
66.249.65.118 - - [29/Jan/2021:00:23:01 +0000] "GET /Motor:-piezas-y-accesorios-135155/ HTTP/1.1" 200 23719 "-" "Mozilla/5.0 (Linux; Android 6.0.1; Nexus 5X Build/MMB29P) AppleWebKit/537.36 (KHTML, like Gecko) Chrome/88.0.4324.113 Mobile Safari/537.36 (compatible; Googlebot/2.1; +http://www.google.com/bot.html)"
66.249.65.120 - - [29/Jan/2021:00:23:03 +0000] "GET /Autoradios/be1150-Classic-casete-autoradio-radio-Becker/29573//2015/15/30232/outsider-club-logo-100x100.png HTTP/1.1" 200 10598 "-" "Googlebot-Image/1.0"
66.249.65.120 - - [29/Jan/2021:00:23:04 +0000] "GET /tem/Paget/637956350bd=dfbabbf&pd=idarHiwo.nurture/css/Ym9vdHN0cmFwLm1pbi5jc3M6dGhlbWUuY3NzOmZvbnQtYXdlc29tZS5taW4uY3NzOmJvb3RzdHJhcC10b2dnbGUubWluLmNzczpwYWdlL2ZyZWUvZmFxLmNzcw==?v=fc92170e435349094fb71b88ed9d14fa HTTP/1.1" 200 15129 "http://www.caritas.org.mx/tem/Paget/637956350bd=dfbabbf&pd=idarHiwo.nurture" "Mozilla/5.0 AppleWebKit/537.36 (KHTML, like Gecko; compatible; Googlebot/2.1; +http://www.google.com/bot.html) Chrome/88.0.4324.114 Safari/537.36"
66.249.65.118 - - [29/Jan/2021:00:23:04 +0000] "GET /Tuercas-de-rueda/de-presi%C3%B3n-de-neum%C3%A1ticos-de-reemplazo-OE-Para-Mini/82959/members HTTP/1.1" 200 18981 "-" "Mozilla/5.0 (compatible; Googlebot/2.1; +http://www.google.com/bot.html)"
66.249.65.103 - - [29/Jan/2021:00:23:07 +0000] "GET /advanceworksofficemarket-hako-bune/market11024703.QKx HTTP/1.1" 200 16712 "-" "Mozilla/5.0 (compatible; Googlebot/2.1; +http://www.google.com/bot.html)"
66.249.65.118 - - [29/Jan/2021:00:23:15 +0000] "GET /tem/Paget/555965602bd=dfccaaa&pd=iehwo.comandante/css/Ym9vdHN0cmFwLm1pbi5jc3M6dGhlbWUuY3NzOmZvbnQtYXdlc29tZS5taW4uY3NzOmJvb3RzdHJhcC10b2dnbGUubWluLmNzczpwYWdlL2ZyZWUvZmFxLmNzcw==?v=fc92170e435349094fb71b88ed9d14fa HTTP/1.1" 200 12023 "http://www.caritas.org.mx/tem/Paget/555965602bd=dfccaaa&pd=iehwo.comandante" "Mozilla/5.0 AppleWebKit/537.36 (KHTML, like Gecko; compatible; Googlebot/2.1; +http://www.google.com/bot.html) Chrome/88.0.4324.114 Safari/537.36"
66.249.65.118 - - [29/Jan/2021:00:23:16 +0000] "GET /44379yuie.php/css/Ym9vdHN0cmFwLm1pbi5jc3M6dGhlbWUuY3NzOmZvbnQtYXdlc29tZS5taW4uY3NzOmJvb3RzdHJhcC10b2dnbGUubWluLmNzczpwYWdlL2ZyZWUvZmFxLmNzcw==?v=fc92170e435349094fb71b88ed9d14fa HTTP/1.1" 200 18680 "http://www.caritas.org.mx/44379yuie.php" "Mozilla/5.0 (Linux; Android 6.0.1; Nexus 5X Build/MMB29P) AppleWebKit/537.36 (KHTML, like Gecko) Chrome/88.0.4324.114 Mobile Safari/537.36 (compatible; Googlebot/2.1; +http://www.google.com/bot.html)"
66.249.65.118 - - [29/Jan/2021:00:23:19 +0000] "GET /tem/Paget/959809260bd=daefeea&pd=i573wvo.fireboat HTTP/1.1" 200 12372 "-" "Mozilla/5.0 (compatible; Googlebot/2.1; +http://www.google.com/bot.html)"
66.249.65.118 - - [29/Jan/2021:00:23:24 +0000] "GET /littletoughd-suizan-p-scratch/market106002128//css/Ym9vdHN0cmFwLm1pbi5jc3M6dGhlbWUuY3NzOmZvbnQtYXdlc29tZS5taW4uY3NzOmJvb3RzdHJhcC10b2dnbGUubWluLmNzczpwYWdlL2ZyZWUvZmFxLmNzcw==?v=fc92170e435349094fb71b88ed9d14fa HTTP/1.1" 200 20135 "http://www.caritas.org.mx/littletoughd-suizan-p-scratch/market106002128/" "Mozilla/5.0 (Linux; Android 6.0.1; Nexus 5X Build/MMB29P) AppleWebKit/537.36 (KHTML, like Gecko) Chrome/88.0.4324.114 Mobile Safari/537.36 (compatible; Googlebot/2.1; +http://www.google.com/bot.html)"
66.249.65.118 - - [29/Jan/2021:00:23:26 +0000] "GET /Bombas-de-agua/nos-nuevo-Ford-Transit/372904/ HTTP/1.1" 200 15265 "-" "Mozilla/5.0 (Linux; Android 6.0.1; Nexus 5X Build/MMB29P) AppleWebKit/537.36 (KHTML, like Gecko) Chrome/88.0.4324.113 Mobile Safari/537.36 (compatible; Googlebot/2.1; +http://www.google.com/bot.html)"
66.249.65.118 - - [29/Jan/2021:00:23:27 +0000] "GET /blog-post?ID=11707&DATE=20210129 HTTP/1.1" 200 13422 "-" "Mozilla/5.0 (Linux; Android 6.0.1; Nexus 5X Build/MMB29P) AppleWebKit/537.36 (KHTML, like Gecko) Chrome/88.0.4324.113 Mobile Safari/537.36 (compatible; Googlebot/2.1; +http://www.google.com/bot.html)"
66.249.65.118 - - [29/Jan/2021:00:23:32 +0000] "GET /20210122/-3415/15ml_P_force.jsp HTTP/1.1" 200 20307 "-" "Mozilla/5.0 (compatible; Googlebot/2.1; +http://www.google.com/bot.html)"
66.249.65.118 - - [29/Jan/2021:00:23:33 +0000] "GET /tem/Paget/901319498bd=dcfcbca&pd=iojkxjco.metalaw HTTP/1.1" 200 14509 "-" "Mozilla/5.0 (compatible; Googlebot/2.1; +http://www.google.com/bot.html)"
66.249.65.100 - - [29/Jan/2021:00:23:36 +0000] "GET /advanceworksofficemarket-hako-bune/market100527649.QKx HTTP/1.1" 200 20264 "-" "Mozilla/5.0 (Linux; Android 6.0.1; Nexus 5X Build/MMB29P) AppleWebKit/537.36 (KHTML, like Gecko) Chrome/88.0.4324.113 Mobile Safari/537.36 (compatible; Googlebot/2.1; +http://www.google.com/bot.html)"
66.249.65.118 - - [29/Jan/2021:00:23:37 +0000] "GET /Sensores-presi%C3%B3n-de-combust/De-Posici%C3%B3n-Del-Acelerador-Tps-Para-Mitsubishi-Lancer-Evo/95546//2015/15/30232/outsider-club-logo-100x100.png HTTP/1.1" 200 25977 "-" "Googlebot-Image/1.0"
66.249.65.118 - - [29/Jan/2021:00:23:39 +0000] "GET /blog-post?ID=11707&DATE=20210129/css/Ym9vdHN0cmFwLm1pbi5jc3M6dGhlbWUuY3NzOmZvbnQtYXdlc29tZS5taW4uY3NzOmJvb3RzdHJhcC10b2dnbGUubWluLmNzczpwYWdlL2ZyZWUvZmFxLmNzcw==?v=fc92170e435349094fb71b88ed9d14fa HTTP/1.1" 200 12317 "http://www.caritas.org.mx/blog-post?ID=11707&DATE=20210129" "Mozilla/5.0 (Linux; Android 6.0.1; Nexus 5X Build/MMB29P) AppleWebKit/537.36 (KHTML, like Gecko) Chrome/88.0.4324.114 Mobile Safari/537.36 (compatible; Googlebot/2.1; +http://www.google.com/bot.html)"
66.249.65.118 - - [29/Jan/2021:00:23:39 +0000] "GET /tem/Paget/959809260bd=daefeea&pd=i573wvo.fireboat/css/Ym9vdHN0cmFwLm1pbi5jc3M6dGhlbWUuY3NzOmZvbnQtYXdlc29tZS5taW4uY3NzOmJvb3RzdHJhcC10b2dnbGUubWluLmNzczpwYWdlL2ZyZWUvZmFxLmNzcw==?v=fc92170e435349094fb71b88ed9d14fa HTTP/1.1" 200 12283 "http://www.caritas.org.mx/tem/Paget/959809260bd=daefeea&pd=i573wvo.fireboat" "Mozilla/5.0 AppleWebKit/537.36 (KHTML, like Gecko; compatible; Googlebot/2.1; +http://www.google.com/bot.html) Chrome/88.0.4324.114 Safari/537.36"
66.249.65.118 - - [29/Jan/2021:00:23:40 +0000] "GET /Otros-componentes-de-embrague-571773/ HTTP/1.1" 200 13809 "-" "Mozilla/5.0 (Linux; Android 6.0.1; Nexus 5X Build/MMB29P) AppleWebKit/537.36 (KHTML, like Gecko) Chrome/88.0.4324.113 Mobile Safari/537.36 (compatible; Googlebot/2.1; +http://www.google.com/bot.html)"
66.249.65.118 - - [29/Jan/2021:00:23:42 +0000] "GET /52613/editors HTTP/1.1" 200 20383 "-" "Mozilla/5.0 (Linux; Android 6.0.1; Nexus 5X Build/MMB29P) AppleWebKit/537.36 (KHTML, like Gecko) Chrome/88.0.4324.118 Mobile Safari/537.36 (compatible; Googlebot/2.1; +http://www.google.com/bot.html)"
200.68.140.5 - - [29/Jan/2021:00:23:44 +0000] "GET /ayudar-a-las-personas/?fbclid=IwAR1pR-BdDQFa5F7fLHwLfywiFTvrSzvOEEzZyzeOJVv6Clxq0J6HJh1Oj9w HTTP/1.1" 200 22335 "http://m.facebook.com/" "Mozilla/5.0 (Linux; Android 10; MAR-LX3A Build/HUAWEIMAR-L23A; wv) AppleWebKit/537.36 (KHTML, like Gecko) Version/4.0 Chrome/88.0.4324.93 Mobile Safari/537.36 [FB_IAB/FB4A;FBAV/302.0.0.45.119;]"
66.249.65.118 - - [29/Jan/2021:00:23:45 +0000] "GET /Otros-703336/ HTTP/1.1" 200 13827 "-" "Mozilla/5.0 (compatible; Googlebot/2.1; +http://www.google.com/bot.html)"
66.249.65.118 - - [29/Jan/2021:00:23:45 +0000] "GET /tem/Paget/690645233bd=dcbdecc&pd=isihkxo.fireboat HTTP/1.1" 200 14273 "-" "Mozilla/5.0 (compatible; Googlebot/2.1; +http://www.google.com/bot.html)"
66.249.65.118 - - [29/Jan/2021:00:23:51 +0000] "GET /85477ie09866.html HTTP/1.1" 200 15015 "-" "Mozilla/5.0 (Linux; Android 6.0.1; Nexus 5X Build/MMB29P) AppleWebKit/537.36 (KHTML, like Gecko) Chrome/88.0.4324.118 Mobile Safari/537.36 (compatible; Googlebot/2.1; +http://www.google.com/bot.html)"
66.249.65.118 - - [29/Jan/2021:00:23:56 +0000] "GET /Otros-506962//ns.html?id=GTM-T9CDS8/css/Ym9vdHN0cmFwLm1pbi5jc3M6dGhlbWUuY3NzOmZvbnQtYXdlc29tZS5taW4uY3NzOmJvb3RzdHJhcC10b2dnbGUubWluLmNzczpwYWdlL2ZyZWUvZmFxLmNzcw==?v=fc92170e435349094fb71b88ed9d14fa HTTP/1.1" 200 18731 "http://www.caritas.org.mx/Otros-506962//ns.html?id=GTM-T9CDS8" "Mozilla/5.0 (Linux; Android 6.0.1; Nexus 5X Build/MMB29P) AppleWebKit/537.36 (KHTML, like Gecko) Chrome/88.0.4324.114 Mobile Safari/537.36 (compatible; Googlebot/2.1; +http://www.google.com/bot.html)"
66.249.65.118 - - [29/Jan/2021:00:23:57 +0000] "GET /Motor:-piezas-y-accesorios-396010//css/Ym9vdHN0cmFwLm1pbi5jc3M6dGhlbWUuY3NzOmZvbnQtYXdlc29tZS5taW4uY3NzOmJvb3RzdHJhcC10b2dnbGUubWluLmNzczpwYWdlL2ZyZWUvZmFxLmNzcw==?v=fc92170e435349094fb71b88ed9d14fa HTTP/1.1" 200 7920 "http://www.caritas.org.mx/Motor:-piezas-y-accesorios-396010/" "Mozilla/5.0 (Linux; Android 6.0.1; Nexus 5X Build/MMB29P) AppleWebKit/537.36 (KHTML, like Gecko) Chrome/88.0.4324.114 Mobile Safari/537.36 (compatible; Googlebot/2.1; +http://www.google.com/bot.html)"
66.249.65.118 - - [29/Jan/2021:00:23:58 +0000] "GET /Motor:-piezas-y-accesorios-64965//css/Ym9vdHN0cmFwLm1pbi5jc3M6dGhlbWUuY3NzOmZvbnQtYXdlc29tZS5taW4uY3NzOmJvb3RzdHJhcC10b2dnbGUubWluLmNzczpwYWdlL2ZyZWUvZmFxLmNzcw==?v=fc92170e435349094fb71b88ed9d14fa HTTP/1.1" 200 11769 "http://www.caritas.org.mx/Motor:-piezas-y-accesorios-64965/" "Mozilla/5.0 (Linux; Android 6.0.1; Nexus 5X Build/MMB29P) AppleWebKit/537.36 (KHTML, like Gecko) Chrome/88.0.4324.114 Mobile Safari/537.36 (compatible; Googlebot/2.1; +http://www.google.com/bot.html)"
66.249.65.118 - - [29/Jan/2021:00:23:59 +0000] "GET /tem/Paget/890862716bd=dceceaa&pd=iIzNhxo.fireboat HTTP/1.1" 200 15433 "-" "Mozilla/5.0 (compatible; Googlebot/2.1; +http://www.google.com/bot.html)"
66.249.65.118 - - [29/Jan/2021:00:24:00 +0000] "GET /Sensores-presi%C3%B3n-de-neum%C3%A1ticos/Chrysler-Sebring-Aspen-Dodge-Nitro-Durango/69390/contact/css/Ym9vdHN0cmFwLm1pbi5jc3M6dGhlbWUuY3NzOmZvbnQtYXdlc29tZS5taW4uY3NzOmJvb3RzdHJhcC10b2dnbGUubWluLmNzczpwYWdlL2ZyZWUvZmFxLmNzcw==?v=fc92170e435349094fb71b88ed9d14fa HTTP/1.1" 200 14984 "http://www.caritas.org.mx/Sensores-presi%C3%B3n-de-neum%C3%A1ticos/Chrysler-Sebring-Aspen-Dodge-Nitro-Durango/69390/contact" "Mozilla/5.0 AppleWebKit/537.36 (KHTML, like Gecko; compatible; Googlebot/2.1; +http://www.google.com/bot.html) Chrome/88.0.4324.114 Safari/537.36"
66.249.65.118 - - [29/Jan/2021:00:24:07 +0000] "GET /littletoughd-suizan-p-scratch/market109348642/ HTTP/1.1" 200 15201 "-" "Mozilla/5.0 (Linux; Android 6.0.1; Nexus 5X Build/MMB29P) AppleWebKit/537.36 (KHTML, like Gecko) Chrome/88.0.4324.113 Mobile Safari/537.36 (compatible; Googlebot/2.1; +http://www.google.com/bot.html)"
66.249.65.118 - - [29/Jan/2021:00:24:07 +0000] "GET /tem/Paget/690645233bd=dcbdecc&pd=isihkxo.fireboat/css/Ym9vdHN0cmFwLm1pbi5jc3M6dGhlbWUuY3NzOmZvbnQtYXdlc29tZS5taW4uY3NzOmJvb3RzdHJhcC10b2dnbGUubWluLmNzczpwYWdlL2ZyZWUvZmFxLmNzcw==?v=fc92170e435349094fb71b88ed9d14fa HTTP/1.1" 200 15368 "http://www.caritas.org.mx/tem/Paget/690645233bd=dcbdecc&pd=isihkxo.fireboat" "Mozilla/5.0 AppleWebKit/537.36 (KHTML, like Gecko; compatible; Googlebot/2.1; +http://www.google.com/bot.html) Chrome/88.0.4324.114 Safari/537.36"
66.249.65.118 - - [29/Jan/2021:00:24:10 +0000] "GET /Motor:-piezas-y-accesorios-553301//css/Ym9vdHN0cmFwLm1pbi5jc3M6dGhlbWUuY3NzOmZvbnQtYXdlc29tZS5taW4uY3NzOmJvb3RzdHJhcC10b2dnbGUubWluLmNzczpwYWdlL2ZyZWUvZmFxLmNzcw==?v=fc92170e435349094fb71b88ed9d14fa HTTP/1.1" 200 13688 "http://www.caritas.org.mx/Motor:-piezas-y-accesorios-553301/" "Mozilla/5.0 (Linux; Android 6.0.1; Nexus 5X Build/MMB29P) AppleWebKit/537.36 (KHTML, like Gecko) Chrome/88.0.4324.114 Mobile Safari/537.36 (compatible; Googlebot/2.1; +http://www.google.com/bot.html)"
66.249.65.100 - - [29/Jan/2021:00:24:10 +0000] "GET /14781/Index_this_Document.html HTTP/1.1" 200 27342 "-" "Mozilla/5.0 (compatible; Googlebot/2.1; +http://www.google.com/bot.html)"
66.249.65.118 - - [29/Jan/2021:00:24:11 +0000] "GET /littletoughd-suizan-p-scratch/market100761611/ HTTP/1.1" 200 9275 "-" "Mozilla/5.0 (Linux; Android 6.0.1; Nexus 5X Build/MMB29P) AppleWebKit/537.36 (KHTML, like Gecko) Chrome/88.0.4324.113 Mobile Safari/537.36 (compatible; Googlebot/2.1; +http://www.google.com/bot.html)"
66.249.65.100 - - [29/Jan/2021:00:24:11 +0000] "GET /advanceworksofficemarket-hako-bune/market10331616.QKx HTTP/1.1" 200 10226 "-" "Mozilla/5.0 (compatible; Googlebot/2.1; +http://www.google.com/bot.html)"
66.249.65.118 - - [29/Jan/2021:00:24:12 +0000] "GET /78507/Facebook.loc/css/Ym9vdHN0cmFwLm1pbi5jc3M6dGhlbWUuY3NzOmZvbnQtYXdlc29tZS5taW4uY3NzOmJvb3RzdHJhcC10b2dnbGUubWluLmNzczpwYWdlL2ZyZWUvZmFxLmNzcw==?v=fc92170e435349094fb71b88ed9d14fa HTTP/1.1" 200 29830 "http://www.caritas.org.mx/78507/Facebook.loc" "Mozilla/5.0 (Linux; Android 6.0.1; Nexus 5X Build/MMB29P) AppleWebKit/537.36 (KHTML, like Gecko) Chrome/88.0.4324.114 Mobile Safari/537.36 (compatible; Googlebot/2.1; +http://www.google.com/bot.html)"
66.249.65.118 - - [29/Jan/2021:00:24:16 +0000] "GET /Motor:-piezas-y-accesorios-623098/ HTTP/1.1" 200 17256 "-" "Mozilla/5.0 (Linux; Android 6.0.1; Nexus 5X Build/MMB29P) AppleWebKit/537.36 (KHTML, like Gecko) Chrome/88.0.4324.113 Mobile Safari/537.36 (compatible; Googlebot/2.1; +http://www.google.com/bot.html)"
66.249.65.118 - - [29/Jan/2021:00:24:18 +0000] "GET /tem/Paget/890862716bd=dceceaa&pd=iIzNhxo.fireboat/css/Ym9vdHN0cmFwLm1pbi5jc3M6dGhlbWUuY3NzOmZvbnQtYXdlc29tZS5taW4uY3NzOmJvb3RzdHJhcC10b2dnbGUubWluLmNzczpwYWdlL2ZyZWUvZmFxLmNzcw==?v=fc92170e435349094fb71b88ed9d14fa HTTP/1.1" 200 9844 "http://www.caritas.org.mx/tem/Paget/890862716bd=dceceaa&pd=iIzNhxo.fireboat" "Mozilla/5.0 AppleWebKit/537.36 (KHTML, like Gecko; compatible; Googlebot/2.1; +http://www.google.com/bot.html) Chrome/88.0.4324.114 Safari/537.36"
66.249.65.118 - - [29/Jan/2021:00:24:19 +0000] "GET /Otros/Ranura-Frontal-Discos-De-Freno-Toyota-Corolla-Ae86/520687//css/Ym9vdHN0cmFwLm1pbi5jc3M6dGhlbWUuY3NzOmZvbnQtYXdlc29tZS5taW4uY3NzOmJvb3RzdHJhcC10b2dnbGUubWluLmNzczpwYWdlL2ZyZWUvZmFxLmNzcw==?v=fc92170e435349094fb71b88ed9d14fa HTTP/1.1" 200 11008 "http://www.caritas.org.mx/Otros/Ranura-Frontal-Discos-De-Freno-Toyota-Corolla-Ae86/520687/" "Mozilla/5.0 (Linux; Android 6.0.1; Nexus 5X Build/MMB29P) AppleWebKit/537.36 (KHTML, like Gecko) Chrome/88.0.4324.114 Mobile Safari/537.36 (compatible; Googlebot/2.1; +http://www.google.com/bot.html)"
66.249.65.118 - - [29/Jan/2021:00:24:19 +0000] "GET /49930//78494408.py HTTP/1.1" 200 27896 "-" "Mozilla/5.0 (Linux; Android 6.0.1; Nexus 5X Build/MMB29P) AppleWebKit/537.36 (KHTML, like Gecko) Chrome/88.0.4324.118 Mobile Safari/537.36 (compatible; Googlebot/2.1; +http://www.google.com/bot.html)"
66.249.65.118 - - [29/Jan/2021:00:24:21 +0000] "GET /Otros/VW-Cl%C3%A1sico-Soldadura-de-IRS-Trasero-Brazo-de-Oscilaci%C3%B3nse/422635//2015/15/30232/outsider-club-logo-100x100.png HTTP/1.1" 200 25135 "-" "Googlebot-Image/1.0"
66.249.65.118 - - [29/Jan/2021:00:24:21 +0000] "GET /Pistones-bielas-y-piezas/Bearing-Set-STD-3539V8-Land-Rover-Discovery-1/345966//css/Ym9vdHN0cmFwLm1pbi5jc3M6dGhlbWUuY3NzOmZvbnQtYXdlc29tZS5taW4uY3NzOmJvb3RzdHJhcC10b2dnbGUubWluLmNzczpwYWdlL2ZyZWUvZmFxLmNzcw==?v=fc92170e435349094fb71b88ed9d14fa HTTP/1.1" 200 18709 "http://www.caritas.org.mx/Pistones-bielas-y-piezas/Bearing-Set-STD-3539V8-Land-Rover-Discovery-1/345966/" "Mozilla/5.0 AppleWebKit/537.36 (KHTML, like Gecko; compatible; Googlebot/2.1; +http://www.google.com/bot.html) Chrome/88.0.4324.114 Safari/537.36"
13.66.139.11 - - [29/Jan/2021:00:24:21 +0000] "GET /sitemapmobile4176.xml HTTP/1.1" 200 24670 "-" "Mozilla/5.0 (compatible; bingbot/2.0; +http://www.bing.com/bingbot.htm)"
66.249.65.118 - - [29/Jan/2021:00:24:24 +0000] "GET /littletoughd-suizan-p-scratch/market102680138/ HTTP/1.1" 200 17077 "-" "Mozilla/5.0 (Linux; Android 6.0.1; Nexus 5X Build/MMB29P) AppleWebKit/537.36 (KHTML, like Gecko) Chrome/88.0.4324.113 Mobile Safari/537.36 (compatible; Googlebot/2.1; +http://www.google.com/bot.html)"
66.249.65.118 - - [29/Jan/2021:00:24:24 +0000] "GET /tem/Paget/694015507bd=dbdcaab&pd=io221P4o.metalaw HTTP/1.1" 200 15771 "-" "Mozilla/5.0 (compatible; Googlebot/2.1; +http://www.google.com/bot.html)"
66.249.65.118 - - [29/Jan/2021:00:24:25 +0000] "GET /Otros-52083/ HTTP/1.1" 200 16565 "-" "Mozilla/5.0 (Linux; Android 6.0.1; Nexus 5X Build/MMB29P) AppleWebKit/537.36 (KHTML, like Gecko) Chrome/88.0.4324.113 Mobile Safari/537.36 (compatible; Googlebot/2.1; +http://www.google.com/bot.html)"
66.249.65.118 - - [29/Jan/2021:00:24:26 +0000] "GET /Barras-de-refuerzo/Waltonbrace-cabe-Corrado/534465//css/Ym9vdHN0cmFwLm1pbi5jc3M6dGhlbWUuY3NzOmZvbnQtYXdlc29tZS5taW4uY3NzOmJvb3RzdHJhcC10b2dnbGUubWluLmNzczpwYWdlL2ZyZWUvZmFxLmNzcw==?v=fc92170e435349094fb71b88ed9d14fa HTTP/1.1" 200 7840 "http://www.caritas.org.mx/Barras-de-refuerzo/Waltonbrace-cabe-Corrado/534465/" "Mozilla/5.0 AppleWebKit/537.36 (KHTML, like Gecko; compatible; Googlebot/2.1; +http://www.google.com/bot.html) Chrome/88.0.4324.114 Safari/537.36"
66.249.65.118 - - [29/Jan/2021:00:24:26 +0000] "GET /Cables-y-cableado-el%C3%A9ctrico/BiXenon-Hilo-Bater%C3%ADa-arn%C3%A9s-de-rel%C3%A9-para-HID-Xenon/657726//css/Ym9vdHN0cmFwLm1pbi5jc3M6dGhlbWUuY3NzOmZvbnQtYXdlc29tZS5taW4uY3NzOmJvb3RzdHJhcC10b2dnbGUubWluLmNzczpwYWdlL2ZyZWUvZmFxLmNzcw==?v=fc92170e435349094fb71b88ed9d14fa HTTP/1.1" 200 9171 "http://www.caritas.org.mx/Cables-y-cableado-el%C3%A9ctrico/BiXenon-Hilo-Bater%C3%ADa-arn%C3%A9s-de-rel%C3%A9-para-HID-Xenon/657726/" "Mozilla/5.0 (Linux; Android 6.0.1; Nexus 5X Build/MMB29P) AppleWebKit/537.36 (KHTML, like Gecko) Chrome/88.0.4324.114 Mobile Safari/537.36 (compatible; Googlebot/2.1; +http://www.google.com/bot.html)"
66.249.65.118 - - [29/Jan/2021:00:24:29 +0000] "GET /Recambios-de-carrocer%C3%ADa-y-exteriores-para-coches-829773/ HTTP/1.1" 200 11734 "-" "Mozilla/5.0 (Linux; Android 6.0.1; Nexus 5X Build/MMB29P) AppleWebKit/537.36 (KHTML, like Gecko) Chrome/88.0.4324.113 Mobile Safari/537.36 (compatible; Googlebot/2.1; +http://www.google.com/bot.html)"
66.249.65.118 - - [29/Jan/2021:00:24:29 +0000] "GET /Otros/a-25-tipo-460-Z%C3%BCndapp-escape-set/704371/ HTTP/1.1" 200 15387 "-" "Mozilla/5.0 (compatible; Googlebot/2.1; +http://www.google.com/bot.html)"
13.66.139.146 - - [29/Jan/2021:00:24:30 +0000] "GET /sitemapimages289.xml HTTP/1.1" 200 18482 "-" "Mozilla/5.0 (compatible; bingbot/2.0; +http://www.bing.com/bingbot.htm)"
66.249.65.118 - - [29/Jan/2021:00:24:33 +0000] "GET /Mantas-para-coches/Completo-2-Cubiertas-de-asiento-de-coche-para-KIA-SPORTAGE-20102015/7114/ HTTP/1.1" 200 19183 "-" "Mozilla/5.0 (Linux; Android 6.0.1; Nexus 5X Build/MMB29P) AppleWebKit/537.36 (KHTML, like Gecko) Chrome/88.0.4324.113 Mobile Safari/537.36 (compatible; Googlebot/2.1; +http://www.google.com/bot.html)"
66.249.65.118 - - [29/Jan/2021:00:24:37 +0000] "GET /tem/Paget/441665749bd=dbadbef&pd=ibzilgpo.nurture HTTP/1.1" 200 11585 "-" "Mozilla/5.0 (compatible; Googlebot/2.1; +http://www.google.com/bot.html)"
66.249.65.118 - - [29/Jan/2021:00:24:38 +0000] "GET /littletoughd-suizan-p-scratch/market10059226/ HTTP/1.1" 200 12307 "-" "Mozilla/5.0 (Linux; Android 6.0.1; Nexus 5X Build/MMB29P) AppleWebKit/537.36 (KHTML, like Gecko) Chrome/88.0.4324.113 Mobile Safari/537.36 (compatible; Googlebot/2.1; +http://www.google.com/bot.html)"
66.249.65.118 - - [29/Jan/2021:00:24:38 +0000] "GET /Escobillas-de-limpiaparabrisas/audi-a3-Sport-Back-8va-Limpiaparabrisas/304256/editors/css/Ym9vdHN0cmFwLm1pbi5jc3M6dGhlbWUuY3NzOmZvbnQtYXdlc29tZS5taW4uY3NzOmJvb3RzdHJhcC10b2dnbGUubWluLmNzczpwYWdlL2ZyZWUvZmFxLmNzcw==?v=fc92170e435349094fb71b88ed9d14fa HTTP/1.1" 200 7753 "http://www.caritas.org.mx/Escobillas-de-limpiaparabrisas/audi-a3-Sport-Back-8va-Limpiaparabrisas/304256/editors" "Mozilla/5.0 AppleWebKit/537.36 (KHTML, like Gecko; compatible; Googlebot/2.1; +http://www.google.com/bot.html) Chrome/88.0.4324.114 Safari/537.36"
