66.249.65.118 - - [29/Jan/2021:00:27:38 +0000] "GET /php-83015/Facebook.shtml/css/Ym9vdHN0cmFwLm1pbi5jc3M6dGhlbWUuY3NzOmZvbnQtYXdlc29tZS5taW4uY3NzOmJvb3RzdHJhcC10b2dnbGUubWluLmNzczpwYWdlL2ZyZWUvZmFxLmNzcw==?v=fc92170e435349094fb71b88ed9d14fa HTTP/1.1" 200 11960 "http://www.caritas.org.mx/php-83015/Facebook.shtml" "Mozilla/5.0 (Linux; Android 6.0.1; Nexus 5X Build/MMB29P) AppleWebKit/537.36 (KHTML, like Gecko) Chrome/88.0.4324.114 Mobile Safari/537.36 (compatible; Googlebot/2.1; +http://www.google.com/bot.html)"
187.160.11.19 - - [29/Jan/2021:00:27:10 +0000] "GET /area/posada-del-peregrino/ HTTP/1.0" 200 16317 "https://www.caritas.org.mx/ayudar-a-las-personas/?fbclid=IwAR0MLjB2mhSClhcgKLF_fSJv3EdkmHeGHOp6B3uC2xnsjoSyQiShH16lC6I" "Mozilla/5.0 (Linux; Android 10; Redmi Note 7 Build/QKQ1.190910.002; wv) AppleWebKit/537.36 (KHTML, like Gecko) Version/4.0 Chrome/88.0.4324.93 Mobile Safari/537.36 [FB_IAB/FB4A;FBAV/302.0.0.45.119;]"
66.249.65.118 - - [29/Jan/2021:00:27:42 +0000] "GET /Admisi%C3%B3n-de-aire-y-gasolina-95520//css/Ym9vdHN0cmFwLm1pbi5jc3M6dGhlbWUuY3NzOmZvbnQtYXdlc29tZS5taW4uY3NzOmJvb3RzdHJhcC10b2dnbGUubWluLmNzczpwYWdlL2ZyZWUvZmFxLmNzcw==?v=fc92170e435349094fb71b88ed9d14fa HTTP/1.1" 200 20206 "http://www.caritas.org.mx/Admisi%C3%B3n-de-aire-y-gasolina-95520/" "Mozilla/5.0 (Linux; Android 6.0.1; Nexus 5X Build/MMB29P) AppleWebKit/537.36 (KHTML, like Gecko) Chrome/88.0.4324.114 Mobile Safari/537.36 (compatible; Googlebot/2.1; +http://www.google.com/bot.html)"
66.249.65.118 - - [29/Jan/2021:00:27:43 +0000] "GET /Guantes-motocross/Matriz-Guantes-Mx-2018-ataque-de-la-Juventud-Motocross/768676/ HTTP/1.1" 200 14545 "-" "Mozilla/5.0 (Linux; Android 6.0.1; Nexus 5X Build/MMB29P) AppleWebKit/537.36 (KHTML, like Gecko) Chrome/88.0.4324.113 Mobile Safari/537.36 (compatible; Googlebot/2.1; +http://www.google.com/bot.html)"
66.249.65.118 - - [29/Jan/2021:00:27:47 +0000] "GET /Otros/de-Sujeci%C3%B3n-para-Coche-Grapas-de-8mm-Agujero/207355//css/Ym9vdHN0cmFwLm1pbi5jc3M6dGhlbWUuY3NzOmZvbnQtYXdlc29tZS5taW4uY3NzOmJvb3RzdHJhcC10b2dnbGUubWluLmNzczpwYWdlL2ZyZWUvZmFxLmNzcw==?v=fc92170e435349094fb71b88ed9d14fa HTTP/1.1" 200 15110 "http://www.caritas.org.mx/Otros/de-Sujeci%C3%B3n-para-Coche-Grapas-de-8mm-Agujero/207355/" "Mozilla/5.0 (Linux; Android 6.0.1; Nexus 5X Build/MMB29P) AppleWebKit/537.36 (KHTML, like Gecko) Chrome/88.0.4324.114 Mobile Safari/537.36 (compatible; Googlebot/2.1; +http://www.google.com/bot.html)"
66.249.65.118 - - [29/Jan/2021:00:27:47 +0000] "GET /Motor:-piezas-y-accesorios-714621/ HTTP/1.1" 200 14453 "-" "Mozilla/5.0 (Linux; Android 6.0.1; Nexus 5X Build/MMB29P) AppleWebKit/537.36 (KHTML, like Gecko) Chrome/88.0.4324.113 Mobile Safari/537.36 (compatible; Googlebot/2.1; +http://www.google.com/bot.html)"
66.249.65.118 - - [29/Jan/2021:00:27:48 +0000] "GET /Otros/Fabia-6Y2-Octavia-1U2-1Z3-Roomster-5J-F00C/92071/ HTTP/1.1" 200 20811 "-" "Mozilla/5.0 (compatible; Googlebot/2.1; +http://www.google.com/bot.html)"
66.249.65.118 - - [29/Jan/2021:00:27:49 +0000] "GET /Cables-de-interfaz-de-audio/Rd45-Auxiliar-USB-Adaptador-de-Puerto-Juego-Cables/32488//2015/15/30232/outsider-club-logo-100x100.png HTTP/1.1" 200 10876 "-" "Googlebot-Image/1.0"
66.249.65.118 - - [29/Jan/2021:00:27:49 +0000] "GET /Coches:-recambios-316519//css/Ym9vdHN0cmFwLm1pbi5jc3M6dGhlbWUuY3NzOmZvbnQtYXdlc29tZS5taW4uY3NzOmJvb3RzdHJhcC10b2dnbGUubWluLmNzczpwYWdlL2ZyZWUvZmFxLmNzcw==?v=fc92170e435349094fb71b88ed9d14fa HTTP/1.1" 200 15476 "http://www.caritas.org.mx/Coches:-recambios-316519/" "Mozilla/5.0 (Linux; Android 6.0.1; Nexus 5X Build/MMB29P) AppleWebKit/537.36 (KHTML, like Gecko) Chrome/88.0.4324.114 Mobile Safari/537.36 (compatible; Googlebot/2.1; +http://www.google.com/bot.html)"
66.249.65.118 - - [29/Jan/2021:00:27:50 +0000] "GET /20210129/-76118/Facebook.htm HTTP/1.1" 200 14425 "-" "Mozilla/5.0 (Linux; Android 6.0.1; Nexus 5X Build/MMB29P) AppleWebKit/537.36 (KHTML, like Gecko) Chrome/88.0.4324.113 Mobile Safari/537.36 (compatible; Googlebot/2.1; +http://www.google.com/bot.html)"
66.249.65.118 - - [29/Jan/2021:00:27:51 +0000] "GET /Otros/23-teeth7-Primavera-PX/720351/archives HTTP/1.1" 200 25400 "-" "Mozilla/5.0 (Linux; Android 6.0.1; Nexus 5X Build/MMB29P) AppleWebKit/537.36 (KHTML, like Gecko) Chrome/88.0.4324.118 Mobile Safari/537.36 (compatible; Googlebot/2.1; +http://www.google.com/bot.html)"
66.249.65.120 - - [29/Jan/2021:00:27:51 +0000] "GET /Motores-de-arranque/1S2208-AUDI-A4-A6-A8-24-28-30-32/164616/ HTTP/1.1" 200 24908 "-" "Mozilla/5.0 (Linux; Android 6.0.1; Nexus 5X Build/MMB29P) AppleWebKit/537.36 (KHTML, like Gecko) Chrome/88.0.4324.113 Mobile Safari/537.36 (compatible; Googlebot/2.1; +http://www.google.com/bot.html)"
66.249.65.120 - - [29/Jan/2021:00:27:53 +0000] "GET /Motor:-piezas-y-accesorios-135155//css/Ym9vdHN0cmFwLm1pbi5jc3M6dGhlbWUuY3NzOmZvbnQtYXdlc29tZS5taW4uY3NzOmJvb3RzdHJhcC10b2dnbGUubWluLmNzczpwYWdlL2ZyZWUvZmFxLmNzcw==?v=fc92170e435349094fb71b88ed9d14fa HTTP/1.1" 200 8486 "http://www.caritas.org.mx/Motor:-piezas-y-accesorios-135155/" "Mozilla/5.0 (Linux; Android 6.0.1; Nexus 5X Build/MMB29P) AppleWebKit/537.36 (KHTML, like Gecko) Chrome/88.0.4324.114 Mobile Safari/537.36 (compatible; Googlebot/2.1; +http://www.google.com/bot.html)"
66.249.65.100 - - [29/Jan/2021:00:27:53 +0000] "GET /advanceworksofficemarket-hako-bune/market10143332.QKx HTTP/1.1" 200 12594 "-" "Mozilla/5.0 (compatible; Googlebot/2.1; +http://www.google.com/bot.html)"
66.249.65.120 - - [29/Jan/2021:00:27:54 +0000] "GET /Recambios-para-motos-867666//css/Ym9vdHN0cmFwLm1pbi5jc3M6dGhlbWUuY3NzOmZvbnQtYXdlc29tZS5taW4uY3NzOmJvb3RzdHJhcC10b2dnbGUubWluLmNzczpwYWdlL2ZyZWUvZmFxLmNzcw==?v=fc92170e435349094fb71b88ed9d14fa HTTP/1.1" 200 18063 "http://www.caritas.org.mx/Recambios-para-motos-867666/" "Mozilla/5.0 AppleWebKit/537.36 (KHTML, like Gecko; compatible; Googlebot/2.1; +http://www.google.com/bot.html) Chrome/88.0.4324.114 Safari/537.36"
66.249.65.120 - - [29/Jan/2021:00:27:55 +0000] "GET /Revistas,-manuales,-cat%C3%A1logos-686565/ HTTP/1.1" 200 12092 "-" "Mozilla/5.0 (compatible; Googlebot/2.1; +http://www.google.com/bot.html)"
66.249.65.118 - - [29/Jan/2021:00:27:58 +0000] "GET /Otros-494921/ HTTP/1.1" 200 12995 "-" "Mozilla/5.0 (Linux; Android 6.0.1; Nexus 5X Build/MMB29P) AppleWebKit/537.36 (KHTML, like Gecko) Chrome/88.0.4324.118 Mobile Safari/537.36 (compatible; Googlebot/2.1; +http://www.google.com/bot.html)"
66.249.65.120 - - [29/Jan/2021:00:27:59 +0000] "GET /Antenas/motor-12v-mercedesbenz-w124-w107-nuevo/112995//css/Ym9vdHN0cmFwLm1pbi5jc3M6dGhlbWUuY3NzOmZvbnQtYXdlc29tZS5taW4uY3NzOmJvb3RzdHJhcC10b2dnbGUubWluLmNzczpwYWdlL2ZyZWUvZmFxLmNzcw==?v=fc92170e435349094fb71b88ed9d14fa HTTP/1.1" 200 17300 "http://www.caritas.org.mx/Antenas/motor-12v-mercedesbenz-w124-w107-nuevo/112995/" "Mozilla/5.0 (Linux; Android 6.0.1; Nexus 5X Build/MMB29P) AppleWebKit/537.36 (KHTML, like Gecko) Chrome/88.0.4324.114 Mobile Safari/537.36 (compatible; Googlebot/2.1; +http://www.google.com/bot.html)"
66.249.65.120 - - [29/Jan/2021:00:27:59 +0000] "GET /Bombas-de-combustible/del-remitente-M%C3%B3dulo-de-bomba-de-combustible-BMW-1-3-4-5-6/86230/ HTTP/1.1" 200 33347 "-" "Mozilla/5.0 (Linux; Android 6.0.1; Nexus 5X Build/MMB29P) AppleWebKit/537.36 (KHTML, like Gecko) Chrome/88.0.4324.113 Mobile Safari/537.36 (compatible; Googlebot/2.1; +http://www.google.com/bot.html)"
66.249.65.118 - - [29/Jan/2021:00:28:00 +0000] "GET /Otros/silicona-manguera-reducci%C3%B3n-turbo-manguera-g60/506833//css/Ym9vdHN0cmFwLm1pbi5jc3M6dGhlbWUuY3NzOmZvbnQtYXdlc29tZS5taW4uY3NzOmJvb3RzdHJhcC10b2dnbGUubWluLmNzczpwYWdlL2ZyZWUvZmFxLmNzcw==?v=fc92170e435349094fb71b88ed9d14fa HTTP/1.1" 200 22224 "http://www.caritas.org.mx/Otros/silicona-manguera-reducci%C3%B3n-turbo-manguera-g60/506833/" "Mozilla/5.0 (Linux; Android 6.0.1; Nexus 5X Build/MMB29P) AppleWebKit/537.36 (KHTML, like Gecko) Chrome/88.0.4324.114 Mobile Safari/537.36 (compatible; Googlebot/2.1; +http://www.google.com/bot.html)"
66.249.65.118 - - [29/Jan/2021:00:28:01 +0000] "GET /Otros/23-teeth7-Primavera-PX/720351/archives/css/Ym9vdHN0cmFwLm1pbi5jc3M6dGhlbWUuY3NzOmZvbnQtYXdlc29tZS5taW4uY3NzOmJvb3RzdHJhcC10b2dnbGUubWluLmNzczpwYWdlL2ZyZWUvZmFxLmNzcw==?v=fc92170e435349094fb71b88ed9d14fa HTTP/1.1" 200 24253 "http://www.caritas.org.mx/Otros/23-teeth7-Primavera-PX/720351/archives" "Mozilla/5.0 (Linux; Android 6.0.1; Nexus 5X Build/MMB29P) AppleWebKit/537.36 (KHTML, like Gecko) Chrome/88.0.4324.114 Mobile Safari/537.36 (compatible; Googlebot/2.1; +http://www.google.com/bot.html)"
66.249.65.120 - - [29/Jan/2021:00:28:03 +0000] "GET /Suspensi%C3%B3n-y-direcci%C3%B3n-417956/ HTTP/1.1" 200 16106 "-" "Mozilla/5.0 (Linux; Android 6.0.1; Nexus 5X Build/MMB29P) AppleWebKit/537.36 (KHTML, like Gecko) Chrome/88.0.4324.113 Mobile Safari/537.36 (compatible; Googlebot/2.1; +http://www.google.com/bot.html)"
45.79.102.133 - - [29/Jan/2021:00:28:03 +0000] "GET /Rodamientos/Cojinetes-349935/ HTTP/1.1" 404 45644 "http://www.caritas.org.mx/" "Mozilla/5.0 (Windows NT 10.0; Win64; x64) AppleWebKit/589.0 (KHTML, like Gecko) Chrome/73.0.3738.113 Safari/589.0"
66.249.65.118 - - [29/Jan/2021:00:28:09 +0000] "GET /Fundas-asiento/Fundas-para-asientos-gris-atr%C3%A1s/49915/ HTTP/1.1" 200 9037 "-" "Mozilla/5.0 (Linux; Android 6.0.1; Nexus 5X Build/MMB29P) AppleWebKit/537.36 (KHTML, like Gecko) Chrome/88.0.4324.113 Mobile Safari/537.36 (compatible; Googlebot/2.1; +http://www.google.com/bot.html)"
66.249.65.118 - - [29/Jan/2021:00:28:11 +0000] "GET /Motores-de-arranque/1S2208-AUDI-A4-A6-A8-24-28-30-32/164616//css/Ym9vdHN0cmFwLm1pbi5jc3M6dGhlbWUuY3NzOmZvbnQtYXdlc29tZS5taW4uY3NzOmJvb3RzdHJhcC10b2dnbGUubWluLmNzczpwYWdlL2ZyZWUvZmFxLmNzcw==?v=fc92170e435349094fb71b88ed9d14fa HTTP/1.1" 200 22484 "http://www.caritas.org.mx/Motores-de-arranque/1S2208-AUDI-A4-A6-A8-24-28-30-32/164616/" "Mozilla/5.0 (Linux; Android 6.0.1; Nexus 5X Build/MMB29P) AppleWebKit/537.36 (KHTML, like Gecko) Chrome/88.0.4324.114 Mobile Safari/537.36 (compatible; Googlebot/2.1; +http://www.google.com/bot.html)"
187.161.53.225 - - [29/Jan/2021:00:28:11 +0000] "GET /ayudar-a-las-personas/?fbclid=IwAR32pDHAleNyhKPksT1GCrc9MczkxprtELH3iMtImzgFVSXGv1-USz70BQc HTTP/1.1" 200 22335 "http://m.facebook.com/" "Mozilla/5.0 (Linux; Android 5.1.1; SM-G531H Build/LMY48B; wv) AppleWebKit/537.36 (KHTML, like Gecko) Version/4.0 Chrome/86.0.4240.110 Mobile Safari/537.36 [FB_IAB/FB4A;FBAV/302.0.0.45.119;]"
66.249.65.118 - - [29/Jan/2021:00:28:13 +0000] "GET /Motor:-piezas-y-accesorios-710650/ HTTP/1.1" 200 12563 "-" "Mozilla/5.0 (Linux; Android 6.0.1; Nexus 5X Build/MMB29P) AppleWebKit/537.36 (KHTML, like Gecko) Chrome/88.0.4324.113 Mobile Safari/537.36 (compatible; Googlebot/2.1; +http://www.google.com/bot.html)"
66.249.65.118 - - [29/Jan/2021:00:28:13 +0000] "GET /Fundas-asiento/Fundas-para-asientos-gris-atr%C3%A1s/49915//css/Ym9vdHN0cmFwLm1pbi5jc3M6dGhlbWUuY3NzOmZvbnQtYXdlc29tZS5taW4uY3NzOmJvb3RzdHJhcC10b2dnbGUubWluLmNzczpwYWdlL2ZyZWUvZmFxLmNzcw==?v=fc92170e435349094fb71b88ed9d14fa HTTP/1.1" 200 7505 "http://www.caritas.org.mx/Fundas-asiento/Fundas-para-asientos-gris-atr%C3%A1s/49915/" "Mozilla/5.0 (Linux; Android 6.0.1; Nexus 5X Build/MMB29P) AppleWebKit/537.36 (KHTML, like Gecko) Chrome/88.0.4324.114 Mobile Safari/537.36 (compatible; Googlebot/2.1; +http://www.google.com/bot.html)"
66.249.65.118 - - [29/Jan/2021:00:28:17 +0000] "GET /jsp-50402/Un_sentido_del_olfato_reducido_puede_ser_se_al_de_riesgo_de_tener_Alzheimer_seg_n_estudio_HOSPITAL_SANTA_ROSA.html HTTP/1.1" 200 13583 "-" "Mozilla/5.0 (Linux; Android 6.0.1; Nexus 5X Build/MMB29P) AppleWebKit/537.36 (KHTML, like Gecko) Chrome/88.0.4324.118 Mobile Safari/537.36 (compatible; Googlebot/2.1; +http://www.google.com/bot.html)"
66.249.65.118 - - [29/Jan/2021:00:28:17 +0000] "GET /Barras-de-techo-y-bacas/147-3P-de-2000-%C3%A0-2010/59212/ HTTP/1.1" 200 16073 "-" "Mozilla/5.0 (Linux; Android 6.0.1; Nexus 5X Build/MMB29P) AppleWebKit/537.36 (KHTML, like Gecko) Chrome/88.0.4324.113 Mobile Safari/537.36 (compatible; Googlebot/2.1; +http://www.google.com/bot.html)"
66.249.65.118 - - [29/Jan/2021:00:28:19 +0000] "GET /Otros-748244/ HTTP/1.1" 200 12647 "-" "Mozilla/5.0 (Linux; Android 6.0.1; Nexus 5X Build/MMB29P) AppleWebKit/537.36 (KHTML, like Gecko) Chrome/88.0.4324.113 Mobile Safari/537.36 (compatible; Googlebot/2.1; +http://www.google.com/bot.html)"
54.36.148.65 - - [29/Jan/2021:00:27:48 +0000] "GET /area/casos/%25filename%CAtegory/xslqs/page/24 HTTP/1.1" 404 45186 "-" "Mozilla/5.0 (compatible; AhrefsBot/7.0; +http://ahrefs.com/robot/)"
66.249.65.118 - - [29/Jan/2021:00:28:20 +0000] "GET /Escapes-y-sistemas-de-escape-593488//2015/15/30232/outsider-club-logo-100x100.png HTTP/1.1" 200 8387 "-" "Googlebot-Image/1.0"
66.249.65.118 - - [29/Jan/2021:00:28:22 +0000] "GET /Tubos-flexibles-para-cables/de-cables%C3%A1rbol-port%C3%B3n-trasero-maletero-reparac-8e2/170940/ HTTP/1.1" 200 25389 "-" "Mozilla/5.0 (Linux; Android 6.0.1; Nexus 5X Build/MMB29P) AppleWebKit/537.36 (KHTML, like Gecko) Chrome/88.0.4324.113 Mobile Safari/537.36 (compatible; Googlebot/2.1; +http://www.google.com/bot.html)"
66.249.65.118 - - [29/Jan/2021:00:28:23 +0000] "GET /blog-post?ID=87035&DATE=20210129/ns.html?id=GTM-T9CDS8 HTTP/1.1" 200 23573 "-" "Mozilla/5.0 (Linux; Android 6.0.1; Nexus 5X Build/MMB29P) AppleWebKit/537.36 (KHTML, like Gecko) Chrome/88.0.4324.118 Mobile Safari/537.36 (compatible; Googlebot/2.1; +http://www.google.com/bot.html)"
66.249.65.118 - - [29/Jan/2021:00:28:25 +0000] "GET /Coches:-accesorios-54721//css/Ym9vdHN0cmFwLm1pbi5jc3M6dGhlbWUuY3NzOmZvbnQtYXdlc29tZS5taW4uY3NzOmJvb3RzdHJhcC10b2dnbGUubWluLmNzczpwYWdlL2ZyZWUvZmFxLmNzcw==?v=fc92170e435349094fb71b88ed9d14fa HTTP/1.1" 200 17968 "http://www.caritas.org.mx/Coches:-accesorios-54721/" "Mozilla/5.0 (Linux; Android 6.0.1; Nexus 5X Build/MMB29P) AppleWebKit/537.36 (KHTML, like Gecko) Chrome/88.0.4324.114 Mobile Safari/537.36 (compatible; Googlebot/2.1; +http://www.google.com/bot.html)"
66.249.65.118 - - [29/Jan/2021:00:28:26 +0000] "GET /Dep%C3%B3sitos-de-aceite/Nuevo-OPEL-Combo-17-DTI-2001-&gt;-en/323909/ HTTP/1.1" 200 17412 "-" "Mozilla/5.0 (Linux; Android 6.0.1; Nexus 5X Build/MMB29P) AppleWebKit/537.36 (KHTML, like Gecko) Chrome/88.0.4324.113 Mobile Safari/537.36 (compatible; Googlebot/2.1; +http://www.google.com/bot.html)"
66.249.65.118 - - [29/Jan/2021:00:28:26 +0000] "GET /Otros/mm-lunghezza-1220-mm-A48-cinghia/456599/ HTTP/1.1" 200 15162 "-" "Mozilla/5.0 (compatible; Googlebot/2.1; +http://www.google.com/bot.html)"
66.249.65.118 - - [29/Jan/2021:00:28:27 +0000] "GET /Barras-de-techo-y-bacas/147-3P-de-2000-%C3%A0-2010/59212//css/Ym9vdHN0cmFwLm1pbi5jc3M6dGhlbWUuY3NzOmZvbnQtYXdlc29tZS5taW4uY3NzOmJvb3RzdHJhcC10b2dnbGUubWluLmNzczpwYWdlL2ZyZWUvZmFxLmNzcw==?v=fc92170e435349094fb71b88ed9d14fa HTTP/1.1" 200 19769 "http://www.caritas.org.mx/Barras-de-techo-y-bacas/147-3P-de-2000-%C3%A0-2010/59212/" "Mozilla/5.0 (Linux; Android 6.0.1; Nexus 5X Build/MMB29P) AppleWebKit/537.36 (KHTML, like Gecko) Chrome/88.0.4324.114 Mobile Safari/537.36 (compatible; Googlebot/2.1; +http://www.google.com/bot.html)"
66.249.65.118 - - [29/Jan/2021:00:28:32 +0000] "GET /Tapones-de-v%C3%A1lvula/Voyager-Sensor-de-Presi%C3%B3n-de-Neum%C3%A1ticos-Kit-de-reparaci%C3%B3n-de/79350/ HTTP/1.1" 200 15553 "-" "Mozilla/5.0 (Linux; Android 6.0.1; Nexus 5X Build/MMB29P) AppleWebKit/537.36 (KHTML, like Gecko) Chrome/88.0.4324.113 Mobile Safari/537.36 (compatible; Googlebot/2.1; +http://www.google.com/bot.html)"
66.249.65.118 - - [29/Jan/2021:00:28:33 +0000] "GET /Otros/Anilla-acero/766671//css/Ym9vdHN0cmFwLm1pbi5jc3M6dGhlbWUuY3NzOmZvbnQtYXdlc29tZS5taW4uY3NzOmJvb3RzdHJhcC10b2dnbGUubWluLmNzczpwYWdlL2ZyZWUvZmFxLmNzcw==?v=fc92170e435349094fb71b88ed9d14fa HTTP/1.1" 200 14446 "http://www.caritas.org.mx/Otros/Anilla-acero/766671/" "Mozilla/5.0 (Linux; Android 6.0.1; Nexus 5X Build/MMB29P) AppleWebKit/537.36 (KHTML, like Gecko) Chrome/88.0.4324.114 Mobile Safari/537.36 (compatible; Googlebot/2.1; +http://www.google.com/bot.html)"
66.249.65.118 - - [29/Jan/2021:00:28:34 +0000] "GET /Tapones-de-v%C3%A1lvula/Voyager-Sensor-de-Presi%C3%B3n-de-Neum%C3%A1ticos-Kit-de-reparaci%C3%B3n-de/79350//css/Ym9vdHN0cmFwLm1pbi5jc3M6dGhlbWUuY3NzOmZvbnQtYXdlc29tZS5taW4uY3NzOmJvb3RzdHJhcC10b2dnbGUubWluLmNzczpwYWdlL2ZyZWUvZmFxLmNzcw==?v=fc92170e435349094fb71b88ed9d14fa HTTP/1.1" 200 22808 "http://www.caritas.org.mx/Tapones-de-v%C3%A1lvula/Voyager-Sensor-de-Presi%C3%B3n-de-Neum%C3%A1ticos-Kit-de-reparaci%C3%B3n-de/79350/" "Mozilla/5.0 (Linux; Android 6.0.1; Nexus 5X Build/MMB29P) AppleWebKit/537.36 (KHTML, like Gecko) Chrome/88.0.4324.114 Mobile Safari/537.36 (compatible; Googlebot/2.1; +http://www.google.com/bot.html)"
66.249.65.118 - - [29/Jan/2021:00:28:35 +0000] "GET /Motor:-piezas-y-accesorios-399885/ HTTP/1.1" 200 12540 "-" "Mozilla/5.0 (Linux; Android 6.0.1; Nexus 5X Build/MMB29P) AppleWebKit/537.36 (KHTML, like Gecko) Chrome/88.0.4324.113 Mobile Safari/537.36 (compatible; Googlebot/2.1; +http://www.google.com/bot.html)"
66.249.65.118 - - [29/Jan/2021:00:28:35 +0000] "GET /Tubos-flexibles-para-cables/de-cables%C3%A1rbol-port%C3%B3n-trasero-maletero-reparac-8e2/170940//css/Ym9vdHN0cmFwLm1pbi5jc3M6dGhlbWUuY3NzOmZvbnQtYXdlc29tZS5taW4uY3NzOmJvb3RzdHJhcC10b2dnbGUubWluLmNzczpwYWdlL2ZyZWUvZmFxLmNzcw==?v=fc92170e435349094fb71b88ed9d14fa HTTP/1.1" 200 18855 "http://www.caritas.org.mx/Tubos-flexibles-para-cables/de-cables%C3%A1rbol-port%C3%B3n-trasero-maletero-reparac-8e2/170940/" "Mozilla/5.0 (Linux; Android 6.0.1; Nexus 5X Build/MMB29P) AppleWebKit/537.36 (KHTML, like Gecko) Chrome/88.0.4324.114 Mobile Safari/537.36 (compatible; Googlebot/2.1; +http://www.google.com/bot.html)"
66.249.65.118 - - [29/Jan/2021:00:28:39 +0000] "GET /20210129/-76118/Facebook.htm/css/Ym9vdHN0cmFwLm1pbi5jc3M6dGhlbWUuY3NzOmZvbnQtYXdlc29tZS5taW4uY3NzOmJvb3RzdHJhcC10b2dnbGUubWluLmNzczpwYWdlL2ZyZWUvZmFxLmNzcw==?v=fc92170e435349094fb71b88ed9d14fa HTTP/1.1" 200 10487 "http://www.caritas.org.mx/20210129/-76118/Facebook.htm" "Mozilla/5.0 (Linux; Android 6.0.1; Nexus 5X Build/MMB29P) AppleWebKit/537.36 (KHTML, like Gecko) Chrome/88.0.4324.114 Mobile Safari/537.36 (compatible; Googlebot/2.1; +http://www.google.com/bot.html)"
66.249.65.118 - - [29/Jan/2021:00:28:39 +0000] "GET /Motos:-recambios-673571/ HTTP/1.1" 200 14420 "-" "Mozilla/5.0 (Linux; Android 6.0.1; Nexus 5X Build/MMB29P) AppleWebKit/537.36 (KHTML, like Gecko) Chrome/88.0.4324.113 Mobile Safari/537.36 (compatible; Googlebot/2.1; +http://www.google.com/bot.html)"
66.249.65.118 - - [29/Jan/2021:00:28:41 +0000] "GET /Otros-549055//2015/15/30232/outsider-club-logo-100x100.png HTTP/1.1" 200 10387 "-" "Googlebot-Image/1.0"
66.249.65.118 - - [29/Jan/2021:00:28:43 +0000] "GET /Otros-recambios-para-motos-878213/ HTTP/1.1" 200 8883 "-" "Mozilla/5.0 (Linux; Android 6.0.1; Nexus 5X Build/MMB29P) AppleWebKit/537.36 (KHTML, like Gecko) Chrome/88.0.4324.113 Mobile Safari/537.36 (compatible; Googlebot/2.1; +http://www.google.com/bot.html)"
66.249.65.118 - - [29/Jan/2021:00:28:46 +0000] "GET /Antenas/metal-7-seccion-seccion-de-metal-Telescopica-AM-FM/112754//css/Ym9vdHN0cmFwLm1pbi5jc3M6dGhlbWUuY3NzOmZvbnQtYXdlc29tZS5taW4uY3NzOmJvb3RzdHJhcC10b2dnbGUubWluLmNzczpwYWdlL2ZyZWUvZmFxLmNzcw==?v=fc92170e435349094fb71b88ed9d14fa HTTP/1.1" 200 19771 "http://www.caritas.org.mx/Antenas/metal-7-seccion-seccion-de-metal-Telescopica-AM-FM/112754/" "Mozilla/5.0 (Linux; Android 6.0.1; Nexus 5X Build/MMB29P) AppleWebKit/537.36 (KHTML, like Gecko) Chrome/88.0.4324.114 Mobile Safari/537.36 (compatible; Googlebot/2.1; +http://www.google.com/bot.html)"
66.249.65.118 - - [29/Jan/2021:00:28:47 +0000] "GET /Trial-y-motocross-acc-y-rec/1996-Palanca-De-Freno-Bota-Genuine-Kawasaki-490061286/755676/ HTTP/1.1" 200 8466 "-" "Mozilla/5.0 (Linux; Android 6.0.1; Nexus 5X Build/MMB29P) AppleWebKit/537.36 (KHTML, like Gecko) Chrome/88.0.4324.113 Mobile Safari/537.36 (compatible; Googlebot/2.1; +http://www.google.com/bot.html)"
66.249.65.120 - - [29/Jan/2021:00:28:48 +0000] "GET /Autoradios/radio-2-DIN-para-VW-t5/29943/archives HTTP/1.1" 200 15682 "-" "Mozilla/5.0 (compatible; Googlebot/2.1; +http://www.google.com/bot.html)"
66.249.65.120 - - [29/Jan/2021:00:28:49 +0000] "GET /Motos:-recambios-673571//css/Ym9vdHN0cmFwLm1pbi5jc3M6dGhlbWUuY3NzOmZvbnQtYXdlc29tZS5taW4uY3NzOmJvb3RzdHJhcC10b2dnbGUubWluLmNzczpwYWdlL2ZyZWUvZmFxLmNzcw==?v=fc92170e435349094fb71b88ed9d14fa HTTP/1.1" 200 28533 "http://www.caritas.org.mx/Motos:-recambios-673571/" "Mozilla/5.0 (Linux; Android 6.0.1; Nexus 5X Build/MMB29P) AppleWebKit/537.36 (KHTML, like Gecko) Chrome/88.0.4324.114 Mobile Safari/537.36 (compatible; Googlebot/2.1; +http://www.google.com/bot.html)"
66.249.65.118 - - [29/Jan/2021:00:28:52 +0000] "GET /Radiadores-para-coches/Aluminio-50mm-Radiador-Rad-Para-Toyota-Supra-Turbo/845440/ HTTP/1.1" 200 14928 "-" "Mozilla/5.0 (Linux; Android 6.0.1; Nexus 5X Build/MMB29P) AppleWebKit/537.36 (KHTML, like Gecko) Chrome/88.0.4324.113 Mobile Safari/537.36 (compatible; Googlebot/2.1; +http://www.google.com/bot.html)"
66.249.65.118 - - [29/Jan/2021:00:28:54 +0000] "GET /Brazos-de-control-y-piezas/FB-di%C3%A1metro-interno-mm-Subalmac%C3%A9n-Querlenker/416581/archives HTTP/1.1" 200 14401 "-" "Mozilla/5.0 (compatible; Googlebot/2.1; +http://www.google.com/bot.html)"
66.249.65.120 - - [29/Jan/2021:00:28:56 +0000] "GET /Soportes-para-instrumentos/de-tac%C3%B3metro-elDash-Opel-Corsa-B-Tigra-a/518389//ns.html?id=GTM-T9CDS8 HTTP/1.1" 200 14744 "-" "Mozilla/5.0 (Linux; Android 6.0.1; Nexus 5X Build/MMB29P) AppleWebKit/537.36 (KHTML, like Gecko) Chrome/88.0.4324.118 Mobile Safari/537.36 (compatible; Googlebot/2.1; +http://www.google.com/bot.html)"
66.249.65.120 - - [29/Jan/2021:00:28:57 +0000] "GET /Buj%C3%ADas-de-encendido/coupe-18-20-8292-4x-original/181051/ HTTP/1.1" 200 16535 "-" "Mozilla/5.0 (Linux; Android 6.0.1; Nexus 5X Build/MMB29P) AppleWebKit/537.36 (KHTML, like Gecko) Chrome/88.0.4324.113 Mobile Safari/537.36 (compatible; Googlebot/2.1; +http://www.google.com/bot.html)"
66.249.65.120 - - [29/Jan/2021:00:28:58 +0000] "GET /Palieres-y-piezas/fiat-punto-Fuelle-eje-de-transmisi%C3%B3n-bmw-3-e30-5-e12/457996//css/Ym9vdHN0cmFwLm1pbi5jc3M6dGhlbWUuY3NzOmZvbnQtYXdlc29tZS5taW4uY3NzOmJvb3RzdHJhcC10b2dnbGUubWluLmNzczpwYWdlL2ZyZWUvZmFxLmNzcw==?v=fc92170e435349094fb71b88ed9d14fa HTTP/1.1" 200 14773 "http://www.caritas.org.mx/Palieres-y-piezas/fiat-punto-Fuelle-eje-de-transmisi%C3%B3n-bmw-3-e30-5-e12/457996/" "Mozilla/5.0 (Linux; Android 6.0.1; Nexus 5X Build/MMB29P) AppleWebKit/537.36 (KHTML, like Gecko) Chrome/88.0.4324.114 Mobile Safari/537.36 (compatible; Googlebot/2.1; +http://www.google.com/bot.html)"
66.249.65.118 - - [29/Jan/2021:00:28:59 +0000] "GET /Parachoques-y-protectores-para-coches/VITARA-20012005-PARACHOQUES-DELANTERO/827576//css/Ym9vdHN0cmFwLm1pbi5jc3M6dGhlbWUuY3NzOmZvbnQtYXdlc29tZS5taW4uY3NzOmJvb3RzdHJhcC10b2dnbGUubWluLmNzczpwYWdlL2ZyZWUvZmFxLmNzcw==?v=fc92170e435349094fb71b88ed9d14fa HTTP/1.1" 200 10570 "http://www.caritas.org.mx/Parachoques-y-protectores-para-coches/VITARA-20012005-PARACHOQUES-DELANTERO/827576/" "Mozilla/5.0 (Linux; Android 6.0.1; Nexus 5X Build/MMB29P) AppleWebKit/537.36 (KHTML, like Gecko) Chrome/88.0.4324.114 Mobile Safari/537.36 (compatible; Googlebot/2.1; +http://www.google.com/bot.html)"
66.249.65.118 - - [29/Jan/2021:00:29:02 +0000] "GET /Carrocer%C3%ADa-y-exteriores-151180/ HTTP/1.1" 200 14407 "-" "Mozilla/5.0 (Linux; Android 6.0.1; Nexus 5X Build/MMB29P) AppleWebKit/537.36 (KHTML, like Gecko) Chrome/88.0.4324.113 Mobile Safari/537.36 (compatible; Googlebot/2.1; +http://www.google.com/bot.html)"
66.249.65.118 - - [29/Jan/2021:00:29:05 +0000] "GET /Tapacubos/Renault-Clio-Kangoo-Adornos-de-ruedascubiertas-Megane/77663/ HTTP/1.1" 200 11477 "-" "Mozilla/5.0 (Linux; Android 6.0.1; Nexus 5X Build/MMB29P) AppleWebKit/537.36 (KHTML, like Gecko) Chrome/88.0.4324.113 Mobile Safari/537.36 (compatible; Googlebot/2.1; +http://www.google.com/bot.html)"
66.249.65.118 - - [29/Jan/2021:00:29:07 +0000] "GET /Otros/reifenf%C3%BCllcompresor-w212-w221-c-e-082023/66228//favicon.ico HTTP/1.1" 200 13514 "-" "Googlebot-Image/1.0"
66.249.65.118 - - [29/Jan/2021:00:29:08 +0000] "GET /Parachoques-y-protectores-para-coches/Universal-Protector-Negro-De-Parachoques/829267//css/Ym9vdHN0cmFwLm1pbi5jc3M6dGhlbWUuY3NzOmZvbnQtYXdlc29tZS5taW4uY3NzOmJvb3RzdHJhcC10b2dnbGUubWluLmNzczpwYWdlL2ZyZWUvZmFxLmNzcw==?v=fc92170e435349094fb71b88ed9d14fa HTTP/1.1" 200 15567 "http://www.caritas.org.mx/Parachoques-y-protectores-para-coches/Universal-Protector-Negro-De-Parachoques/829267/" "Mozilla/5.0 (Linux; Android 6.0.1; Nexus 5X Build/MMB29P) AppleWebKit/537.36 (KHTML, like Gecko) Chrome/88.0.4324.114 Mobile Safari/537.36 (compatible; Googlebot/2.1; +http://www.google.com/bot.html)"
66.249.65.118 - - [29/Jan/2021:00:29:10 +0000] "GET /Motor:-piezas-y-accesorios-167286/ HTTP/1.1" 200 14990 "-" "Mozilla/5.0 (Linux; Android 6.0.1; Nexus 5X Build/MMB29P) AppleWebKit/537.36 (KHTML, like Gecko) Chrome/88.0.4324.113 Mobile Safari/537.36 (compatible; Googlebot/2.1; +http://www.google.com/bot.html)"
66.249.65.118 - - [29/Jan/2021:00:29:12 +0000] "GET /68894rnma.jsp/css/Ym9vdHN0cmFwLm1pbi5jc3M6dGhlbWUuY3NzOmZvbnQtYXdlc29tZS5taW4uY3NzOmJvb3RzdHJhcC10b2dnbGUubWluLmNzczpwYWdlL2ZyZWUvZmFxLmNzcw==?v=fc92170e435349094fb71b88ed9d14fa HTTP/1.1" 200 10618 "http://www.caritas.org.mx/68894rnma.jsp" "Mozilla/5.0 (Linux; Android 6.0.1; Nexus 5X Build/MMB29P) AppleWebKit/537.36 (KHTML, like Gecko) Chrome/88.0.4324.114 Mobile Safari/537.36 (compatible; Googlebot/2.1; +http://www.google.com/bot.html)"
66.249.65.118 - - [29/Jan/2021:00:29:15 +0000] "GET /Soportes-y-caballetes-paddock-544721/ HTTP/1.1" 200 11031 "-" "Mozilla/5.0 (Linux; Android 6.0.1; Nexus 5X Build/MMB29P) AppleWebKit/537.36 (KHTML, like Gecko) Chrome/88.0.4324.113 Mobile Safari/537.36 (compatible; Googlebot/2.1; +http://www.google.com/bot.html)"
66.249.65.118 - - [29/Jan/2021:00:29:15 +0000] "GET /Autoradios/radio-2-DIN-para-VW-t5/29943/archives/css/Ym9vdHN0cmFwLm1pbi5jc3M6dGhlbWUuY3NzOmZvbnQtYXdlc29tZS5taW4uY3NzOmJvb3RzdHJhcC10b2dnbGUubWluLmNzczpwYWdlL2ZyZWUvZmFxLmNzcw==?v=fc92170e435349094fb71b88ed9d14fa HTTP/1.1" 200 16274 "http://www.caritas.org.mx/Autoradios/radio-2-DIN-para-VW-t5/29943/archives" "Mozilla/5.0 AppleWebKit/537.36 (KHTML, like Gecko; compatible; Googlebot/2.1; +http://www.google.com/bot.html) Chrome/88.0.4324.114 Safari/537.36"
66.249.65.118 - - [29/Jan/2021:00:29:16 +0000] "GET /Insignias-y-emblemas/c%C3%B3mic-decoraci%C3%B3n-auto-pegatinas-sticker-1101/484889//css/Ym9vdHN0cmFwLm1pbi5jc3M6dGhlbWUuY3NzOmZvbnQtYXdlc29tZS5taW4uY3NzOmJvb3RzdHJhcC10b2dnbGUubWluLmNzczpwYWdlL2ZyZWUvZmFxLmNzcw==?v=fc92170e435349094fb71b88ed9d14fa HTTP/1.1" 200 15085 "http://www.caritas.org.mx/Insignias-y-emblemas/c%C3%B3mic-decoraci%C3%B3n-auto-pegatinas-sticker-1101/484889/" "Mozilla/5.0 (Linux; Android 6.0.1; Nexus 5X Build/MMB29P) AppleWebKit/537.36 (KHTML, like Gecko) Chrome/88.0.4324.114 Mobile Safari/537.36 (compatible; Googlebot/2.1; +http://www.google.com/bot.html)"
66.249.65.100 - - [29/Jan/2021:00:29:16 +0000] "GET /advanceworksofficemarket-hako-bune/market10882932.QKx HTTP/1.1" 200 17381 "-" "Mozilla/5.0 (Linux; Android 6.0.1; Nexus 5X Build/MMB29P) AppleWebKit/537.36 (KHTML, like Gecko) Chrome/88.0.4324.113 Mobile Safari/537.36 (compatible; Googlebot/2.1; +http://www.google.com/bot.html)"
66.249.65.118 - - [29/Jan/2021:00:29:19 +0000] "GET /Motor:-piezas-y-accesorios-710650//css/Ym9vdHN0cmFwLm1pbi5jc3M6dGhlbWUuY3NzOmZvbnQtYXdlc29tZS5taW4uY3NzOmJvb3RzdHJhcC10b2dnbGUubWluLmNzczpwYWdlL2ZyZWUvZmFxLmNzcw==?v=fc92170e435349094fb71b88ed9d14fa HTTP/1.1" 200 24060 "http://www.caritas.org.mx/Motor:-piezas-y-accesorios-710650/" "Mozilla/5.0 (Linux; Android 6.0.1; Nexus 5X Build/MMB29P) AppleWebKit/537.36 (KHTML, like Gecko) Chrome/88.0.4324.114 Mobile Safari/537.36 (compatible; Googlebot/2.1; +http://www.google.com/bot.html)"
66.249.65.118 - - [29/Jan/2021:00:29:22 +0000] "GET /littletoughd-suizan-p-scratch/market111393934/members HTTP/1.1" 200 14341 "-" "Mozilla/5.0 (Linux; Android 6.0.1; Nexus 5X Build/MMB29P) AppleWebKit/537.36 (KHTML, like Gecko) Chrome/88.0.4324.113 Mobile Safari/537.36 (compatible; Googlebot/2.1; +http://www.google.com/bot.html)"
66.249.65.118 - - [29/Jan/2021:00:29:22 +0000] "GET /Motor:-piezas-y-accesorios-132732//ns.html?id=GTM-T9CDS8/ns.html?id=GTM-T9CDS8 HTTP/1.1" 200 12923 "-" "Mozilla/5.0 (Linux; Android 6.0.1; Nexus 5X Build/MMB29P) AppleWebKit/537.36 (KHTML, like Gecko) Chrome/88.0.4324.113 Mobile Safari/537.36 (compatible; Googlebot/2.1; +http://www.google.com/bot.html)"
66.249.65.118 - - [29/Jan/2021:00:29:23 +0000] "GET /Mandos-a-distancia-y-llaveros-para-coches-792371/members HTTP/1.1" 200 15515 "-" "Mozilla/5.0 (Linux; Android 6.0.1; Nexus 5X Build/MMB29P) AppleWebKit/537.36 (KHTML, like Gecko) Chrome/88.0.4324.113 Mobile Safari/537.36 (compatible; Googlebot/2.1; +http://www.google.com/bot.html)"
66.249.65.118 - - [29/Jan/2021:00:29:23 +0000] "GET /Herramientas-manuales-743020/contact/ns.html?id=GTM-T9CDS8 HTTP/1.1" 200 11263 "-" "Mozilla/5.0 (compatible; Googlebot/2.1; +http://www.google.com/bot.html)"
66.249.65.118 - - [29/Jan/2021:00:29:24 +0000] "GET /Otros/350-400-500-550-750-four-goma-casquillos/575771//css/Ym9vdHN0cmFwLm1pbi5jc3M6dGhlbWUuY3NzOmZvbnQtYXdlc29tZS5taW4uY3NzOmJvb3RzdHJhcC10b2dnbGUubWluLmNzczpwYWdlL2ZyZWUvZmFxLmNzcw==?v=fc92170e435349094fb71b88ed9d14fa HTTP/1.1" 200 15072 "http://www.caritas.org.mx/Otros/350-400-500-550-750-four-goma-casquillos/575771/" "Mozilla/5.0 (Linux; Android 6.0.1; Nexus 5X Build/MMB29P) AppleWebKit/537.36 (KHTML, like Gecko) Chrome/88.0.4324.114 Mobile Safari/537.36 (compatible; Googlebot/2.1; +http://www.google.com/bot.html)"
66.249.65.118 - - [29/Jan/2021:00:29:27 +0000] "GET /blog-post?ID=58920&DATE=20210129 HTTP/1.1" 200 16308 "-" "Mozilla/5.0 (Linux; Android 6.0.1; Nexus 5X Build/MMB29P) AppleWebKit/537.36 (KHTML, like Gecko) Chrome/88.0.4324.113 Mobile Safari/537.36 (compatible; Googlebot/2.1; +http://www.google.com/bot.html)"
66.249.65.118 - - [29/Jan/2021:00:29:31 +0000] "GET /Deflectores-de-aire/Tiida-20072016-Hatchback-4pc-Heko-Te%C3%B1ido/117463/archives/ns.html?id=GTM-T9CDS8 HTTP/1.1" 200 12922 "-" "Mozilla/5.0 (Linux; Android 6.0.1; Nexus 5X Build/MMB29P) AppleWebKit/537.36 (KHTML, like Gecko) Chrome/88.0.4324.118 Mobile Safari/537.36 (compatible; Googlebot/2.1; +http://www.google.com/bot.html)"
66.249.65.118 - - [29/Jan/2021:00:29:33 +0000] "GET /Barras-de-techo-y-bacas/Para-montar-2016-Honda-CRV-CRV-4x4-barras-de/59811//2015/15/30232/outsider-club-logo-100x100.png HTTP/1.1" 200 16082 "-" "Googlebot-Image/1.0"
223.95.112.107 - - [29/Jan/2021:00:29:34 +0000] "GET /Juntas-y-cierres-de-motor-635740/ HTTP/1.1" 404 45654 "-" "Mozilla/4.0 (compatible; MSIE 6.0; Windows NT 5.1)"
66.249.65.118 - - [29/Jan/2021:00:29:40 +0000] "GET /Motor:-piezas-y-accesorios-132732//ns.html?id=GTM-T9CDS8/ns.html?id=GTM-T9CDS8/css/Ym9vdHN0cmFwLm1pbi5jc3M6dGhlbWUuY3NzOmZvbnQtYXdlc29tZS5taW4uY3NzOmJvb3RzdHJhcC10b2dnbGUubWluLmNzczpwYWdlL2ZyZWUvZmFxLmNzcw==?v=fc92170e435349094fb71b88ed9d14fa HTTP/1.1" 200 12078 "http://www.caritas.org.mx/Motor:-piezas-y-accesorios-132732//ns.html?id=GTM-T9CDS8/ns.html?id=GTM-T9CDS8" "Mozilla/5.0 (Linux; Android 6.0.1; Nexus 5X Build/MMB29P) AppleWebKit/537.36 (KHTML, like Gecko) Chrome/88.0.4324.114 Mobile Safari/537.36 (compatible; Googlebot/2.1; +http://www.google.com/bot.html)"
66.249.65.118 - - [29/Jan/2021:00:29:41 +0000] "GET /Mandos-a-distancia-y-llaveros-para-coches-792371/members/css/Ym9vdHN0cmFwLm1pbi5jc3M6dGhlbWUuY3NzOmZvbnQtYXdlc29tZS5taW4uY3NzOmJvb3RzdHJhcC10b2dnbGUubWluLmNzczpwYWdlL2ZyZWUvZmFxLmNzcw==?v=fc92170e435349094fb71b88ed9d14fa HTTP/1.1" 200 15032 "http://www.caritas.org.mx/Mandos-a-distancia-y-llaveros-para-coches-792371/members" "Mozilla/5.0 (Linux; Android 6.0.1; Nexus 5X Build/MMB29P) AppleWebKit/537.36 (KHTML, like Gecko) Chrome/88.0.4324.114 Mobile Safari/537.36 (compatible; Googlebot/2.1; +http://www.google.com/bot.html)"
66.249.65.118 - - [29/Jan/2021:00:29:41 +0000] "GET /littletoughd-suizan-p-scratch/market10059226//css/Ym9vdHN0cmFwLm1pbi5jc3M6dGhlbWUuY3NzOmZvbnQtYXdlc29tZS5taW4uY3NzOmJvb3RzdHJhcC10b2dnbGUubWluLmNzczpwYWdlL2ZyZWUvZmFxLmNzcw==?v=fc92170e435349094fb71b88ed9d14fa HTTP/1.1" 200 26738 "http://www.caritas.org.mx/littletoughd-suizan-p-scratch/market10059226/" "Mozilla/5.0 (Linux; Android 6.0.1; Nexus 5X Build/MMB29P) AppleWebKit/537.36 (KHTML, like Gecko) Chrome/88.0.4324.114 Mobile Safari/537.36 (compatible; Googlebot/2.1; +http://www.google.com/bot.html)"
66.249.65.118 - - [29/Jan/2021:00:29:42 +0000] "GET /20210129/-64317/Facebook.asp HTTP/1.1" 200 15587 "-" "Mozilla/5.0 (Linux; Android 6.0.1; Nexus 5X Build/MMB29P) AppleWebKit/537.36 (KHTML, like Gecko) Chrome/88.0.4324.118 Mobile Safari/537.36 (compatible; Googlebot/2.1; +http://www.google.com/bot.html)"
66.249.65.118 - - [29/Jan/2021:00:29:43 +0000] "GET /Buj%C3%ADas-de-encendido/coupe-18-20-8292-4x-original/181051//css/Ym9vdHN0cmFwLm1pbi5jc3M6dGhlbWUuY3NzOmZvbnQtYXdlc29tZS5taW4uY3NzOmJvb3RzdHJhcC10b2dnbGUubWluLmNzczpwYWdlL2ZyZWUvZmFxLmNzcw==?v=fc92170e435349094fb71b88ed9d14fa HTTP/1.1" 200 9573 "http://www.caritas.org.mx/Buj%C3%ADas-de-encendido/coupe-18-20-8292-4x-original/181051/" "Mozilla/5.0 (Linux; Android 6.0.1; Nexus 5X Build/MMB29P) AppleWebKit/537.36 (KHTML, like Gecko) Chrome/88.0.4324.114 Mobile Safari/537.36 (compatible; Googlebot/2.1; +http://www.google.com/bot.html)"
157.55.39.148 - - [29/Jan/2021:00:29:47 +0000] "GET /Coches:-recambios-133033/ HTTP/1.1" 200 12145 "-" "Mozilla/5.0 (compatible; bingbot/2.0; +http://www.bing.com/bingbot.htm)"
66.249.65.118 - - [29/Jan/2021:00:29:48 +0000] "GET /20210129/2-31213/5mg_28.shtml HTTP/1.1" 200 20958 "-" "Mozilla/5.0 (Linux; Android 6.0.1; Nexus 5X Build/MMB29P) AppleWebKit/537.36 (KHTML, like Gecko) Chrome/88.0.4324.113 Mobile Safari/537.36 (compatible; Googlebot/2.1; +http://www.google.com/bot.html)"
66.249.65.118 - - [29/Jan/2021:00:29:51 +0000] "GET /20210129/-64317/Facebook.asp/css/Ym9vdHN0cmFwLm1pbi5jc3M6dGhlbWUuY3NzOmZvbnQtYXdlc29tZS5taW4uY3NzOmJvb3RzdHJhcC10b2dnbGUubWluLmNzczpwYWdlL2ZyZWUvZmFxLmNzcw==?v=fc92170e435349094fb71b88ed9d14fa HTTP/1.1" 200 12362 "http://www.caritas.org.mx/20210129/-64317/Facebook.asp" "Mozilla/5.0 (Linux; Android 6.0.1; Nexus 5X Build/MMB29P) AppleWebKit/537.36 (KHTML, like Gecko) Chrome/88.0.4324.114 Mobile Safari/537.36 (compatible; Googlebot/2.1; +http://www.google.com/bot.html)"
66.249.65.118 - - [29/Jan/2021:00:29:52 +0000] "GET /Otros/de-l%C3%ADnea-AN6-a-M12x15-Negro-m%C3%A9trica-invertida-de-la-llamarada/505492//ns.html?id=GTM-T9CDS8 HTTP/1.1" 200 14608 "-" "Mozilla/5.0 (compatible; Googlebot/2.1; +http://www.google.com/bot.html)"
66.249.65.118 - - [29/Jan/2021:00:29:53 +0000] "GET /Motores-de-arranque-y-rel%C3%A9s/BMW-R-1200-GS-Aventura-ABS-2012-punta-de/660637/contact/css/Ym9vdHN0cmFwLm1pbi5jc3M6dGhlbWUuY3NzOmZvbnQtYXdlc29tZS5taW4uY3NzOmJvb3RzdHJhcC10b2dnbGUubWluLmNzczpwYWdlL2ZyZWUvZmFxLmNzcw==?v=fc92170e435349094fb71b88ed9d14fa HTTP/1.1" 200 20053 "http://www.caritas.org.mx/Motores-de-arranque-y-rel%C3%A9s/BMW-R-1200-GS-Aventura-ABS-2012-punta-de/660637/contact" "Mozilla/5.0 (Linux; Android 6.0.1; Nexus 5X Build/MMB29P) AppleWebKit/537.36 (KHTML, like Gecko) Chrome/88.0.4324.114 Mobile Safari/537.36 (compatible; Googlebot/2.1; +http://www.google.com/bot.html)"
66.249.65.118 - - [29/Jan/2021:00:29:53 +0000] "GET /43361aziesndi.php/css/Ym9vdHN0cmFwLm1pbi5jc3M6dGhlbWUuY3NzOmZvbnQtYXdlc29tZS5taW4uY3NzOmJvb3RzdHJhcC10b2dnbGUubWluLmNzczpwYWdlL2ZyZWUvZmFxLmNzcw==?v=fc92170e435349094fb71b88ed9d14fa HTTP/1.1" 200 15886 "http://www.caritas.org.mx/43361aziesndi.php" "Mozilla/5.0 (Linux; Android 6.0.1; Nexus 5X Build/MMB29P) AppleWebKit/537.36 (KHTML, like Gecko) Chrome/88.0.4324.114 Mobile Safari/537.36 (compatible; Googlebot/2.1; +http://www.google.com/bot.html)"
66.249.65.118 - - [29/Jan/2021:00:29:59 +0000] "GET /Buj%C3%ADas-de-encendido/peugeot-206-16-20-BJ-0010/177465//favicon.ico HTTP/1.1" 200 19617 "-" "Googlebot-Image/1.0"
66.249.65.118 - - [29/Jan/2021:00:30:01 +0000] "GET /20210129/-36851/747.shtml HTTP/1.1" 200 11696 "-" "Mozilla/5.0 (Linux; Android 6.0.1; Nexus 5X Build/MMB29P) AppleWebKit/537.36 (KHTML, like Gecko) Chrome/88.0.4324.118 Mobile Safari/537.36 (compatible; Googlebot/2.1; +http://www.google.com/bot.html)"
66.249.65.118 - - [29/Jan/2021:00:30:09 +0000] "GET /Coches:-recambios-164764//css/Ym9vdHN0cmFwLm1pbi5jc3M6dGhlbWUuY3NzOmZvbnQtYXdlc29tZS5taW4uY3NzOmJvb3RzdHJhcC10b2dnbGUubWluLmNzczpwYWdlL2ZyZWUvZmFxLmNzcw==?v=fc92170e435349094fb71b88ed9d14fa HTTP/1.1" 200 12153 "http://www.caritas.org.mx/Coches:-recambios-164764/" "Mozilla/5.0 AppleWebKit/537.36 (KHTML, like Gecko; compatible; Googlebot/2.1; +http://www.google.com/bot.html) Chrome/88.0.4324.114 Safari/537.36"
66.249.65.118 - - [29/Jan/2021:00:30:10 +0000] "GET /Motor:-piezas-y-accesorios-80174/ HTTP/1.1" 200 11906 "-" "Mozilla/5.0 (Linux; Android 6.0.1; Nexus 5X Build/MMB29P) AppleWebKit/537.36 (KHTML, like Gecko) Chrome/88.0.4324.118 Mobile Safari/537.36 (compatible; Googlebot/2.1; +http://www.google.com/bot.html)"
66.249.65.118 - - [29/Jan/2021:00:30:15 +0000] "GET /Coche:-Hi-Fi,-GPS-y-tecnolog%C3%ADa-30473/ HTTP/1.1" 200 12057 "-" "Mozilla/5.0 (Linux; Android 6.0.1; Nexus 5X Build/MMB29P) AppleWebKit/537.36 (KHTML, like Gecko) Chrome/88.0.4324.118 Mobile Safari/537.36 (compatible; Googlebot/2.1; +http://www.google.com/bot.html)"
207.46.13.108 - - [29/Jan/2021:00:30:15 +0000] "GET /29754at78925.php HTTP/1.1" 200 14091 "-" "Mozilla/5.0 (compatible; bingbot/2.0; +http://www.bing.com/bingbot.htm)"
66.249.65.100 - - [29/Jan/2021:00:30:16 +0000] "GET /advanceworksofficemarket-hako-bune/market10805727.QKx HTTP/1.1" 200 14446 "-" "Mozilla/5.0 (Linux; Android 6.0.1; Nexus 5X Build/MMB29P) AppleWebKit/537.36 (KHTML, like Gecko) Chrome/88.0.4324.113 Mobile Safari/537.36 (compatible; Googlebot/2.1; +http://www.google.com/bot.html)"
66.249.65.118 - - [29/Jan/2021:00:30:16 +0000] "GET /20210129/-36851/747.shtml/css/Ym9vdHN0cmFwLm1pbi5jc3M6dGhlbWUuY3NzOmZvbnQtYXdlc29tZS5taW4uY3NzOmJvb3RzdHJhcC10b2dnbGUubWluLmNzczpwYWdlL2ZyZWUvZmFxLmNzcw==?v=fc92170e435349094fb71b88ed9d14fa HTTP/1.1" 200 10932 "http://www.caritas.org.mx/20210129/-36851/747.shtml" "Mozilla/5.0 (Linux; Android 6.0.1; Nexus 5X Build/MMB29P) AppleWebKit/537.36 (KHTML, like Gecko) Chrome/88.0.4324.114 Mobile Safari/537.36 (compatible; Googlebot/2.1; +http://www.google.com/bot.html)"
13.66.139.11 - - [29/Jan/2021:00:30:22 +0000] "GET /sitemapimages122.xml HTTP/1.1" 200 21649 "-" "Mozilla/5.0 (compatible; bingbot/2.0; +http://www.bing.com/bingbot.htm)"
66.249.65.118 - - [29/Jan/2021:00:30:25 +0000] "GET /littletoughd-suizan-p-scratch/market106552587/editors/css/Ym9vdHN0cmFwLm1pbi5jc3M6dGhlbWUuY3NzOmZvbnQtYXdlc29tZS5taW4uY3NzOmJvb3RzdHJhcC10b2dnbGUubWluLmNzczpwYWdlL2ZyZWUvZmFxLmNzcw==?v=fc92170e435349094fb71b88ed9d14fa HTTP/1.1" 200 12702 "http://www.caritas.org.mx/littletoughd-suizan-p-scratch/market106552587/editors" "Mozilla/5.0 (Linux; Android 6.0.1; Nexus 5X Build/MMB29P) AppleWebKit/537.36 (KHTML, like Gecko) Chrome/88.0.4324.114 Mobile Safari/537.36 (compatible; Googlebot/2.1; +http://www.google.com/bot.html)"
66.249.65.118 - - [29/Jan/2021:00:30:25 +0000] "GET /Otros/dpa-distribuidor-injection-Pump-Monark-12v/92359//2015/15/30232/outsider-club-logo-100x100.png HTTP/1.1" 200 13372 "-" "Googlebot-Image/1.0"
66.249.65.118 - - [29/Jan/2021:00:30:26 +0000] "GET /Viaje-60982//css/Ym9vdHN0cmFwLm1pbi5jc3M6dGhlbWUuY3NzOmZvbnQtYXdlc29tZS5taW4uY3NzOmJvb3RzdHJhcC10b2dnbGUubWluLmNzczpwYWdlL2ZyZWUvZmFxLmNzcw==?v=fc92170e435349094fb71b88ed9d14fa HTTP/1.1" 200 14595 "http://www.caritas.org.mx/Viaje-60982/" "Mozilla/5.0 (Linux; Android 6.0.1; Nexus 5X Build/MMB29P) AppleWebKit/537.36 (KHTML, like Gecko) Chrome/88.0.4324.114 Mobile Safari/537.36 (compatible; Googlebot/2.1; +http://www.google.com/bot.html)"
66.249.65.118 - - [29/Jan/2021:00:30:29 +0000] "GET /Marcos-de-montaje-12365/editors HTTP/1.1" 200 14227 "-" "Mozilla/5.0 (compatible; Googlebot/2.1; +http://www.google.com/bot.html)"
66.249.65.118 - - [29/Jan/2021:00:30:30 +0000] "GET /85477ie09866.html/css/Ym9vdHN0cmFwLm1pbi5jc3M6dGhlbWUuY3NzOmZvbnQtYXdlc29tZS5taW4uY3NzOmJvb3RzdHJhcC10b2dnbGUubWluLmNzczpwYWdlL2ZyZWUvZmFxLmNzcw==?v=fc92170e435349094fb71b88ed9d14fa HTTP/1.1" 200 14930 "http://www.caritas.org.mx/85477ie09866.html" "Mozilla/5.0 (Linux; Android 6.0.1; Nexus 5X Build/MMB29P) AppleWebKit/537.36 (KHTML, like Gecko) Chrome/88.0.4324.114 Mobile Safari/537.36 (compatible; Googlebot/2.1; +http://www.google.com/bot.html)"
66.249.65.118 - - [29/Jan/2021:00:30:33 +0000] "GET /Motor:-piezas-y-accesorios-167286//css/Ym9vdHN0cmFwLm1pbi5jc3M6dGhlbWUuY3NzOmZvbnQtYXdlc29tZS5taW4uY3NzOmJvb3RzdHJhcC10b2dnbGUubWluLmNzczpwYWdlL2ZyZWUvZmFxLmNzcw==?v=fc92170e435349094fb71b88ed9d14fa HTTP/1.1" 200 14915 "http://www.caritas.org.mx/Motor:-piezas-y-accesorios-167286/" "Mozilla/5.0 (Linux; Android 6.0.1; Nexus 5X Build/MMB29P) AppleWebKit/537.36 (KHTML, like Gecko) Chrome/88.0.4324.114 Mobile Safari/537.36 (compatible; Googlebot/2.1; +http://www.google.com/bot.html)"
66.249.65.118 - - [29/Jan/2021:00:30:37 +0000] "GET /Recambios-de-carrocer%C3%ADa-y-exteriores-para-coches-829773//css/Ym9vdHN0cmFwLm1pbi5jc3M6dGhlbWUuY3NzOmZvbnQtYXdlc29tZS5taW4uY3NzOmJvb3RzdHJhcC10b2dnbGUubWluLmNzczpwYWdlL2ZyZWUvZmFxLmNzcw==?v=fc92170e435349094fb71b88ed9d14fa HTTP/1.1" 200 14363 "http://www.caritas.org.mx/Recambios-de-carrocer%C3%ADa-y-exteriores-para-coches-829773/" "Mozilla/5.0 (Linux; Android 6.0.1; Nexus 5X Build/MMB29P) AppleWebKit/537.36 (KHTML, like Gecko) Chrome/88.0.4324.114 Mobile Safari/537.36 (compatible; Googlebot/2.1; +http://www.google.com/bot.html)"
66.249.65.100 - - [29/Jan/2021:00:30:39 +0000] "GET /MLI88517ML29X6BQ.jsp HTTP/1.1" 200 26730 "-" "Mozilla/5.0 (Linux; Android 6.0.1; Nexus 5X Build/MMB29P) AppleWebKit/537.36 (KHTML, like Gecko) Chrome/88.0.4324.118 Mobile Safari/537.36 (compatible; Googlebot/2.1; +http://www.google.com/bot.html)"
66.249.65.118 - - [29/Jan/2021:00:30:39 +0000] "GET /Motor:-piezas-y-accesorios-399885//css/Ym9vdHN0cmFwLm1pbi5jc3M6dGhlbWUuY3NzOmZvbnQtYXdlc29tZS5taW4uY3NzOmJvb3RzdHJhcC10b2dnbGUubWluLmNzczpwYWdlL2ZyZWUvZmFxLmNzcw==?v=fc92170e435349094fb71b88ed9d14fa HTTP/1.1" 200 6844 "http://www.caritas.org.mx/Motor:-piezas-y-accesorios-399885/" "Mozilla/5.0 (Linux; Android 6.0.1; Nexus 5X Build/MMB29P) AppleWebKit/537.36 (KHTML, like Gecko) Chrome/88.0.4324.114 Mobile Safari/537.36 (compatible; Googlebot/2.1; +http://www.google.com/bot.html)"
66.249.65.118 - - [29/Jan/2021:00:30:44 +0000] "GET /Carrocer%C3%ADa-y-exteriores-151180//css/Ym9vdHN0cmFwLm1pbi5jc3M6dGhlbWUuY3NzOmZvbnQtYXdlc29tZS5taW4uY3NzOmJvb3RzdHJhcC10b2dnbGUubWluLmNzczpwYWdlL2ZyZWUvZmFxLmNzcw==?v=fc92170e435349094fb71b88ed9d14fa HTTP/1.1" 200 12067 "http://www.caritas.org.mx/Carrocer%C3%ADa-y-exteriores-151180/" "Mozilla/5.0 (Linux; Android 6.0.1; Nexus 5X Build/MMB29P) AppleWebKit/537.36 (KHTML, like Gecko) Chrome/88.0.4324.114 Mobile Safari/537.36 (compatible; Googlebot/2.1; +http://www.google.com/bot.html)"
66.249.65.118 - - [29/Jan/2021:00:30:44 +0000] "GET /Brazos-de-control-y-piezas/FB-di%C3%A1metro-interno-mm-Subalmac%C3%A9n-Querlenker/416581/archives/css/Ym9vdHN0cmFwLm1pbi5jc3M6dGhlbWUuY3NzOmZvbnQtYXdlc29tZS5taW4uY3NzOmJvb3RzdHJhcC10b2dnbGUubWluLmNzczpwYWdlL2ZyZWUvZmFxLmNzcw==?v=fc92170e435349094fb71b88ed9d14fa HTTP/1.1" 200 10695 "http://www.caritas.org.mx/Brazos-de-control-y-piezas/FB-di%C3%A1metro-interno-mm-Subalmac%C3%A9n-Querlenker/416581/archives" "Mozilla/5.0 AppleWebKit/537.36 (KHTML, like Gecko; compatible; Googlebot/2.1; +http://www.google.com/bot.html) Chrome/88.0.4324.114 Safari/537.36"
66.249.65.118 - - [29/Jan/2021:00:30:49 +0000] "GET /littletoughd-suizan-p-scratch/market111273973//css/Ym9vdHN0cmFwLm1pbi5jc3M6dGhlbWUuY3NzOmZvbnQtYXdlc29tZS5taW4uY3NzOmJvb3RzdHJhcC10b2dnbGUubWluLmNzczpwYWdlL2ZyZWUvZmFxLmNzcw==?v=fc92170e435349094fb71b88ed9d14fa HTTP/1.1" 200 22803 "http://www.caritas.org.mx/littletoughd-suizan-p-scratch/market111273973/" "Mozilla/5.0 (Linux; Android 6.0.1; Nexus 5X Build/MMB29P) AppleWebKit/537.36 (KHTML, like Gecko) Chrome/88.0.4324.114 Mobile Safari/537.36 (compatible; Googlebot/2.1; +http://www.google.com/bot.html)"
66.249.65.118 - - [29/Jan/2021:00:30:49 +0000] "GET /Radiadores-para-coches/Aluminio-50mm-Radiador-Rad-Para-Toyota-Supra-Turbo/845440//css/Ym9vdHN0cmFwLm1pbi5jc3M6dGhlbWUuY3NzOmZvbnQtYXdlc29tZS5taW4uY3NzOmJvb3RzdHJhcC10b2dnbGUubWluLmNzczpwYWdlL2ZyZWUvZmFxLmNzcw==?v=fc92170e435349094fb71b88ed9d14fa HTTP/1.1" 200 7198 "http://www.caritas.org.mx/Radiadores-para-coches/Aluminio-50mm-Radiador-Rad-Para-Toyota-Supra-Turbo/845440/" "Mozilla/5.0 (Linux; Android 6.0.1; Nexus 5X Build/MMB29P) AppleWebKit/537.36 (KHTML, like Gecko) Chrome/88.0.4324.114 Mobile Safari/537.36 (compatible; Googlebot/2.1; +http://www.google.com/bot.html)"
66.249.65.118 - - [29/Jan/2021:00:30:51 +0000] "GET /20210117/-14646/PSHC_Cane_Non_Sterile.html/ns.html?id=GTM-T9CDS8/css/Ym9vdHN0cmFwLm1pbi5jc3M6dGhlbWUuY3NzOmZvbnQtYXdlc29tZS5taW4uY3NzOmJvb3RzdHJhcC10b2dnbGUubWluLmNzczpwYWdlL2ZyZWUvZmFxLmNzcw==?v=fc92170e435349094fb71b88ed9d14fa HTTP/1.1" 200 12447 "http://www.caritas.org.mx/20210117/-14646/PSHC_Cane_Non_Sterile.html/ns.html?id=GTM-T9CDS8" "Mozilla/5.0 AppleWebKit/537.36 (KHTML, like Gecko; compatible; Googlebot/2.1; +http://www.google.com/bot.html) Chrome/88.0.4324.114 Safari/537.36"
66.249.65.118 - - [29/Jan/2021:00:30:51 +0000] "GET /Encendido-174059//2015/15/30232/outsider-club-logo-100x100.png HTTP/1.1" 200 13672 "-" "Googlebot-Image/1.0"
66.249.65.118 - - [29/Jan/2021:00:30:53 +0000] "GET /Amortiguadores/doble-estabilizador-de-direcci%C3%B3n-amortiguador-ayuda/395126//css/Ym9vdHN0cmFwLm1pbi5jc3M6dGhlbWUuY3NzOmZvbnQtYXdlc29tZS5taW4uY3NzOmJvb3RzdHJhcC10b2dnbGUubWluLmNzczpwYWdlL2ZyZWUvZmFxLmNzcw==?v=fc92170e435349094fb71b88ed9d14fa HTTP/1.1" 200 20765 "http://www.caritas.org.mx/Amortiguadores/doble-estabilizador-de-direcci%C3%B3n-amortiguador-ayuda/395126/" "Mozilla/5.0 AppleWebKit/537.36 (KHTML, like Gecko; compatible; Googlebot/2.1; +http://www.google.com/bot.html) Chrome/88.0.4324.114 Safari/537.36"
66.249.65.118 - - [29/Jan/2021:00:30:53 +0000] "GET /Fundas-asiento/VOLKSWAGEN-Jetta-Premium-VW-protectores-de-cubiertas-de-asiento/49854//css/Ym9vdHN0cmFwLm1pbi5jc3M6dGhlbWUuY3NzOmZvbnQtYXdlc29tZS5taW4uY3NzOmJvb3RzdHJhcC10b2dnbGUubWluLmNzczpwYWdlL2ZyZWUvZmFxLmNzcw==?v=fc92170e435349094fb71b88ed9d14fa HTTP/1.1" 200 8691 "http://www.caritas.org.mx/Fundas-asiento/VOLKSWAGEN-Jetta-Premium-VW-protectores-de-cubiertas-de-asiento/49854/" "Mozilla/5.0 AppleWebKit/537.36 (KHTML, like Gecko; compatible; Googlebot/2.1; +http://www.google.com/bot.html) Chrome/88.0.4324.114 Safari/537.36"
66.249.65.118 - - [29/Jan/2021:00:30:58 +0000] "GET /Otros/de-aceite-distribuidores-Acelerador-de-crucero-completo-TUTB/711187//ns.html?id=GTM-T9CDS8/ns.html?id=GTM-T9CDS8 HTTP/1.1" 200 21426 "-" "Mozilla/5.0 (compatible; Googlebot/2.1; +http://www.google.com/bot.html)"
66.249.65.118 - - [29/Jan/2021:00:31:07 +0000] "GET /Otros/Fit-Caterham-PF8902-Powerflex-Peque%C3%B1o/541433/ HTTP/1.1" 200 13146 "-" "Mozilla/5.0 (Linux; Android 6.0.1; Nexus 5X Build/MMB29P) AppleWebKit/537.36 (KHTML, like Gecko) Chrome/88.0.4324.118 Mobile Safari/537.36 (compatible; Googlebot/2.1; +http://www.google.com/bot.html)"
66.249.65.122 - - [29/Jan/2021:00:31:09 +0000] "GET /littletoughd-suizan-p-scratch/market111393934/members/css/Ym9vdHN0cmFwLm1pbi5jc3M6dGhlbWUuY3NzOmZvbnQtYXdlc29tZS5taW4uY3NzOmJvb3RzdHJhcC10b2dnbGUubWluLmNzczpwYWdlL2ZyZWUvZmFxLmNzcw==?v=fc92170e435349094fb71b88ed9d14fa HTTP/1.1" 200 15190 "http://www.caritas.org.mx/littletoughd-suizan-p-scratch/market111393934/members" "Mozilla/5.0 (Linux; Android 6.0.1; Nexus 5X Build/MMB29P) AppleWebKit/537.36 (KHTML, like Gecko) Chrome/88.0.4324.114 Mobile Safari/537.36 (compatible; Googlebot/2.1; +http://www.google.com/bot.html)"
172.105.235.219 - - [29/Jan/2021:00:31:10 +0000] "GET /Equipamiento-interior-200467/ HTTP/1.1" 404 45644 "http://www.caritas.org.mx/" "Mozilla/5.0 (Windows NT 10.0; Win64; x64) AppleWebKit/505.0 (KHTML, like Gecko) Chrome/70.0.3498.113 Safari/505.0"
66.249.65.120 - - [29/Jan/2021:00:31:13 +0000] "GET /Otros-accesorios-para-motos/TRACER-900-GT-20182019-GIVI-PARAMOTORE/788779/contact/css/Ym9vdHN0cmFwLm1pbi5jc3M6dGhlbWUuY3NzOmZvbnQtYXdlc29tZS5taW4uY3NzOmJvb3RzdHJhcC10b2dnbGUubWluLmNzczpwYWdlL2ZyZWUvZmFxLmNzcw==?v=fc92170e435349094fb71b88ed9d14fa HTTP/1.1" 200 12289 "http://www.caritas.org.mx/Otros-accesorios-para-motos/TRACER-900-GT-20182019-GIVI-PARAMOTORE/788779/contact" "Mozilla/5.0 (Linux; Android 6.0.1; Nexus 5X Build/MMB29P) AppleWebKit/537.36 (KHTML, like Gecko) Chrome/88.0.4324.114 Mobile Safari/537.36 (compatible; Googlebot/2.1; +http://www.google.com/bot.html)"
66.249.65.120 - - [29/Jan/2021:00:31:13 +0000] "GET /Toma-de-aire/dist.-combustible-675580/ HTTP/1.1" 200 15319 "-" "Mozilla/5.0 (Linux; Android 6.0.1; Nexus 5X Build/MMB29P) AppleWebKit/537.36 (KHTML, like Gecko) Chrome/88.0.4324.113 Mobile Safari/537.36 (compatible; Googlebot/2.1; +http://www.google.com/bot.html)"
66.249.65.118 - - [29/Jan/2021:00:31:17 +0000] "GET /Frenos-y-componenentes-de-frenos-para-motos-848639//favicon.ico HTTP/1.1" 200 12566 "-" "Googlebot-Image/1.0"
66.249.65.118 - - [29/Jan/2021:00:31:21 +0000] "GET /Otros-recambios-para-motos-878213//css/Ym9vdHN0cmFwLm1pbi5jc3M6dGhlbWUuY3NzOmZvbnQtYXdlc29tZS5taW4uY3NzOmJvb3RzdHJhcC10b2dnbGUubWluLmNzczpwYWdlL2ZyZWUvZmFxLmNzcw==?v=fc92170e435349094fb71b88ed9d14fa HTTP/1.1" 200 14315 "http://www.caritas.org.mx/Otros-recambios-para-motos-878213/" "Mozilla/5.0 (Linux; Android 6.0.1; Nexus 5X Build/MMB29P) AppleWebKit/537.36 (KHTML, like Gecko) Chrome/88.0.4324.114 Mobile Safari/537.36 (compatible; Googlebot/2.1; +http://www.google.com/bot.html)"
66.249.65.100 - - [29/Jan/2021:00:31:26 +0000] "GET /py-19150/books/books/ HTTP/1.1" 200 18558 "-" "Mozilla/5.0 (compatible; Googlebot/2.1; +http://www.google.com/bot.html)"
