2021/01/29 00:56:16 [error] 700#700: *120841 open() "/home/187653.cloudwaysapps.com/gvqnvjsjsq/public_html/Motos:-recambios-568818/favicon.ico" failed (2: No such file or directory), client: 66.249.65.118, server: woocommerce-187653-554632.cloudwaysapps.com, request: "GET /Motos:-recambios-568818//favicon.ico HTTP/1.1", host: "www.caritas.org.mx"
2021/01/29 00:56:37 [error] 700#700: *120855 open() "/home/187653.cloudwaysapps.com/gvqnvjsjsq/public_html/32636/members/2015/15/30232/outsider-club-logo-100x100.png" failed (2: No such file or directory), client: 66.249.69.118, server: woocommerce-187653-554632.cloudwaysapps.com, request: "GET /32636//members/2015/15/30232/outsider-club-logo-100x100.png HTTP/1.1", host: "www.caritas.org.mx"
2021/01/29 00:56:48 [error] 700#700: *120861 open() "/home/187653.cloudwaysapps.com/gvqnvjsjsq/public_html/littletoughd-suizan-p-scratch/market102955270/ns.html" failed (2: No such file or directory), client: 66.249.65.118, server: woocommerce-187653-554632.cloudwaysapps.com, request: "GET /littletoughd-suizan-p-scratch/market102955270//ns.html?id=GTM-T9CDS8/css/Ym9vdHN0cmFwLm1pbi5jc3M6dGhlbWUuY3NzOmZvbnQtYXdlc29tZS5taW4uY3NzOmJvb3RzdHJhcC10b2dnbGUubWluLmNzczpwYWdlL2ZyZWUvZmFxLmNzcw==?v=fc92170e435349094fb71b88ed9d14fa HTTP/1.1", host: "www.caritas.org.mx", referrer: "http://www.caritas.org.mx/littletoughd-suizan-p-scratch/market102955270//ns.html?id=GTM-T9CDS8"
2021/01/29 00:56:59 [error] 700#700: *120883 open() "/home/187653.cloudwaysapps.com/gvqnvjsjsq/public_html/74809/icons/CCRMALogoSmall.gif" failed (2: No such file or directory), client: 66.249.65.113, server: woocommerce-187653-554632.cloudwaysapps.com, request: "GET /74809/icons/CCRMALogoSmall.gif HTTP/1.1", host: "www.caritas.org.mx"
2021/01/29 00:57:20 [error] 700#700: *120895 open() "/home/187653.cloudwaysapps.com/gvqnvjsjsq/public_html/Otros-725126/2015/15/30232/outsider-club-logo-100x100.png" failed (2: No such file or directory), client: 66.249.65.118, server: woocommerce-187653-554632.cloudwaysapps.com, request: "GET /Otros-725126//2015/15/30232/outsider-club-logo-100x100.png HTTP/1.1", host: "www.caritas.org.mx"
2021/01/29 00:57:39 [error] 700#700: *120897 open() "/home/187653.cloudwaysapps.com/gvqnvjsjsq/public_html/favicon.ico" failed (2: No such file or directory), client: 201.162.246.69, server: woocommerce-187653-554632.cloudwaysapps.com, request: "GET /favicon.ico HTTP/2.0", host: "www.caritas.org.mx", referrer: "https://www.caritas.org.mx/que-lleva-una-despensa-basica/"
2021/01/29 00:57:56 [error] 700#700: *114298 open() "/home/187653.cloudwaysapps.com/gvqnvjsjsq/public_html/32751wq2197.html" failed (2: No such file or directory), client: 66.249.65.100, server: woocommerce-187653-554632.cloudwaysapps.com, request: "GET /32751wq2197.html HTTP/2.0", host: "www.caritas.org.mx"
2021/01/29 00:58:03 [error] 700#700: *120946 open() "/home/187653.cloudwaysapps.com/gvqnvjsjsq/public_html/Barras-de-refuerzo-534510/favicon.ico" failed (2: No such file or directory), client: 66.249.65.122, server: woocommerce-187653-554632.cloudwaysapps.com, request: "GET /Barras-de-refuerzo-534510//favicon.ico HTTP/1.1", host: "www.caritas.org.mx"
2021/01/29 00:58:27 [error] 13413#13413: *120969 open() "/home/187653.cloudwaysapps.com/gvqnvjsjsq/public_html/20610qmvfcrr.php/favicon.ico" failed (2: No such file or directory), client: 66.249.65.118, server: woocommerce-187653-554632.cloudwaysapps.com, request: "GET /20610qmvfcrr.php/favicon.ico HTTP/1.1", host: "www.caritas.org.mx"
2021/01/29 00:58:45 [error] 13413#13413: *120990 open() "/home/187653.cloudwaysapps.com/gvqnvjsjsq/public_html/Motor:-piezas-y-accesorios-395050/2015/15/30232/outsider-club-logo-100x100.png" failed (2: No such file or directory), client: 66.249.65.118, server: woocommerce-187653-554632.cloudwaysapps.com, request: "GET /Motor:-piezas-y-accesorios-395050//2015/15/30232/outsider-club-logo-100x100.png HTTP/1.1", host: "www.caritas.org.mx"
2021/01/29 00:58:49 [error] 13413#13413: *120997 open() "/home/187653.cloudwaysapps.com/gvqnvjsjsq/public_html/favicon.ico" failed (2: No such file or directory), client: 187.191.8.12, server: woocommerce-187653-554632.cloudwaysapps.com, request: "GET /favicon.ico HTTP/2.0", host: "www.caritas.org.mx", referrer: "https://www.caritas.org.mx/que-lleva-una-despensa-basica/"
2021/01/29 00:59:01 [error] 13413#13413: *120994 open() "/home/187653.cloudwaysapps.com/gvqnvjsjsq/public_html/favicon.ico" failed (2: No such file or directory), client: 201.162.246.69, server: woocommerce-187653-554632.cloudwaysapps.com, request: "GET /favicon.ico HTTP/2.0", host: "www.caritas.org.mx", referrer: "https://www.caritas.org.mx/que-lleva-una-despensa-basica/"
2021/01/29 00:59:07 [error] 13413#13413: *121028 open() "/home/187653.cloudwaysapps.com/gvqnvjsjsq/public_html/71160nppmpf.loc/favicon.ico" failed (2: No such file or directory), client: 66.249.65.118, server: woocommerce-187653-554632.cloudwaysapps.com, request: "GET /71160nppmpf.loc/favicon.ico HTTP/1.1", host: "www.caritas.org.mx"
2021/01/29 00:59:28 [error] 13413#13413: *121038 open() "/home/187653.cloudwaysapps.com/gvqnvjsjsq/public_html/littletoughd-suizan-p-scratch/market105364344/2015/15/30232/outsider-club-logo-100x100.png" failed (2: No such file or directory), client: 66.249.65.118, server: woocommerce-187653-554632.cloudwaysapps.com, request: "GET /littletoughd-suizan-p-scratch/market105364344//2015/15/30232/outsider-club-logo-100x100.png HTTP/1.1", host: "www.caritas.org.mx"
2021/01/29 00:59:47 [error] 13413#13413: *121067 open() "/home/187653.cloudwaysapps.com/gvqnvjsjsq/public_html/Pastillas-freno-853313/2015/15/30232/outsider-club-logo-100x100.png" failed (2: No such file or directory), client: 40.77.167.70, server: woocommerce-187653-554632.cloudwaysapps.com, request: "GET /Pastillas-freno-853313//2015/15/30232/outsider-club-logo-100x100.png HTTP/1.1", host: "www.caritas.org.mx"
2021/01/29 00:59:50 [error] 13413#13413: *121069 open() "/home/187653.cloudwaysapps.com/gvqnvjsjsq/public_html/Fundas-asiento/parte-trasera-de-Cubierta-de-asiento-de-cocheTejido/50090/contact/2015/15/30232/outsider-club-logo-100x100.png" failed (2: No such file or directory), client: 66.249.65.118, server: woocommerce-187653-554632.cloudwaysapps.com, request: "GET /Fundas-asiento/parte-trasera-de-Cubierta-de-asiento-de-cocheTejido/50090/contact/2015/15/30232/outsider-club-logo-100x100.png HTTP/1.1", host: "www.caritas.org.mx"
2021/01/29 00:59:52 [error] 13413#13413: *120975 access forbidden by rule, client: 66.249.65.100, server: woocommerce-187653-554632.cloudwaysapps.com, request: "GET /jsp-18671/.htm HTTP/2.0", host: "www.caritas.org.mx"
2021/01/29 00:59:53 [error] 13413#13413: *121069 open() "/home/187653.cloudwaysapps.com/gvqnvjsjsq/public_html/jsp-34878/747.html" failed (2: No such file or directory), client: 66.249.65.118, server: woocommerce-187653-554632.cloudwaysapps.com, request: "GET /jsp-34878/747.html HTTP/1.1", host: "www.caritas.org.mx"
2021/01/29 01:00:11 [error] 13413#13413: *121087 open() "/home/187653.cloudwaysapps.com/gvqnvjsjsq/public_html/90946ah62.htm/ns.html" failed (2: No such file or directory), client: 66.249.65.118, server: woocommerce-187653-554632.cloudwaysapps.com, request: "GET /90946ah62.htm/ns.html?id=GTM-T9CDS8/2015/15/30232/outsider-club-logo-100x100.png HTTP/1.1", host: "www.caritas.org.mx"
2021/01/29 01:00:32 [error] 13413#13413: *121105 open() "/home/187653.cloudwaysapps.com/gvqnvjsjsq/public_html/48295dm81.loc/2015/15/30232/outsider-club-logo-100x100.png" failed (2: No such file or directory), client: 66.249.65.118, server: woocommerce-187653-554632.cloudwaysapps.com, request: "GET /48295dm81.loc/2015/15/30232/outsider-club-logo-100x100.png HTTP/1.1", host: "www.caritas.org.mx"
2021/01/29 01:00:54 [error] 13413#13413: *121131 open() "/home/187653.cloudwaysapps.com/gvqnvjsjsq/public_html/Coches:-recambios-451900/editors/2015/15/30232/outsider-club-logo-100x100.png" failed (2: No such file or directory), client: 66.249.65.118, server: woocommerce-187653-554632.cloudwaysapps.com, request: "GET /Coches:-recambios-451900/editors/2015/15/30232/outsider-club-logo-100x100.png HTTP/1.1", host: "www.caritas.org.mx"
2021/01/29 01:01:03 [error] 13413#13413: *120975 open() "/home/187653.cloudwaysapps.com/gvqnvjsjsq/public_html/html-3813/index.html" failed (2: No such file or directory), client: 66.249.65.100, server: woocommerce-187653-554632.cloudwaysapps.com, request: "GET /html-3813/index.html HTTP/2.0", host: "www.caritas.org.mx"
2021/01/29 01:01:15 [error] 13413#13413: *121149 open() "/home/187653.cloudwaysapps.com/gvqnvjsjsq/public_html/Juntas-y-cierres-de-motor/20002001-Tapa-del-motor-izquierdo-lima-tapa-para-Honda-CBR/635783/2015/15/30232/outsider-club-logo-100x100.png" failed (2: No such file or directory), client: 66.249.65.118, server: woocommerce-187653-554632.cloudwaysapps.com, request: "GET /Juntas-y-cierres-de-motor/20002001-Tapa-del-motor-izquierdo-lima-tapa-para-Honda-CBR/635783//2015/15/30232/outsider-club-logo-100x100.png HTTP/1.1", host: "www.caritas.org.mx"
2021/01/29 01:01:37 [error] 13413#13413: *121166 open() "/home/187653.cloudwaysapps.com/gvqnvjsjsq/public_html/Coches:-tuning-y-styling-488841/favicon.ico" failed (2: No such file or directory), client: 66.249.65.118, server: woocommerce-187653-554632.cloudwaysapps.com, request: "GET /Coches:-tuning-y-styling-488841//favicon.ico HTTP/1.1", host: "www.caritas.org.mx"
2021/01/29 01:01:42 [error] 13413#13413: *121177 open() "/home/187653.cloudwaysapps.com/gvqnvjsjsq/public_html/20210129/-44650/747.html" failed (2: No such file or directory), client: 66.249.65.118, server: woocommerce-187653-554632.cloudwaysapps.com, request: "GET /20210129/-44650/747.html HTTP/1.1", host: "www.caritas.org.mx"
2021/01/29 01:01:48 [error] 13413#13413: *121185 open() "/home/187653.cloudwaysapps.com/gvqnvjsjsq/public_html/html-71321/Facebook.htm" failed (2: No such file or directory), client: 66.249.65.118, server: woocommerce-187653-554632.cloudwaysapps.com, request: "GET /html-71321/Facebook.htm HTTP/1.1", host: "www.caritas.org.mx"
2021/01/29 01:01:58 [error] 13413#13413: *121194 open() "/home/187653.cloudwaysapps.com/gvqnvjsjsq/public_html/tem/Paget/036217601bd=dccdeba&pd=i529t4Uo.metalaw/2015/15/30232/outsider-club-logo-100x100.png" failed (2: No such file or directory), client: 66.249.65.118, server: woocommerce-187653-554632.cloudwaysapps.com, request: "GET /tem/Paget/036217601bd=dccdeba&pd=i529t4Uo.metalaw/2015/15/30232/outsider-club-logo-100x100.png HTTP/1.1", host: "www.caritas.org.mx"
2021/01/29 01:02:19 [error] 13413#13413: *121209 open() "/home/187653.cloudwaysapps.com/gvqnvjsjsq/public_html/Condensadores/De-Aire-Con-Radiador-Nissan-Micra-K14-año/99746/2015/15/30232/outsider-club-logo-100x100.png" failed (2: No such file or directory), client: 66.249.65.118, server: woocommerce-187653-554632.cloudwaysapps.com, request: "GET /Condensadores/De-Aire-Con-Radiador-Nissan-Micra-K14-a%C3%B1o/99746//2015/15/30232/outsider-club-logo-100x100.png HTTP/1.1", host: "www.caritas.org.mx"
2021/01/29 01:02:39 [error] 13413#13413: *120975 open() "/home/187653.cloudwaysapps.com/gvqnvjsjsq/public_html/2302/jos.css" failed (2: No such file or directory), client: 66.249.65.100, server: woocommerce-187653-554632.cloudwaysapps.com, request: "GET /2302/jos.css HTTP/2.0", host: "www.caritas.org.mx", referrer: "https://www.caritas.org.mx/2302//68442879.loc"
2021/01/29 01:02:41 [error] 13413#13413: *121216 open() "/home/187653.cloudwaysapps.com/gvqnvjsjsq/public_html/Coches:-recambios-413926/2015/15/30232/outsider-club-logo-100x100.png" failed (2: No such file or directory), client: 66.249.65.118, server: woocommerce-187653-554632.cloudwaysapps.com, request: "GET /Coches:-recambios-413926//2015/15/30232/outsider-club-logo-100x100.png HTTP/1.1", host: "www.caritas.org.mx"
2021/01/29 01:03:02 [error] 13413#13413: *121251 open() "/home/187653.cloudwaysapps.com/gvqnvjsjsq/public_html/Otros-718641/2015/15/30232/outsider-club-logo-100x100.png" failed (2: No such file or directory), client: 66.249.65.118, server: woocommerce-187653-554632.cloudwaysapps.com, request: "GET /Otros-718641//2015/15/30232/outsider-club-logo-100x100.png HTTP/1.1", host: "www.caritas.org.mx"
2021/01/29 01:03:37 [error] 13413#13413: *121277 open() "/home/187653.cloudwaysapps.com/gvqnvjsjsq/public_html/51338flmvwcnk.py/2015/15/30232/outsider-club-logo-100x100.png" failed (2: No such file or directory), client: 66.249.65.118, server: woocommerce-187653-554632.cloudwaysapps.com, request: "GET /51338flmvwcnk.py/2015/15/30232/outsider-club-logo-100x100.png HTTP/1.1", host: "www.caritas.org.mx"
2021/01/29 01:03:39 [error] 13413#13413: *120975 open() "/home/187653.cloudwaysapps.com/gvqnvjsjsq/public_html/0119/-3811/jos.css" failed (2: No such file or directory), client: 66.249.65.100, server: woocommerce-187653-554632.cloudwaysapps.com, request: "GET /0119/-3811/jos.css HTTP/2.0", host: "www.caritas.org.mx", referrer: "https://www.caritas.org.mx/0119/-3811/books/"
2021/01/29 01:03:48 [error] 13413#13413: *121284 open() "/home/187653.cloudwaysapps.com/gvqnvjsjsq/public_html/littletoughd-suizan-p-scratch/market110359669/2015/15/30232/outsider-club-logo-100x100.png" failed (2: No such file or directory), client: 66.249.65.118, server: woocommerce-187653-554632.cloudwaysapps.com, request: "GET /littletoughd-suizan-p-scratch/market110359669//2015/15/30232/outsider-club-logo-100x100.png HTTP/1.1", host: "www.caritas.org.mx"
2021/01/29 01:04:01 [error] 13413#13413: *121299 open() "/home/187653.cloudwaysapps.com/gvqnvjsjsq/public_html/Discos-de-freno-266079/2015/15/30232/outsider-club-logo-100x100.png" failed (2: No such file or directory), client: 66.249.65.120, server: woocommerce-187653-554632.cloudwaysapps.com, request: "GET /Discos-de-freno-266079//2015/15/30232/outsider-club-logo-100x100.png HTTP/1.1", host: "www.caritas.org.mx"
2021/01/29 01:04:02 [error] 13413#13413: *121301 open() "/home/187653.cloudwaysapps.com/gvqnvjsjsq/public_html/Insignias-y-emblemas/XXL-Star-Pegatinas-De-Coches-Kit-Tuning-Stylin/489191/ns.html" failed (2: No such file or directory), client: 66.249.65.118, server: woocommerce-187653-554632.cloudwaysapps.com, request: "GET /Insignias-y-emblemas/XXL-Star-Pegatinas-De-Coches-Kit-Tuning-Stylin/489191//ns.html?id=GTM-T9CDS8/2015/15/30232/outsider-club-logo-100x100.png HTTP/1.1", host: "www.caritas.org.mx"
2021/01/29 01:04:06 [error] 13413#13413: *121301 open() "/home/187653.cloudwaysapps.com/gvqnvjsjsq/public_html/loc-47683/747/ns.html" failed (2: No such file or directory), client: 66.249.65.118, server: woocommerce-187653-554632.cloudwaysapps.com, request: "GET /loc-47683/747/ns.html?id=GTM-T9CDS8/2015/15/30232/outsider-club-logo-100x100.png HTTP/1.1", host: "www.caritas.org.mx"
2021/01/29 01:04:28 [error] 13413#13413: *121322 open() "/home/187653.cloudwaysapps.com/gvqnvjsjsq/public_html/Otros-20415/2015/15/30232/outsider-club-logo-100x100.png" failed (2: No such file or directory), client: 66.249.65.118, server: woocommerce-187653-554632.cloudwaysapps.com, request: "GET /Otros-20415//2015/15/30232/outsider-club-logo-100x100.png HTTP/1.1", host: "www.caritas.org.mx"
2021/01/29 01:04:49 [error] 13413#13413: *121338 open() "/home/187653.cloudwaysapps.com/gvqnvjsjsq/public_html/tem/Paget/067580545bd=dbccaae&pd=i5giyxo.longways/2015/15/30232/outsider-club-logo-100x100.png" failed (2: No such file or directory), client: 66.249.65.118, server: woocommerce-187653-554632.cloudwaysapps.com, request: "GET /tem/Paget/067580545bd=dbccaae&pd=i5giyxo.longways/2015/15/30232/outsider-club-logo-100x100.png HTTP/1.1", host: "www.caritas.org.mx"
2021/01/29 01:05:00 [error] 13413#13413: *121347 open() "/home/187653.cloudwaysapps.com/gvqnvjsjsq/public_html/img/drugs/54a2d9a0/54a2d9a0-3164-4f3a-a88a-4a63d38a10d1.jpg" failed (2: No such file or directory), client: 66.249.65.113, server: woocommerce-187653-554632.cloudwaysapps.com, request: "GET /img/drugs/54a2d9a0/54a2d9a0-3164-4f3a-a88a-4a63d38a10d1.jpg HTTP/1.1", host: "www.caritas.org.mx"
2021/01/29 01:05:11 [error] 13413#13413: *121343 open() "/home/187653.cloudwaysapps.com/gvqnvjsjsq/public_html/Cables-y-latiguillos-de-freno/PRINT-ADN153192-NISSAN-Vorderachse/254684/favicon.ico" failed (2: No such file or directory), client: 66.249.65.118, server: woocommerce-187653-554632.cloudwaysapps.com, request: "GET /Cables-y-latiguillos-de-freno/PRINT-ADN153192-NISSAN-Vorderachse/254684//favicon.ico HTTP/1.1", host: "www.caritas.org.mx"
2021/01/29 01:05:16 [error] 13413#13413: *120975 open() "/home/187653.cloudwaysapps.com/gvqnvjsjsq/public_html/60/cialis_54745.html" failed (2: No such file or directory), client: 66.249.65.100, server: woocommerce-187653-554632.cloudwaysapps.com, request: "GET /60/cialis_54745.html HTTP/2.0", host: "www.caritas.org.mx"
2021/01/29 01:05:32 [error] 13413#13413: *121372 open() "/home/187653.cloudwaysapps.com/gvqnvjsjsq/public_html/Otros/West-Coast-Choppers-Iron-Cross-boina-gorro-gris/764772/2015/15/30232/outsider-club-logo-100x100.png" failed (2: No such file or directory), client: 66.249.65.118, server: woocommerce-187653-554632.cloudwaysapps.com, request: "GET /Otros/West-Coast-Choppers-Iron-Cross-boina-gorro-gris/764772//2015/15/30232/outsider-club-logo-100x100.png HTTP/1.1", host: "www.caritas.org.mx"
2021/01/29 01:05:34 [error] 13413#13413: *121372 open() "/home/187653.cloudwaysapps.com/gvqnvjsjsq/public_html/Tirantes-travesaños-y-conect/Acoplamiento-LH-AJUSTE-Kia-Sorento-203on/441251/2015/15/30232/outsider-club-logo-100x100.png" failed (2: No such file or directory), client: 66.249.65.118, server: woocommerce-187653-554632.cloudwaysapps.com, request: "GET /Tirantes-travesa%C3%B1os-y-conect/Acoplamiento-LH-AJUSTE-Kia-Sorento-203on/441251//2015/15/30232/outsider-club-logo-100x100.png HTTP/1.1", host: "www.caritas.org.mx", referrer: "http://www.caritas.org.mx/Tirantes-travesa%C3%B1os-y-conect/Acoplamiento-LH-AJUSTE-Kia-Sorento-203on/441251/"
2021/01/29 01:05:41 [error] 13413#13413: *121372 open() "/home/187653.cloudwaysapps.com/gvqnvjsjsq/public_html/11465mmmg.shtml/ns.html" failed (2: No such file or directory), client: 66.249.65.118, server: woocommerce-187653-554632.cloudwaysapps.com, request: "GET /11465mmmg.shtml/ns.html?id=GTM-T9CDS8 HTTP/1.1", host: "www.caritas.org.mx"
2021/01/29 01:05:53 [error] 13413#13413: *121400 open() "/home/187653.cloudwaysapps.com/gvqnvjsjsq/public_html/-59377/9_Hello.jsp/2015/15/30232/outsider-club-logo-100x100.png" failed (2: No such file or directory), client: 66.249.65.120, server: woocommerce-187653-554632.cloudwaysapps.com, request: "GET /-59377/9_Hello.jsp/2015/15/30232/outsider-club-logo-100x100.png HTTP/1.1", host: "www.caritas.org.mx"
2021/01/29 01:05:56 [error] 13413#13413: *121400 open() "/home/187653.cloudwaysapps.com/gvqnvjsjsq/public_html/M_baidu_com/61147flk.htm" failed (2: No such file or directory), client: 66.249.65.120, server: woocommerce-187653-554632.cloudwaysapps.com, request: "GET /M_baidu_com/61147flk.htm HTTP/1.1", host: "www.caritas.org.mx"
2021/01/29 01:06:04 [error] 13413#13413: *121406 open() "/home/187653.cloudwaysapps.com/gvqnvjsjsq/public_html/favicon.ico" failed (2: No such file or directory), client: 223.139.245.104, server: woocommerce-187653-554632.cloudwaysapps.com, request: "GET /favicon.ico HTTP/1.1", host: "www.caritas.org.mx", referrer: "http://www.caritas.org.mx/Taller:-equipos-y-herramientas-745624/"
2021/01/29 01:06:12 [error] 13413#13413: *121413 open() "/home/187653.cloudwaysapps.com/gvqnvjsjsq/public_html/26411/77299726.htm" failed (2: No such file or directory), client: 66.249.65.120, server: woocommerce-187653-554632.cloudwaysapps.com, request: "GET /26411//77299726.htm HTTP/1.1", host: "www.caritas.org.mx"
2021/01/29 01:06:36 [error] 14219#14219: *121437 open() "/home/187653.cloudwaysapps.com/gvqnvjsjsq/public_html/htm-92929/Facebook.shtml/2015/15/30232/outsider-club-logo-100x100.png" failed (2: No such file or directory), client: 66.249.65.118, server: woocommerce-187653-554632.cloudwaysapps.com, request: "GET /htm-92929/Facebook.shtml/2015/15/30232/outsider-club-logo-100x100.png HTTP/1.1", host: "www.caritas.org.mx"
2021/01/29 01:07:09 [error] 16791#16791: *121513 open() "/home/187653.cloudwaysapps.com/gvqnvjsjsq/public_html/favicon.ico" failed (2: No such file or directory), client: 189.178.215.44, server: woocommerce-187653-554632.cloudwaysapps.com, request: "GET /favicon.ico HTTP/1.1", host: "www.caritas.org.mx", referrer: "http://www.caritas.org.mx/Coches:-recambios-443494/"
2021/01/29 01:07:09 [error] 16791#16791: *121515 open() "/home/187653.cloudwaysapps.com/gvqnvjsjsq/public_html/2015/15/30232/outsider-club-logo-100x100.png" failed (2: No such file or directory), client: 189.178.215.44, server: woocommerce-187653-554632.cloudwaysapps.com, request: "GET //2015/15/30232/outsider-club-logo-100x100.png HTTP/1.1", host: "www.caritas.org.mx", referrer: "http://www.caritas.org.mx/"
2021/01/29 01:07:09 [error] 16791#16791: *121513 open() "/home/187653.cloudwaysapps.com/gvqnvjsjsq/public_html/Event/2018/diabetes/img/menu_trigger.png" failed (2: No such file or directory), client: 189.178.215.44, server: woocommerce-187653-554632.cloudwaysapps.com, request: "GET /Event/2018/diabetes/img/menu_trigger.png HTTP/1.1", host: "www.caritas.org.mx", referrer: "http://www.caritas.org.mx/"
2021/01/29 01:07:09 [error] 16791#16791: *121526 open() "/home/187653.cloudwaysapps.com/gvqnvjsjsq/public_html/Event/2018/diabetes/img/menu_close.svg" failed (2: No such file or directory), client: 189.178.215.44, server: woocommerce-187653-554632.cloudwaysapps.com, request: "GET /Event/2018/diabetes/img/menu_close.svg HTTP/1.1", host: "www.caritas.org.mx", referrer: "http://www.caritas.org.mx/"
2021/01/29 01:07:09 [error] 16791#16791: *121528 open() "/home/187653.cloudwaysapps.com/gvqnvjsjsq/public_html/Event/2018/diabetes/img/header_logo.svg" failed (2: No such file or directory), client: 189.178.215.44, server: woocommerce-187653-554632.cloudwaysapps.com, request: "GET /Event/2018/diabetes/img/header_logo.svg HTTP/1.1", host: "www.caritas.org.mx", referrer: "http://www.caritas.org.mx/"
2021/01/29 01:07:09 [error] 16791#16791: *121530 open() "/home/187653.cloudwaysapps.com/gvqnvjsjsq/public_html/Event/2018/diabetes/img/header_logo_gray.svg" failed (2: No such file or directory), client: 189.178.215.44, server: woocommerce-187653-554632.cloudwaysapps.com, request: "GET /Event/2018/diabetes/img/header_logo_gray.svg HTTP/1.1", host: "www.caritas.org.mx", referrer: "http://www.caritas.org.mx/"
2021/01/29 01:07:10 [error] 16791#16791: *121532 open() "/home/187653.cloudwaysapps.com/gvqnvjsjsq/public_html/Event/2018/diabetes/img/menu_icon1.svg" failed (2: No such file or directory), client: 189.178.215.44, server: woocommerce-187653-554632.cloudwaysapps.com, request: "GET /Event/2018/diabetes/img/menu_icon1.svg HTTP/1.1", host: "www.caritas.org.mx", referrer: "http://www.caritas.org.mx/"
2021/01/29 01:07:10 [error] 16791#16791: *121530 open() "/home/187653.cloudwaysapps.com/gvqnvjsjsq/public_html/Event/2018/diabetes/img/menu_icon2.svg" failed (2: No such file or directory), client: 189.178.215.44, server: woocommerce-187653-554632.cloudwaysapps.com, request: "GET /Event/2018/diabetes/img/menu_icon2.svg HTTP/1.1", host: "www.caritas.org.mx", referrer: "http://www.caritas.org.mx/"
2021/01/29 01:07:10 [error] 16791#16791: *121528 open() "/home/187653.cloudwaysapps.com/gvqnvjsjsq/public_html/Event/2018/diabetes/img/ajax-loader.gif" failed (2: No such file or directory), client: 189.178.215.44, server: woocommerce-187653-554632.cloudwaysapps.com, request: "GET /Event/2018/diabetes/img/ajax-loader.gif HTTP/1.1", host: "www.caritas.org.mx", referrer: "http://www.caritas.org.mx/"
2021/01/29 01:07:10 [error] 16791#16791: *121509 open() "/home/187653.cloudwaysapps.com/gvqnvjsjsq/public_html/59100vqg.html" failed (2: No such file or directory), client: 66.249.65.120, server: woocommerce-187653-554632.cloudwaysapps.com, request: "GET /59100vqg.html HTTP/1.1", host: "www.caritas.org.mx"
2021/01/29 01:07:10 [error] 16791#16791: *121526 open() "/home/187653.cloudwaysapps.com/gvqnvjsjsq/public_html/Event/2018/diabetes/upload/photo (1).jpg" failed (2: No such file or directory), client: 189.178.215.44, server: woocommerce-187653-554632.cloudwaysapps.com, request: "GET /Event/2018/diabetes/upload/photo%20(1).jpg HTTP/1.1", host: "www.caritas.org.mx", referrer: "http://www.caritas.org.mx/"
2021/01/29 01:07:10 [error] 16791#16791: *121532 open() "/home/187653.cloudwaysapps.com/gvqnvjsjsq/public_html/Event/2018/diabetes/upload/20180308002561.jpg" failed (2: No such file or directory), client: 189.178.215.44, server: woocommerce-187653-554632.cloudwaysapps.com, request: "GET /Event/2018/diabetes/upload/20180308002561.jpg HTTP/1.1", host: "www.caritas.org.mx", referrer: "http://www.caritas.org.mx/"
2021/01/29 01:07:10 [error] 16791#16791: *121530 open() "/home/187653.cloudwaysapps.com/gvqnvjsjsq/public_html/Event/2018/diabetes/upload/photo.jpg" failed (2: No such file or directory), client: 189.178.215.44, server: woocommerce-187653-554632.cloudwaysapps.com, request: "GET /Event/2018/diabetes/upload/photo.jpg HTTP/1.1", host: "www.caritas.org.mx", referrer: "http://www.caritas.org.mx/"
2021/01/29 01:07:11 [error] 16791#16791: *121528 open() "/home/187653.cloudwaysapps.com/gvqnvjsjsq/public_html/Event/2018/diabetes/img/footer_logo1.png" failed (2: No such file or directory), client: 189.178.215.44, server: woocommerce-187653-554632.cloudwaysapps.com, request: "GET /Event/2018/diabetes/img/footer_logo1.png HTTP/1.1", host: "www.caritas.org.mx", referrer: "http://www.caritas.org.mx/"
2021/01/29 01:07:11 [error] 16791#16791: *121526 open() "/home/187653.cloudwaysapps.com/gvqnvjsjsq/public_html/Event/2018/diabetes/img/footer_logo4.png" failed (2: No such file or directory), client: 189.178.215.44, server: woocommerce-187653-554632.cloudwaysapps.com, request: "GET /Event/2018/diabetes/img/footer_logo4.png HTTP/1.1", host: "www.caritas.org.mx", referrer: "http://www.caritas.org.mx/"
2021/01/29 01:07:11 [error] 16791#16791: *121532 open() "/home/187653.cloudwaysapps.com/gvqnvjsjsq/public_html/Event/2018/diabetes/img/footer_logo5.png" failed (2: No such file or directory), client: 189.178.215.44, server: woocommerce-187653-554632.cloudwaysapps.com, request: "GET /Event/2018/diabetes/img/footer_logo5.png HTTP/1.1", host: "www.caritas.org.mx", referrer: "http://www.caritas.org.mx/"
2021/01/29 01:07:14 [error] 16791#16791: *121532 open() "/home/187653.cloudwaysapps.com/gvqnvjsjsq/public_html/2015/15/30232/outsider-club-logo-100x100.png" failed (2: No such file or directory), client: 189.178.215.44, server: woocommerce-187653-554632.cloudwaysapps.com, request: "GET /2015/15/30232/outsider-club-logo-100x100.png HTTP/1.1", host: "www.caritas.org.mx", referrer: "http://www.caritas.org.mx/"
2021/01/29 01:07:19 [error] 16791#16791: *121572 open() "/home/187653.cloudwaysapps.com/gvqnvjsjsq/public_html/94557-Camry/2015/15/30232/outsider-club-logo-100x100.png" failed (2: No such file or directory), client: 66.249.65.118, server: woocommerce-187653-554632.cloudwaysapps.com, request: "GET /94557-Camry/2015/15/30232/outsider-club-logo-100x100.png HTTP/1.1", host: "www.caritas.org.mx"
2021/01/29 01:07:19 [error] 16791#16791: *121526 open() "/home/187653.cloudwaysapps.com/gvqnvjsjsq/public_html/favicon.ico" failed (2: No such file or directory), client: 189.178.215.44, server: woocommerce-187653-554632.cloudwaysapps.com, request: "GET //favicon.ico HTTP/1.1", host: "www.caritas.org.mx", referrer: "http://www.caritas.org.mx/"
2021/01/29 01:07:40 [error] 16791#16791: *121621 open() "/home/187653.cloudwaysapps.com/gvqnvjsjsq/public_html/Palieres-y-piezas-459636/2015/15/30232/outsider-club-logo-100x100.png" failed (2: No such file or directory), client: 66.249.65.118, server: woocommerce-187653-554632.cloudwaysapps.com, request: "GET /Palieres-y-piezas-459636//2015/15/30232/outsider-club-logo-100x100.png HTTP/1.1", host: "www.caritas.org.mx"
2021/01/29 01:08:02 [error] 16791#16791: *121648 open() "/home/187653.cloudwaysapps.com/gvqnvjsjsq/public_html/shtml-84712/members/2015/15/30232/outsider-club-logo-100x100.png" failed (2: No such file or directory), client: 66.249.65.118, server: woocommerce-187653-554632.cloudwaysapps.com, request: "GET /shtml-84712/members/2015/15/30232/outsider-club-logo-100x100.png HTTP/1.1", host: "www.caritas.org.mx"
2021/01/29 01:08:05 [error] 16791#16791: *121657 access forbidden by rule, client: 66.249.65.118, server: woocommerce-187653-554632.cloudwaysapps.com, request: "GET /20210129/-72770/.loc HTTP/1.1", host: "www.caritas.org.mx"
2021/01/29 01:08:32 [error] 16791#16791: *121681 open() "/home/187653.cloudwaysapps.com/gvqnvjsjsq/public_html/favicon.ico" failed (2: No such file or directory), client: 201.110.63.60, server: woocommerce-187653-554632.cloudwaysapps.com, request: "GET /favicon.ico HTTP/2.0", host: "www.caritas.org.mx", referrer: "https://www.caritas.org.mx/wp-content/uploads/2019/07/obras-de-misericordia.jpg"
2021/01/29 01:08:37 [error] 16791#16791: *121679 open() "/home/187653.cloudwaysapps.com/gvqnvjsjsq/public_html/78746/67731948.loc/ns.html" failed (2: No such file or directory), client: 66.249.65.118, server: woocommerce-187653-554632.cloudwaysapps.com, request: "GET /78746//67731948.loc/ns.html?id=GTM-T9CDS8/2015/15/30232/outsider-club-logo-100x100.png HTTP/1.1", host: "www.caritas.org.mx"
2021/01/29 01:08:49 [error] 16791#16791: *121679 open() "/home/187653.cloudwaysapps.com/gvqnvjsjsq/public_html/20210127/-67115/Facebook.loc/2015/15/30232/outsider-club-logo-100x100.png" failed (2: No such file or directory), client: 66.249.65.118, server: woocommerce-187653-554632.cloudwaysapps.com, request: "GET /20210127/-67115/Facebook.loc/2015/15/30232/outsider-club-logo-100x100.png HTTP/1.1", host: "www.caritas.org.mx"
2021/01/29 01:09:06 [error] 16791#16791: *121714 open() "/home/187653.cloudwaysapps.com/gvqnvjsjsq/public_html/-35225/747.loc/2015/15/30232/outsider-club-logo-100x100.png" failed (2: No such file or directory), client: 66.249.65.118, server: woocommerce-187653-554632.cloudwaysapps.com, request: "GET /-35225/747.loc/2015/15/30232/outsider-club-logo-100x100.png HTTP/1.1", host: "www.caritas.org.mx"
2021/01/29 01:27:40 [error] 20064#20064: *122706 open() "/home/187653.cloudwaysapps.com/gvqnvjsjsq/public_html/favicon.ico" failed (2: No such file or directory), client: 66.249.83.6, server: woocommerce-187653-554632.cloudwaysapps.com, request: "GET /favicon.ico HTTP/1.1", host: "caritas.org.mx"
2021/01/29 01:49:23 [error] 27066#27066: *124446 open() "/home/187653.cloudwaysapps.com/gvqnvjsjsq/public_html/ads.txt" failed (2: No such file or directory), client: 66.249.73.186, server: woocommerce-187653-554632.cloudwaysapps.com, request: "GET /ads.txt HTTP/1.1", host: "caritas.org.mx"
2021/01/29 02:33:58 [error] 27066#27066: *127152 open() "/home/187653.cloudwaysapps.com/gvqnvjsjsq/public_html/favicon.ico" failed (2: No such file or directory), client: 165.232.176.115, server: woocommerce-187653-554632.cloudwaysapps.com, request: "GET /favicon.ico HTTP/1.1", host: "caritas.org.mx"
2021/01/29 05:34:25 [error] 27066#27066: *136183 open() "/home/187653.cloudwaysapps.com/gvqnvjsjsq/public_html/ads.txt" failed (2: No such file or directory), client: 66.249.73.186, server: woocommerce-187653-554632.cloudwaysapps.com, request: "GET /ads.txt HTTP/1.1", host: "caritas.org.mx"
2021/01/29 10:07:36 [error] 27066#27066: *147079 open() "/home/187653.cloudwaysapps.com/gvqnvjsjsq/public_html/sitemap.txt" failed (2: No such file or directory), client: 13.66.139.11, server: woocommerce-187653-554632.cloudwaysapps.com, request: "GET /sitemap.txt HTTP/1.1", host: "caritas.org.mx"
2021/01/29 10:48:47 [error] 27066#27066: *148479 open() "/home/187653.cloudwaysapps.com/gvqnvjsjsq/public_html/wp-content/plugins/super-forms/changelog.txt" failed (2: No such file or directory), client: 176.8.91.58, server: woocommerce-187653-554632.cloudwaysapps.com, request: "GET /wp-content/plugins/super-forms/changelog.txt HTTP/1.1", host: "caritas.org.mx"
2021/01/29 11:06:06 [error] 27066#27066: *149167 open() "/home/187653.cloudwaysapps.com/gvqnvjsjsq/public_html/templates/ttcn3content/js/fsmenu_set.js" failed (2: No such file or directory), client: 101.89.239.120, server: woocommerce-187653-554632.cloudwaysapps.com, request: "GET /templates/ttcn3content/js/fsmenu_set.js HTTP/1.1", host: "caritas.org.mx", referrer: "http://caritas.org.mx/"
2021/01/29 11:06:57 [error] 27066#27066: *149243 open() "/home/187653.cloudwaysapps.com/gvqnvjsjsq/public_html/templates/ttcn3content/js/tabs.js" failed (2: No such file or directory), client: 101.89.239.120, server: woocommerce-187653-554632.cloudwaysapps.com, request: "GET /templates/ttcn3content/js/tabs.js HTTP/1.1", host: "caritas.org.mx", referrer: "http://caritas.org.mx/"
2021/01/29 14:01:38 [error] 27066#27066: *158003 access forbidden by rule, client: 35.174.170.30, server: woocommerce-187653-554632.cloudwaysapps.com, request: "GET /.git/config HTTP/1.1", host: "caritas.org.mx"
2021/01/29 14:45:50 [error] 27066#27066: *159774 open() "/home/187653.cloudwaysapps.com/gvqnvjsjsq/public_html/favicon.ico" failed (2: No such file or directory), client: 34.80.194.108, server: woocommerce-187653-554632.cloudwaysapps.com, request: "GET /favicon.ico HTTP/1.1", host: "caritas.org.mx", referrer: "http://caritas.org.mx/manoconmano/"
