66.249.70.197 - - [15/Aug/2024:09:09:24 +0000] "GET /causas-y- HTTP/1.1" 301 433 "-" "Mozilla/5.0 (Linux; Android 6.0.1; Nexus 5X Build/MMB29P) AppleWebKit/537.36 (KHTML, like Gecko) Chrome/127.0.6533.99 Mobile Safari/537.36 (compatible; Googlebot/2.1; +http://www.google.com/bot.html)"
147.78.181.126 - - [15/Aug/2024:09:09:37 +0000] "GET /wp-login.php HTTP/1.0" 302 437 "-" "Mozilla/5.0 (Windows; U; Windows NT 6.1; en-US) AppleWebKit/534.10 (KHTML, like Gecko) Chrome/8.0.552.224 Safari/534.10"
147.78.181.126 - - [15/Aug/2024:09:09:39 +0000] "GET /wp-login.php HTTP/1.0" 200 3281 "-" "Mozilla/5.0 (Windows; U; Windows NT 6.1; en-US) AppleWebKit/534.10 (KHTML, like Gecko) Chrome/8.0.552.224 Safari/534.10"
147.78.181.126 - - [15/Aug/2024:09:09:39 +0000] "POST /wp-login.php HTTP/1.0" 200 3438 "https://www.caritas.org.mx/wp-login.php" "Mozilla/5.0 (Windows; U; Windows NT 6.1; en-US) AppleWebKit/534.10 (KHTML, like Gecko) Chrome/8.0.552.224 Safari/534.10"
171.248.209.154 - - [15/Aug/2024:09:09:51 +0000] "POST /wp-login.php HTTP/1.0" 200 3437 "-" "Mozilla/5.0 (Windows NT 6.1; Win64; x64) AppleWebKit/537.36 (KHTML, like Gecko) Chrome/59.0.3071.109 Safari/537.36"
147.78.181.126 - - [15/Aug/2024:09:09:55 +0000] "GET /wp-login.php HTTP/1.0" 302 437 "-" "Mozilla/5.0 (Windows; U; Windows NT 6.1; en-US) AppleWebKit/534.10 (KHTML, like Gecko) Chrome/8.0.552.224 Safari/534.10"
147.78.181.126 - - [15/Aug/2024:09:09:56 +0000] "GET /wp-login.php HTTP/1.0" 200 3281 "-" "Mozilla/5.0 (Windows; U; Windows NT 6.1; en-US) AppleWebKit/534.10 (KHTML, like Gecko) Chrome/8.0.552.224 Safari/534.10"
147.78.181.126 - - [15/Aug/2024:09:09:57 +0000] "POST /wp-login.php HTTP/1.0" 200 3435 "https://www.caritas.org.mx/wp-login.php" "Mozilla/5.0 (Windows; U; Windows NT 6.1; en-US) AppleWebKit/534.10 (KHTML, like Gecko) Chrome/8.0.552.224 Safari/534.10"
17.241.219.33 - - [15/Aug/2024:09:10:20 +0000] "GET /acciones-para-proteger-los-derechos-de-los-ninos/ HTTP/1.1" 200 20995 "-" "Mozilla/5.0 (Macintosh; Intel Mac OS X 10_15_7) AppleWebKit/605.1.15 (KHTML, like Gecko) Version/17.4 Safari/605.1.15 (Applebot/0.1; +http://www.apple.com/go/applebot)"
66.249.70.197 - - [15/Aug/2024:09:10:39 +0000] "GET /cuales-son-los-tipos-de-accion-social/1000 HTTP/1.1" 301 433 "-" "Mozilla/5.0 (Linux; Android 6.0.1; Nexus 5X Build/MMB29P) AppleWebKit/537.36 (KHTML, like Gecko) Chrome/127.0.6533.99 Mobile Safari/537.36 (compatible; Googlebot/2.1; +http://www.google.com/bot.html)"
161.34.0.253 - - [15/Aug/2024:09:11:02 +0000] "POST /wp-login.php HTTP/1.0" 200 3437 "-" "Mozilla/5.0 (Windows NT 6.1; Win64; x64) AppleWebKit/537.36 (KHTML, like Gecko) Chrome/59.0.3071.109 Safari/537.36"
103.156.70.50 - - [15/Aug/2024:09:11:06 +0000] "POST /wp-login.php HTTP/1.0" 403 533 "-" "Mozilla/5.0 (Windows NT 6.1; Win64; x64) AppleWebKit/537.36 (KHTML, like Gecko) Chrome/59.0.3071.109 Safari/537.36"
175.178.77.128 - - [15/Aug/2024:09:12:11 +0000] "POST /wp-login.php HTTP/1.0" 200 3437 "-" "Mozilla/5.0 (Windows NT 6.1; Win64; x64) AppleWebKit/537.36 (KHTML, like Gecko) Chrome/59.0.3071.109 Safari/537.36"
57.141.7.27 - - [15/Aug/2024:09:13:06 +0000] "GET /diferencia-desnutricion-hambre/ HTTP/1.1" 200 21495 "-" "facebookexternalhit/1.1 (+http://www.facebook.com/externalhit_uatext.php)"
66.249.70.196 - - [15/Aug/2024:09:13:40 +0000] "GET /actos-caridad-practicar-vida-diaria/ HTTP/1.1" 301 434 "-" "Mozilla/5.0 (Linux; Android 6.0.1; Nexus 5X Build/MMB29P) AppleWebKit/537.36 (KHTML, like Gecko) Chrome/127.0.6533.99 Mobile Safari/537.36 (compatible; Googlebot/2.1; +http://www.google.com/bot.html)"
51.68.122.156 - - [15/Aug/2024:09:13:44 +0000] "POST /wp-login.php HTTP/1.0" 403 531 "-" "Mozilla/5.0 (Windows NT 6.1; Win64; x64) AppleWebKit/537.36 (KHTML, like Gecko) Chrome/59.0.3071.109 Safari/537.36"
51.222.253.1 - - [15/Aug/2024:09:14:36 +0000] "GET /dar-de-comer-hambriento/ HTTP/1.1" 200 21268 "-" "Mozilla/5.0 (compatible; AhrefsBot/7.0; +http://ahrefs.com/robot/)"
66.249.70.197 - - [15/Aug/2024:09:15:41 +0000] "GET /ayuda-por-covid/ HTTP/1.1" 200 95890 "-" "Mozilla/5.0 (Linux; Android 6.0.1; Nexus 5X Build/MMB29P) AppleWebKit/537.36 (KHTML, like Gecko) Chrome/127.0.6533.99 Mobile Safari/537.36 (compatible; Googlebot/2.1; +http://www.google.com/bot.html)"
211.149.229.130 - - [15/Aug/2024:09:15:48 +0000] "POST /wp-login.php HTTP/1.0" 200 3437 "-" "Mozilla/5.0 (Windows NT 6.1; Win64; x64) AppleWebKit/537.36 (KHTML, like Gecko) Chrome/59.0.3071.109 Safari/537.36"
185.191.171.14 - - [15/Aug/2024:09:16:01 +0000] "GET /donar-ropa-usada/ HTTP/1.1" 200 20617 "-" "Mozilla/5.0 (compatible; SemrushBot/7~bl; +http://www.semrush.com/bot.html)"
66.249.70.196 - - [15/Aug/2024:09:16:43 +0000] "GET /blog/page/13/ HTTP/1.1" 200 15864 "-" "Mozilla/5.0 (Linux; Android 6.0.1; Nexus 5X Build/MMB29P) AppleWebKit/537.36 (KHTML, like Gecko) Chrome/127.0.6533.99 Mobile Safari/537.36 (compatible; Googlebot/2.1; +http://www.google.com/bot.html)"
69.171.230.9 - - [15/Aug/2024:09:17:47 +0000] "GET /emprendimientos-innovadores/ HTTP/1.1" 200 95562 "-" "meta-externalagent/1.1 (+https://developers.facebook.com/docs/sharing/webmasters/crawler)"
103.191.196.79 - - [15/Aug/2024:09:18:01 +0000] "POST /wp-login.php HTTP/1.0" 200 3437 "-" "Mozilla/5.0 (Windows NT 6.1; Win64; x64) AppleWebKit/537.36 (KHTML, like Gecko) Chrome/59.0.3071.109 Safari/537.36"
5.182.87.46 - - [15/Aug/2024:09:18:51 +0000] "GET / HTTP/1.1" 403 512 "-" "Mozilla/5.0 (Macintosh; Intel Mac OS X 10.9; rv:46.0) Gecko/20100101 Firefox/46.0"
66.249.70.195 - - [15/Aug/2024:09:19:08 +0000] "GET /la-importancia-de-los-abuelos-en-la-familia/?keyword=%83z%83n%83v%81%5B&genre_id=1&genre_id1=1&disp=1&excludeaggregate=1 HTTP/1.1" 200 96513 "-" "Mozilla/5.0 (Linux; Android 6.0.1; Nexus 5X Build/MMB29P) AppleWebKit/537.36 (KHTML, like Gecko) Chrome/127.0.6533.99 Mobile Safari/537.36 (compatible; Googlebot/2.1; +http://www.google.com/bot.html)"
69.171.249.1 - - [15/Aug/2024:09:20:13 +0000] "GET /ropa-para-el-frio/ HTTP/1.1" 200 95493 "-" "facebookexternalhit/1.1 (+http://www.facebook.com/externalhit_uatext.php)"
5.182.87.46 - - [15/Aug/2024:09:20:31 +0000] "POST /wp-content/plugins/wp-file-manager/lib/php/connector.minimal.php HTTP/1.0" 403 563 "http://caritas.org.mx/" "Mozilla/5.0 (Macintosh; Intel Mac OS X 10.9; rv:46.0) Gecko/20100101 Firefox/46.0"
185.191.171.16 - - [15/Aug/2024:09:20:46 +0000] "GET /program/banco-ropa-articulos-varios/ HTTP/1.1" 200 82676 "-" "Mozilla/5.0 (compatible; SemrushBot/7~bl; +http://www.semrush.com/bot.html)"
141.94.194.132 - - [15/Aug/2024:09:21:01 +0000] "GET /atom HTTP/1.1" 301 462 "-" "Mozilla/5.0 (X11; Linux i686) AppleWebKit/537.36 (KHTML, like Gecko) Chrome/30.0.1599.66 Safari/537.36"
141.94.194.132 - - [15/Aug/2024:09:21:02 +0000] "GET /feed/atom/ HTTP/1.0" 200 71064 "-" "Mozilla/5.0 (X11; Linux i686) AppleWebKit/537.36 (KHTML, like Gecko) Chrome/30.0.1599.66 Safari/537.36"
66.249.70.197 - - [15/Aug/2024:09:21:10 +0000] "GET /indicadores-pobreza-extrema/ HTTP/1.1" 200 95159 "-" "Mozilla/5.0 (Linux; Android 6.0.1; Nexus 5X Build/MMB29P) AppleWebKit/537.36 (KHTML, like Gecko) Chrome/127.0.6533.99 Mobile Safari/537.36 (compatible; Googlebot/2.1; +http://www.google.com/bot.html)"
167.205.50.5 - - [15/Aug/2024:09:21:12 +0000] "POST /wp-login.php HTTP/1.0" 200 3437 "-" "Mozilla/5.0 (Windows NT 6.1; Win64; x64) AppleWebKit/537.36 (KHTML, like Gecko) Chrome/59.0.3071.109 Safari/537.36"
207.46.13.150 - - [15/Aug/2024:09:21:44 +0000] "GET /area/caritas-parroquiales/ HTTP/1.1" 200 17779 "-" "Mozilla/5.0 AppleWebKit/537.36 (KHTML, like Gecko; compatible; bingbot/2.0; +http://www.bing.com/bingbot.htm) Chrome/116.0.1938.76 Safari/537.36"
5.182.87.46 - - [15/Aug/2024:09:22:30 +0000] "POST /wp-content/plugins/wp-file-manager/lib/php/connector.minimal.php HTTP/1.0" 403 563 "http://caritas.org.mx/wp-content/plugins/wp-file-manager/lib/php/connector.minimal.php" "Mozilla/5.0 (Macintosh; Intel Mac OS X 10.9; rv:46.0) Gecko/20100101 Firefox/46.0"
5.182.87.46 - - [15/Aug/2024:09:22:30 +0000] "POST /wp-content/plugins/wp-file-manager/lib/php/connector.minimal.php HTTP/1.0" 403 459 "http://caritas.org.mx/wp-content/plugins/wp-file-manager/lib/php/connector.minimal.php" "Mozilla/5.0 (Macintosh; Intel Mac OS X 10.9; rv:46.0) Gecko/20100101 Firefox/46.0"
5.182.87.46 - - [15/Aug/2024:09:22:31 +0000] "POST /wp-content/plugins/wp-file-manager/lib/php/connector.minimal.old.php HTTP/1.0" 403 563 "http://caritas.org.mx/wp-content/plugins/wp-file-manager/lib/php/connector.minimal.php" "Mozilla/5.0 (Macintosh; Intel Mac OS X 10.9; rv:46.0) Gecko/20100101 Firefox/46.0"
5.182.87.46 - - [15/Aug/2024:09:22:32 +0000] "POST /wp-content/plugins/wp-file-manager/lib/php/connector.minimal.old.php HTTP/1.0" 403 563 "http://caritas.org.mx/wp-content/plugins/wp-file-manager/lib/php/connector.minimal.old.php" "Mozilla/5.0 (Macintosh; Intel Mac OS X 10.9; rv:46.0) Gecko/20100101 Firefox/46.0"
5.182.87.46 - - [15/Aug/2024:09:22:32 +0000] "POST /wp-content/plugins/wp-file-manager/lib/php/connector.minimal.old.php HTTP/1.0" 403 459 "http://caritas.org.mx/wp-content/plugins/wp-file-manager/lib/php/connector.minimal.old.php" "Mozilla/5.0 (Macintosh; Intel Mac OS X 10.9; rv:46.0) Gecko/20100101 Firefox/46.0"
5.182.87.46 - - [15/Aug/2024:09:22:33 +0000] "GET /wp-content/plugins/wp-file-manager/lib/files/2f59f2010120.php HTTP/1.1" 403 584 "http://caritas.org.mx/wp-content/plugins/wp-file-manager/lib/php/connector.minimal.old.php" "Mozilla/5.0 (Macintosh; Intel Mac OS X 10.9; rv:46.0) Gecko/20100101 Firefox/46.0"
40.77.167.5 - - [15/Aug/2024:09:23:08 +0000] "GET /py-16942/Interacting_Physical_Input.html HTTP/1.1" 404 55285 "-" "Mozilla/5.0 AppleWebKit/537.36 (KHTML, like Gecko; compatible; bingbot/2.0; +http://www.bing.com/bingbot.htm) Chrome/116.0.1938.76 Safari/537.36"
66.249.70.197 - - [15/Aug/2024:09:23:11 +0000] "GET /redondeo-smart-del-1-junio-al-31-julio/ HTTP/1.1" 301 410 "-" "Mozilla/5.0 (Linux; Android 6.0.1; Nexus 5X Build/MMB29P) AppleWebKit/537.36 (KHTML, like Gecko) Chrome/127.0.6533.99 Mobile Safari/537.36 (compatible; Googlebot/2.1; +http://www.google.com/bot.html)"
66.249.70.197 - - [15/Aug/2024:09:23:13 +0000] "GET /aumenta-el-bienestar-familiar/ HTTP/1.1" 200 21164 "-" "Mozilla/5.0 (Linux; Android 6.0.1; Nexus 5X Build/MMB29P) AppleWebKit/537.36 (KHTML, like Gecko) Chrome/127.0.6533.99 Mobile Safari/537.36 (compatible; Googlebot/2.1; +http://www.google.com/bot.html)"
66.249.70.196 - - [15/Aug/2024:09:23:14 +0000] "GET /redondeo-smart/ HTTP/1.1" 200 91353 "-" "Mozilla/5.0 (Linux; Android 6.0.1; Nexus 5X Build/MMB29P) AppleWebKit/537.36 (KHTML, like Gecko) Chrome/127.0.6533.99 Mobile Safari/537.36 (compatible; Googlebot/2.1; +http://www.google.com/bot.html)"
94.23.61.165 - - [15/Aug/2024:09:23:20 +0000] "POST /wp-login.php HTTP/1.0" 403 533 "-" "Mozilla/5.0 (Windows NT 6.1; Win64; x64) AppleWebKit/537.36 (KHTML, like Gecko) Chrome/70.0.3538.67 Safari/537.36"
170.106.171.77 - - [15/Aug/2024:09:25:02 +0000] "GET / HTTP/1.1" 301 445 "-" "Mozilla/5.0 (iPhone; CPU iPhone OS 13_2_3 like Mac OS X) AppleWebKit/605.1.15 (KHTML, like Gecko) Version/13.0.3 Mobile/15E148 Safari/604.1"
66.249.70.195 - - [15/Aug/2024:09:25:14 +0000] "GET /program/ayuda-para-servicios-funerales/ HTTP/1.1" 301 429 "-" "Mozilla/5.0 (Linux; Android 6.0.1; Nexus 5X Build/MMB29P) AppleWebKit/537.36 (KHTML, like Gecko) Chrome/127.0.6533.99 Mobile Safari/537.36 (compatible; Googlebot/2.1; +http://www.google.com/bot.html)"
66.249.70.195 - - [15/Aug/2024:09:25:15 +0000] "GET /caso-paralisis-cerebral-infantil/ HTTP/1.1" 200 97553 "-" "Mozilla/5.0 (Linux; Android 6.0.1; Nexus 5X Build/MMB29P) AppleWebKit/537.36 (KHTML, like Gecko) Chrome/127.0.6533.99 Mobile Safari/537.36 (compatible; Googlebot/2.1; +http://www.google.com/bot.html)"
66.249.70.197 - - [15/Aug/2024:09:25:16 +0000] "GET /program/ayuda-servicios-funerales/ HTTP/1.1" 200 82554 "-" "Mozilla/5.0 (Linux; Android 6.0.1; Nexus 5X Build/MMB29P) AppleWebKit/537.36 (KHTML, like Gecko) Chrome/127.0.6533.99 Mobile Safari/537.36 (compatible; Googlebot/2.1; +http://www.google.com/bot.html)"
124.107.144.249 - - [15/Aug/2024:09:25:21 +0000] "POST /wp-login.php HTTP/1.0" 200 3437 "-" "Mozilla/5.0 (Windows NT 6.1; Win64; x64) AppleWebKit/537.36 (KHTML, like Gecko) Chrome/59.0.3071.109 Safari/537.36"
47.251.70.179 - - [15/Aug/2024:09:26:27 +0000] "POST /wp-login.php HTTP/1.0" 200 3437 "-" "Mozilla/5.0 (Windows NT 6.1; Win64; x64) AppleWebKit/537.36 (KHTML, like Gecko) Chrome/59.0.3071.109 Safari/537.36"
85.208.96.205 - - [15/Aug/2024:09:26:47 +0000] "GET /curso-superacion-personal/ HTTP/1.1" 200 20587 "-" "Mozilla/5.0 (compatible; SemrushBot/7~bl; +http://www.semrush.com/bot.html)"
81.241.150.24 - - [15/Aug/2024:09:27:04 +0000] "POST /wp-login.php HTTP/1.0" 200 3493 "-" "Mozilla/5.0 (Windows NT 10.0; Win64; x64) AppleWebKit/537.36 (KHTML, like Gecko) Chrome/73.0.3683.86 Safari/537.36"
66.249.70.196 - - [15/Aug/2024:09:27:16 +0000] "GET /consecuencias- HTTP/1.1" 301 423 "-" "Mozilla/5.0 (Linux; Android 6.0.1; Nexus 5X Build/MMB29P) AppleWebKit/537.36 (KHTML, like Gecko) Chrome/127.0.6533.99 Mobile Safari/537.36 (compatible; Googlebot/2.1; +http://www.google.com/bot.html)"
8.210.102.111 - - [15/Aug/2024:09:27:24 +0000] "POST /wp-login.php HTTP/1.0" 200 3437 "-" "Mozilla/5.0 (Windows NT 6.1; Win64; x64) AppleWebKit/537.36 (KHTML, like Gecko) Chrome/59.0.3071.109 Safari/537.36"
189.112.234.33 - - [15/Aug/2024:09:27:28 +0000] "POST /wp-login.php HTTP/1.0" 200 3437 "-" "Mozilla/5.0 (Windows NT 6.1; Win64; x64) AppleWebKit/537.36 (KHTML, like Gecko) Chrome/59.0.3071.109 Safari/537.36"
66.249.70.196 - - [15/Aug/2024:09:28:17 +0000] "GET /apoyo-alimentario-por-crisis-covid19/ HTTP/1.1" 200 97497 "-" "Mozilla/5.0 (Linux; Android 6.0.1; Nexus 5X Build/MMB29P) AppleWebKit/537.36 (KHTML, like Gecko) Chrome/127.0.6533.99 Mobile Safari/537.36 (compatible; Googlebot/2.1; +http://www.google.com/bot.html)"
207.46.13.150 - - [15/Aug/2024:09:28:25 +0000] "GET /pobreza-y-marginacion-social/ HTTP/1.1" 200 21572 "-" "Mozilla/5.0 AppleWebKit/537.36 (KHTML, like Gecko; compatible; bingbot/2.0; +http://www.bing.com/bingbot.htm) Chrome/116.0.1938.76 Safari/537.36"
185.114.247.198 - - [15/Aug/2024:09:29:29 +0000] "POST /wp-login.php HTTP/1.0" 403 531 "-" "Mozilla/5.0 (Windows NT 10.0; Win64; x64) AppleWebKit/537.36 (KHTML, like Gecko) Chrome/70.0.3538.67 Safari/537.36"
66.249.70.197 - - [15/Aug/2024:09:31:18 +0000] "GET /cuales-son-las-obras-de-misericordia HTTP/1.1" 301 483 "-" "Mozilla/5.0 (Linux; Android 6.0.1; Nexus 5X Build/MMB29P) AppleWebKit/537.36 (KHTML, like Gecko) Chrome/127.0.6533.99 Mobile Safari/537.36 (compatible; Googlebot/2.1; +http://www.google.com/bot.html)"
66.249.70.195 - - [15/Aug/2024:09:31:18 +0000] "GET /que-es-la-atencion-primaria-a-la-salud/ HTTP/1.1" 200 21324 "-" "Mozilla/5.0 (Linux; Android 6.0.1; Nexus 5X Build/MMB29P) AppleWebKit/537.36 (KHTML, like Gecko) Chrome/127.0.6533.99 Mobile Safari/537.36 (compatible; Googlebot/2.1; +http://www.google.com/bot.html)"
66.249.70.196 - - [15/Aug/2024:09:31:19 +0000] "GET /cuales-son-las-obras-de-misericordia/ HTTP/1.1" 200 22208 "-" "Mozilla/5.0 (Linux; Android 6.0.1; Nexus 5X Build/MMB29P) AppleWebKit/537.36 (KHTML, like Gecko) Chrome/127.0.6533.99 Mobile Safari/537.36 (compatible; Googlebot/2.1; +http://www.google.com/bot.html)"
216.244.66.233 - - [15/Aug/2024:09:34:22 +0000] "GET /blog/page/38/ HTTP/1.1" 200 72872 "-" "Mozilla/5.0 (compatible; DotBot/1.2; +https://opensiteexplorer.org/dotbot; help@moz.com)"
66.249.70.195 - - [15/Aug/2024:09:34:43 +0000] "GET /di-si-redondeo-nuevo-leon/ HTTP/1.1" 200 93487 "-" "Mozilla/5.0 (Linux; Android 6.0.1; Nexus 5X Build/MMB29P) AppleWebKit/537.36 (KHTML, like Gecko) Chrome/127.0.6533.99 Mobile Safari/537.36 (compatible; Googlebot/2.1; +http://www.google.com/bot.html)"
57.141.7.21 - - [15/Aug/2024:09:35:09 +0000] "GET /caritas-brindo-servicio-comunitario/ HTTP/1.1" 200 99624 "-" "facebookexternalhit/1.1 (+http://www.facebook.com/externalhit_uatext.php)"
40.77.167.43 - - [15/Aug/2024:09:35:39 +0000] "GET /promotor-salud-importancia/ HTTP/1.1" 200 21555 "-" "Mozilla/5.0 AppleWebKit/537.36 (KHTML, like Gecko; compatible; bingbot/2.0; +http://www.bing.com/bingbot.htm) Chrome/116.0.1938.76 Safari/537.36"
66.249.70.196 - - [15/Aug/2024:09:36:52 +0000] "GET /Retrovisores-y-accesorios-142346/ HTTP/1.1" 404 55237 "-" "Mozilla/5.0 (Linux; Android 6.0.1; Nexus 5X Build/MMB29P) AppleWebKit/537.36 (KHTML, like Gecko) Chrome/127.0.6533.99 Mobile Safari/537.36 (compatible; Googlebot/2.1; +http://www.google.com/bot.html)"
173.252.83.31 - - [15/Aug/2024:09:37:36 +0000] "GET /gratitud-a-dios/ HTTP/1.1" 200 21023 "-" "facebookexternalhit/1.1 (+http://www.facebook.com/externalhit_uatext.php)"
207.148.2.58 - - [15/Aug/2024:09:39:06 +0000] "POST /wp-cron.php?doing_wp_cron=1723714746.2532939910888671875000 HTTP/1.0" 200 282 "-" "WordPress/6.3.5; https://www.caritas.org.mx"
66.249.70.197 - - [15/Aug/2024:09:39:04 +0000] "GET /alcanzar-meta-globalgiving/feed/ HTTP/1.0" 200 1594 "-" "Mozilla/5.0 (Linux; Android 6.0.1; Nexus 5X Build/MMB29P) AppleWebKit/537.36 (KHTML, like Gecko) Chrome/127.0.6533.99 Mobile Safari/537.36 (compatible; Googlebot/2.1; +http://www.google.com/bot.html)"
66.249.70.197 - - [15/Aug/2024:09:39:06 +0000] "GET /cuales-son-tus-valores-espirituales/ HTTP/1.1" 301 420 "-" "Mozilla/5.0 (Linux; Android 6.0.1; Nexus 5X Build/MMB29P) AppleWebKit/537.36 (KHTML, like Gecko) Chrome/127.0.6533.99 Mobile Safari/537.36 (compatible; Googlebot/2.1; +http://www.google.com/bot.html)"
40.77.167.22 - - [15/Aug/2024:09:41:29 +0000] "GET /16561-facebook.htm HTTP/1.1" 404 55263 "-" "Mozilla/5.0 AppleWebKit/537.36 (KHTML, like Gecko; compatible; bingbot/2.0; +http://www.bing.com/bingbot.htm) Chrome/116.0.1938.76 Safari/537.36"
173.252.83.44 - - [15/Aug/2024:09:41:32 +0000] "GET /solucion-donacion-alimentos/ HTTP/1.1" 200 20976 "-" "meta-externalagent/1.1 (+https://developers.facebook.com/docs/sharing/webmasters/crawler)"
69.171.249.115 - - [15/Aug/2024:09:41:35 +0000] "GET /mas-bienaventurado-dar-recibir-significado/ HTTP/1.1" 200 21495 "-" "meta-externalagent/1.1 (+https://developers.facebook.com/docs/sharing/webmasters/crawler)"
17.241.75.173 - - [15/Aug/2024:09:43:38 +0000] "GET /program/impulsando-jovenes-vida-mejor/ HTTP/1.1" 200 82526 "-" "Mozilla/5.0 (Macintosh; Intel Mac OS X 10_15_7) AppleWebKit/605.1.15 (KHTML, like Gecko) Version/17.4 Safari/605.1.15 (Applebot/0.1; +http://www.apple.com/go/applebot)"
178.171.108.127 - - [15/Aug/2024:09:43:49 +0000] "GET /tel:8113402000 HTTP/1.1" 301 408 "-" "Mozilla/5.0 (Macintosh; Intel Mac OS X 10_15_7) AppleWebKit/537.36 (KHTML, like Gecko) Chrome/104.0.0.0 Safari/537.36"
152.39.184.5 - - [15/Aug/2024:09:43:50 +0000] "GET /tel:8113402000 HTTP/1.1" 404 55223 "-" "Mozilla/5.0 (Macintosh; Intel Mac OS X 10_15_7) AppleWebKit/537.36 (KHTML, like Gecko) Chrome/104.0.0.0 Safari/537.36"
104.165.203.147 - - [15/Aug/2024:09:43:56 +0000] "GET /tel:8113402000 HTTP/1.1" 301 408 "-" "Mozilla/5.0 (Macintosh; Intel Mac OS X 10_15_7) AppleWebKit/537.36 (KHTML, like Gecko) Chrome/104.0.0.0 Safari/537.36"
104.165.203.147 - - [15/Aug/2024:09:44:01 +0000] "GET /tel:8113402000 HTTP/1.1" 404 55223 "-" "Mozilla/5.0 (Macintosh; Intel Mac OS X 10_15_7) AppleWebKit/537.36 (KHTML, like Gecko) Chrome/104.0.0.0 Safari/537.36"
193.149.20.196 - - [15/Aug/2024:09:44:02 +0000] "GET /tel:8113402090 HTTP/1.1" 301 408 "-" "Mozilla/5.0 (Macintosh; Intel Mac OS X 10_15_7) AppleWebKit/537.36 (KHTML, like Gecko) Chrome/104.0.0.0 Safari/537.36"
207.230.124.104 - - [15/Aug/2024:09:44:03 +0000] "GET /tel:8113402090 HTTP/1.1" 404 55223 "-" "Mozilla/5.0 (Macintosh; Intel Mac OS X 10_15_7) AppleWebKit/537.36 (KHTML, like Gecko) Chrome/104.0.0.0 Safari/537.36"
173.244.35.79 - - [15/Aug/2024:09:44:04 +0000] "GET /tel:8113402090 HTTP/1.1" 301 408 "-" "Mozilla/5.0 (Macintosh; Intel Mac OS X 10_15_7) AppleWebKit/537.36 (KHTML, like Gecko) Chrome/104.0.0.0 Safari/537.36"
173.244.35.79 - - [15/Aug/2024:09:44:05 +0000] "GET /tel:8113402090 HTTP/1.1" 404 55223 "-" "Mozilla/5.0 (Macintosh; Intel Mac OS X 10_15_7) AppleWebKit/537.36 (KHTML, like Gecko) Chrome/104.0.0.0 Safari/537.36"
72.14.201.248 - - [15/Aug/2024:09:44:18 +0000] "GET /enfermedades-causadas-por-una-mala-alimentacion/ HTTP/1.1" 200 21255 "https://www.google.com/" "Mozilla/5.0 (Linux; Android 10; K) AppleWebKit/537.36 (KHTML, like Gecko) Chrome/127.0.0.0 Mobile Safari/537.36"
66.249.70.197 - - [15/Aug/2024:09:44:58 +0000] "GET /que-es-la-atencion-primaria-de-salud/ HTTP/1.1" 200 97273 "-" "Mozilla/5.0 (Linux; Android 6.0.1; Nexus 5X Build/MMB29P) AppleWebKit/537.36 (KHTML, like Gecko) Chrome/127.0.6533.99 Mobile Safari/537.36 (compatible; Googlebot/2.1; +http://www.google.com/bot.html)"
52.167.144.211 - - [15/Aug/2024:09:45:13 +0000] "GET /servicios-basicos-salud-clinica/ HTTP/1.1" 200 96793 "-" "Mozilla/5.0 AppleWebKit/537.36 (KHTML, like Gecko; compatible; bingbot/2.0; +http://www.bing.com/bingbot.htm) Chrome/116.0.1938.76 Safari/537.36"
40.77.167.22 - - [15/Aug/2024:09:46:00 +0000] "GET /9-3-2019-5mg/23861.html HTTP/1.1" 404 55268 "-" "Mozilla/5.0 AppleWebKit/537.36 (KHTML, like Gecko; compatible; bingbot/2.0; +http://www.bing.com/bingbot.htm) Chrome/116.0.1938.76 Safari/537.36"
40.77.167.22 - - [15/Aug/2024:09:47:11 +0000] "GET /cursos-de-caritas-de-monterrey/ HTTP/1.1" 200 21453 "-" "Mozilla/5.0 AppleWebKit/537.36 (KHTML, like Gecko; compatible; bingbot/2.0; +http://www.bing.com/bingbot.htm) Chrome/116.0.1938.76 Safari/537.36"
159.89.194.195 - - [15/Aug/2024:09:48:19 +0000] "POST /wp-login.php HTTP/1.0" 200 3471 "-" "Mozilla/5.0 (Windows NT 6.1; WOW64) AppleWebKit/537.36 (KHTML, like Gecko) Chrome/51.0.2704.106 Safari/537.36"
52.167.144.211 - - [15/Aug/2024:09:48:44 +0000] "GET /que-es-la-atencion-primaria-de-salud/ HTTP/1.1" 200 21238 "-" "Mozilla/5.0 AppleWebKit/537.36 (KHTML, like Gecko; compatible; bingbot/2.0; +http://www.bing.com/bingbot.htm) Chrome/116.0.1938.76 Safari/537.36"
66.249.70.195 - - [15/Aug/2024:09:48:59 +0000] "GET /cuida-tu-mente/ HTTP/1.1" 200 21152 "-" "Mozilla/5.0 (Linux; Android 6.0.1; Nexus 5X Build/MMB29P) AppleWebKit/537.36 (KHTML, like Gecko) Chrome/127.0.6533.99 Mobile Safari/537.36 (compatible; Googlebot/2.1; +http://www.google.com/bot.html)"
72.14.201.212 - - [15/Aug/2024:09:51:00 +0000] "GET /que-lleva-una-despensa-basica/ HTTP/1.1" 200 21303 "https://www.google.com/" "Mozilla/5.0 (Linux; Android 10; K) AppleWebKit/537.36 (KHTML, like Gecko) Chrome/127.0.0.0 Mobile Safari/537.36"
187.190.11.124 - - [15/Aug/2024:09:51:04 +0000] "GET /como-cuidar-el-agua-en-casa/ HTTP/1.1" 200 21144 "https://www.google.com/" "Mozilla/5.0 (Linux; Android 10; K) AppleWebKit/537.36 (KHTML, like Gecko) Chrome/127.0.0.0 Mobile Safari/537.36"
66.249.64.97 - - [15/Aug/2024:09:51:29 +0000] "GET / HTTP/1.1" 301 446 "-" "Mozilla/5.0 (compatible; Googlebot/2.1; +http://www.google.com/bot.html)"
57.141.7.30 - - [15/Aug/2024:09:51:34 +0000] "GET /donde-puedo-donar-ropa-usada/ HTTP/1.1" 200 99163 "-" "facebookexternalhit/1.1 (+http://www.facebook.com/externalhit_uatext.php)"
66.249.70.195 - - [15/Aug/2024:09:51:59 +0000] "GET /comision-transparencia-acceso-informacion/ HTTP/1.1" 200 13325 "-" "Mozilla/5.0 (Linux; Android 6.0.1; Nexus 5X Build/MMB29P) AppleWebKit/537.36 (KHTML, like Gecko) Chrome/127.0.6533.99 Mobile Safari/537.36 (compatible; Googlebot/2.1; +http://www.google.com/bot.html)"
185.104.44.124 - - [15/Aug/2024:09:52:06 +0000] "POST /wp-login.php HTTP/1.0" 200 3493 "-" "Mozilla/5.0 (Windows NT 6.1) AppleWebKit/537.36 (KHTML, like Gecko) Chrome/58.0.3029.110 Safari/537.36"
40.77.167.18 - - [15/Aug/2024:09:54:45 +0000] "GET /Juntas-y-cierres-de-motor-335264/ HTTP/1.1" 404 55278 "-" "Mozilla/5.0 AppleWebKit/537.36 (KHTML, like Gecko; compatible; bingbot/2.0; +http://www.bing.com/bingbot.htm) Chrome/116.0.1938.76 Safari/537.36"
65.108.78.33 - - [15/Aug/2024:09:55:59 +0000] "GET /%25filename%25Event/2018/diabetes/ HTTP/1.1" 404 72102 "-" "Mozilla/5.0 (compatible; MJ12bot/v1.4.8; http://mj12bot.com/)"
64.233.172.8 - - [15/Aug/2024:09:55:59 +0000] "GET /.well-known/traffic-advice HTTP/1.1" 404 55271 "-" "Chrome Privacy Preserving Prefetch Proxy"
65.108.78.33 - - [15/Aug/2024:09:56:02 +0000] "GET /%25filename%25k.olc.tw/ HTTP/1.1" 404 55233 "-" "Mozilla/5.0 (compatible; MJ12bot/v1.4.8; http://mj12bot.com/)"
65.108.78.33 - - [15/Aug/2024:09:56:05 +0000] "GET /Agarres/a%C3%B1o-12-Aluminio-gasseilschutz-adecuado/621709 HTTP/1.1" 404 72231 "-" "Mozilla/5.0 (compatible; MJ12bot/v1.4.8; http://mj12bot.com/)"
66.249.70.196 - - [15/Aug/2024:09:56:07 +0000] "GET /una-vida-mejor/ HTTP/1.1" 200 95361 "-" "Mozilla/5.0 (Linux; Android 6.0.1; Nexus 5X Build/MMB29P) AppleWebKit/537.36 (KHTML, like Gecko) Chrome/127.0.6533.99 Mobile Safari/537.36 (compatible; Googlebot/2.1; +http://www.google.com/bot.html)"
51.222.253.19 - - [15/Aug/2024:09:56:20 +0000] "GET /servicios-basicos-salud-clinica/ HTTP/1.1" 200 21036 "-" "Mozilla/5.0 (compatible; AhrefsBot/7.0; +http://ahrefs.com/robot/)"
66.249.88.163 - - [15/Aug/2024:09:57:09 +0000] "GET /.well-known/traffic-advice HTTP/1.1" 404 55271 "-" "Chrome Privacy Preserving Prefetch Proxy"
64.233.172.10 - - [15/Aug/2024:09:57:13 +0000] "GET /.well-known/traffic-advice HTTP/1.1" 404 55271 "-" "Chrome Privacy Preserving Prefetch Proxy"
207.46.13.168 - - [15/Aug/2024:09:57:49 +0000] "GET /0121/-16454/facebook.asp HTTP/1.1" 404 72096 "-" "Mozilla/5.0 AppleWebKit/537.36 (KHTML, like Gecko; compatible; bingbot/2.0; +http://www.bing.com/bingbot.htm) Chrome/116.0.1938.76 Safari/537.36"
20.15.133.185 - - [15/Aug/2024:09:57:54 +0000] "GET /html-3237/members HTTP/1.1" 404 55262 "-" "Mozilla/5.0 AppleWebKit/537.36 (KHTML, like Gecko; compatible; bingbot/2.0; +http://www.bing.com/bingbot.htm) Chrome/116.0.1938.76 Safari/537.36"
207.46.13.168 - - [15/Aug/2024:09:58:18 +0000] "GET /blog/page/18/ HTTP/1.1" 200 75205 "-" "Mozilla/5.0 AppleWebKit/537.36 (KHTML, like Gecko; compatible; bingbot/2.0; +http://www.bing.com/bingbot.htm) Chrome/116.0.1938.76 Safari/537.36"
66.249.88.163 - - [15/Aug/2024:10:00:10 +0000] "GET /.well-known/traffic-advice HTTP/1.1" 404 55271 "-" "Chrome Privacy Preserving Prefetch Proxy"
57.141.7.28 - - [15/Aug/2024:10:01:12 +0000] "GET /impulsa-empoderamiento-social/ HTTP/1.1" 200 94878 "-" "facebookexternalhit/1.1 (+http://www.facebook.com/externalhit_uatext.php)"
66.249.70.196 - - [15/Aug/2024:10:02:09 +0000] "GET /participacion-comunitaria-en-salud/ HTTP/1.1" 200 20996 "-" "Mozilla/5.0 (Linux; Android 6.0.1; Nexus 5X Build/MMB29P) AppleWebKit/537.36 (KHTML, like Gecko) Chrome/127.0.6533.99 Mobile Safari/537.36 (compatible; Googlebot/2.1; +http://www.google.com/bot.html)"
34.140.107.62 - - [15/Aug/2024:10:03:13 +0000] "GET / HTTP/1.1" 301 445 "-" "Mozilla/5.0 (Windows NT 10.0; Win64; x64) AppleWebKit/537.36 (KHTML, like Gecko) Chrome/84.0.4147.105 Safari/537.36"
40.77.167.72 - - [15/Aug/2024:10:03:13 +0000] "GET /5801ncqriups.py HTTP/1.1" 404 55260 "-" "Mozilla/5.0 AppleWebKit/537.36 (KHTML, like Gecko; compatible; bingbot/2.0; +http://www.bing.com/bingbot.htm) Chrome/116.0.1938.76 Safari/537.36"
66.249.70.197 - - [15/Aug/2024:10:03:27 +0000] "GET /author/redaccion/ HTTP/1.1" 200 15934 "-" "Mozilla/5.0 (compatible; Googlebot/2.1; +http://www.google.com/bot.html)"
66.220.149.33 - - [15/Aug/2024:10:04:42 +0000] "GET /acciones-ejemplos-bondad/ HTTP/1.1" 200 22151 "-" "facebookexternalhit/1.1 (+http://www.facebook.com/externalhit_uatext.php)"
66.249.70.196 - - [15/Aug/2024:10:06:09 +0000] "GET /oracion-de-la-santa-cruz/ HTTP/1.1" 200 20836 "-" "Mozilla/5.0 (Linux; Android 6.0.1; Nexus 5X Build/MMB29P) AppleWebKit/537.36 (KHTML, like Gecko) Chrome/127.0.6533.99 Mobile Safari/537.36 (compatible; Googlebot/2.1; +http://www.google.com/bot.html)"
66.249.70.195 - - [15/Aug/2024:10:06:53 +0000] "GET /Amortiguadores-574630/ HTTP/1.1" 404 55231 "-" "Mozilla/5.0 (Linux; Android 6.0.1; Nexus 5X Build/MMB29P) AppleWebKit/537.36 (KHTML, like Gecko) Chrome/127.0.6533.99 Mobile Safari/537.36 (compatible; Googlebot/2.1; +http://www.google.com/bot.html)"
173.252.127.114 - - [15/Aug/2024:10:07:10 +0000] "GET /razones-de-la-migracion/ HTTP/1.1" 200 20857 "-" "meta-externalagent/1.1 (+https://developers.facebook.com/docs/sharing/webmasters/crawler)"
66.249.70.196 - - [15/Aug/2024:10:08:53 +0000] "GET /6-enfermedades-y-discapacidades-mas-comunes-en-las-que-caritas-de-monterrey-ayuda/93503/ HTTP/1.1" 301 477 "-" "Mozilla/5.0 (Linux; Android 6.0.1; Nexus 5X Build/MMB29P) AppleWebKit/537.36 (KHTML, like Gecko) Chrome/127.0.6533.99 Mobile Safari/537.36 (compatible; Googlebot/2.1; +http://www.google.com/bot.html)"
40.77.167.72 - - [15/Aug/2024:10:11:26 +0000] "GET /27325/ptt.shtml HTTP/1.1" 404 55260 "-" "Mozilla/5.0 AppleWebKit/537.36 (KHTML, like Gecko; compatible; bingbot/2.0; +http://www.bing.com/bingbot.htm) Chrome/116.0.1938.76 Safari/537.36"
66.249.70.195 - - [15/Aug/2024:10:12:11 +0000] "GET /dia-mundial-sin-tabaco-ventajas-de-dejar-de-fumar/ HTTP/1.1" 200 96937 "-" "Mozilla/5.0 (Linux; Android 6.0.1; Nexus 5X Build/MMB29P) AppleWebKit/537.36 (KHTML, like Gecko) Chrome/127.0.6533.99 Mobile Safari/537.36 (compatible; Googlebot/2.1; +http://www.google.com/bot.html)"
66.249.70.195 - - [15/Aug/2024:10:12:13 +0000] "GET /que-son-acciones- HTTP/1.1" 301 423 "-" "Mozilla/5.0 (Linux; Android 6.0.1; Nexus 5X Build/MMB29P) AppleWebKit/537.36 (KHTML, like Gecko) Chrome/127.0.6533.99 Mobile Safari/537.36 (compatible; Googlebot/2.1; +http://www.google.com/bot.html)"
66.249.70.195 - - [15/Aug/2024:10:12:13 +0000] "GET /que-son-acciones-solidarias/ HTTP/1.1" 200 20745 "-" "Mozilla/5.0 (Linux; Android 6.0.1; Nexus 5X Build/MMB29P) AppleWebKit/537.36 (KHTML, like Gecko) Chrome/127.0.6533.99 Mobile Safari/537.36 (compatible; Googlebot/2.1; +http://www.google.com/bot.html)"
66.249.70.196 - - [15/Aug/2024:10:13:13 +0000] "GET /dona-hambre-cero-nuevo-leon/ HTTP/1.1" 200 94676 "-" "Mozilla/5.0 (Linux; Android 6.0.1; Nexus 5X Build/MMB29P) AppleWebKit/537.36 (KHTML, like Gecko) Chrome/127.0.6533.99 Mobile Safari/537.36 (compatible; Googlebot/2.1; +http://www.google.com/bot.html)"
57.128.85.41 - - [15/Aug/2024:10:13:21 +0000] "POST /wp-login.php HTTP/1.0" 403 532 "-" "Mozilla/5.0 (Windows NT 10.0; WOW64) AppleWebKit/537.36 (KHTML, like Gecko) Chrome/46.0.2490.80 Safari/537.36"
173.212.209.16 - - [15/Aug/2024:10:13:47 +0000] "GET /ABS-componentes/Verso-a-partir-del-a%C3%B1o-1999-GH-1-ABS-sensor-va-la-parte/247405 HTTP/1.1" 404 72356 "-" "Mozilla/5.0 (compatible; MJ12bot/v1.4.8; http://mj12bot.com/)"
173.212.209.16 - - [15/Aug/2024:10:13:49 +0000] "GET /ABS-componentes/t5-t6-Ate-ABSsensor-raddrehzahlf%C3%BChler/247097/ HTTP/1.1" 404 72262 "-" "Mozilla/5.0 (compatible; MJ12bot/v1.4.8; http://mj12bot.com/)"
173.212.209.16 - - [15/Aug/2024:10:13:52 +0000] "GET /ABS-componentes/trasera-izquierda-audi-a6-4b-c5-a%C3%B1o-de/247266/ HTTP/1.1" 404 72272 "-" "Mozilla/5.0 (compatible; MJ12bot/v1.4.8; http://mj12bot.com/)"
173.212.209.16 - - [15/Aug/2024:10:13:55 +0000] "GET /Abrasivos-secos-o-h%C3%BAmedos/handpads-Indasa-almohadillas-handschleifpapier-20-St/748825/ HTTP/1.1" 404 72392 "-" "Mozilla/5.0 (compatible; MJ12bot/v1.4.8; http://mj12bot.com/)"
173.212.209.16 - - [15/Aug/2024:10:13:59 +0000] "GET /Abrazaderas-bridas-y-soportes/253-agujeros%C3%98-11x15-mm-tubo-54-acero-inoxidable/213033/ HTTP/1.1" 404 72382 "-" "Mozilla/5.0 (compatible; MJ12bot/v1.4.8; http://mj12bot.com/)"
173.212.209.16 - - [15/Aug/2024:10:14:03 +0000] "GET /Abrazaderas-bridas-y-soportes/4max-0219140076-B%C3%BAfer/212605/ HTTP/1.1" 404 72257 "-" "Mozilla/5.0 (compatible; MJ12bot/v1.4.8; http://mj12bot.com/)"
173.212.209.16 - - [15/Aug/2024:10:14:06 +0000] "GET /Abrazaderas-bridas-y-soportes/Halter-Schalld%C3%A4mpfer/212696/ HTTP/1.1" 404 72252 "-" "Mozilla/5.0 (compatible; MJ12bot/v1.4.8; http://mj12bot.com/)"
173.212.209.16 - - [15/Aug/2024:10:14:08 +0000] "GET /Abrazaderas-bridas-y-soportes/Ky-JX-Furgoneta-VW-t3-t2-escape-de-goma-almac%C3%A9n-soporte/212632/ HTTP/1.1" 404 72422 "-" "Mozilla/5.0 (compatible; MJ12bot/v1.4.8; http://mj12bot.com/)"
173.212.209.16 - - [15/Aug/2024:10:14:10 +0000] "GET /Abrazaderas-bridas-y-soportes/Suspensi%C3%B3n-de-Escape-Centro-Soporte-GEX7248-para-sistema/213159/ HTTP/1.1" 404 72432 "-" "Mozilla/5.0 (compatible; MJ12bot/v1.4.8; http://mj12bot.com/)"
173.212.209.16 - - [15/Aug/2024:10:14:13 +0000] "GET /Abrazaderas-bridas-y-soportes/Universal-reparaci%C3%B3n-brida-55mm-escape-brida/212447/ HTTP/1.1" 404 72372 "-" "Mozilla/5.0 (compatible; MJ12bot/v1.4.8; http://mj12bot.com/)"
173.212.209.16 - - [15/Aug/2024:10:14:15 +0000] "GET /Abrazaderas-bridas-y-soportes/atentado-b%C3%BAfer-B%C3%BAfer-atentado-para/212371/ HTTP/1.1" 404 72342 "-" "Mozilla/5.0 (compatible; MJ12bot/v1.4.8; http://mj12bot.com/)"
173.212.209.16 - - [15/Aug/2024:10:14:18 +0000] "GET /Abrazaderas-bridas-y-soportes/atentado-b%C3%BAfer-B%C3%BAfer-atentado-para/212976/ HTTP/1.1" 404 72342 "-" "Mozilla/5.0 (compatible; MJ12bot/v1.4.8; http://mj12bot.com/)"
173.212.209.16 - - [15/Aug/2024:10:14:20 +0000] "GET /Abrazaderas-bridas-y-soportes/de-escape-sistemas-de-escape-%C3%98-67-mm-Abrazadera-de/212771 HTTP/1.1" 404 72401 "-" "Mozilla/5.0 (compatible; MJ12bot/v1.4.8; http://mj12bot.com/)"
173.212.209.16 - - [15/Aug/2024:10:14:23 +0000] "GET /Abrazaderas-bridas-y-soportes/escape-doble-abrazadera-%C3%98-70-x-80/213295/ HTTP/1.1" 404 72317 "-" "Mozilla/5.0 (compatible; MJ12bot/v1.4.8; http://mj12bot.com/)"
173.212.209.16 - - [15/Aug/2024:10:14:26 +0000] "GET /Abrazaderas-bridas-y-soportes/%C3%98-48mm-longitud-125mm-Tubo-conector/213286/ HTTP/1.1" 404 72327 "-" "Mozilla/5.0 (compatible; MJ12bot/v1.4.8; http://mj12bot.com/)"
173.212.209.16 - - [15/Aug/2024:10:14:28 +0000] "GET /Abrazaderas-y-piezas-de-agarre/3-&034;Pulgadas-V-banda-de-sujeci%C3%B3n-y-bridas-De/529366/ HTTP/1.1" 404 72417 "-" "Mozilla/5.0 (compatible; MJ12bot/v1.4.8; http://mj12bot.com/)"
173.212.209.16 - - [15/Aug/2024:10:14:31 +0000] "GET /Accesorios-electr%C3%B3nicos-10866/ HTTP/1.1" 404 55245 "-" "Mozilla/5.0 (compatible; MJ12bot/v1.4.8; http://mj12bot.com/)"
40.77.167.30 - - [15/Aug/2024:10:14:31 +0000] "GET /propositos-de-cuaresma/ HTTP/1.1" 200 21007 "-" "Mozilla/5.0 AppleWebKit/537.36 (KHTML, like Gecko; compatible; bingbot/2.0; +http://www.bing.com/bingbot.htm) Chrome/116.0.1938.76 Safari/537.36"
173.212.209.16 - - [15/Aug/2024:10:14:33 +0000] "GET /Accesorios-electr%C3%B3nicos-10942/ HTTP/1.1" 404 55245 "-" "Mozilla/5.0 (compatible; MJ12bot/v1.4.8; http://mj12bot.com/)"
173.212.209.16 - - [15/Aug/2024:10:14:36 +0000] "GET /Accesorios-electr%C3%B3nicos-10994 HTTP/1.1" 404 55244 "-" "Mozilla/5.0 (compatible; MJ12bot/v1.4.8; http://mj12bot.com/)"
173.212.209.16 - - [15/Aug/2024:10:14:38 +0000] "GET /Accesorios-electr%C3%B3nicos-11117/ HTTP/1.1" 404 55245 "-" "Mozilla/5.0 (compatible; MJ12bot/v1.4.8; http://mj12bot.com/)"
173.212.209.16 - - [15/Aug/2024:10:14:41 +0000] "GET /Accesorios-electr%C3%B3nicos-11152/ HTTP/1.1" 404 55245 "-" "Mozilla/5.0 (compatible; MJ12bot/v1.4.8; http://mj12bot.com/)"
173.212.209.16 - - [15/Aug/2024:10:14:43 +0000] "GET /Accesorios-electr%C3%B3nicos-11222/ HTTP/1.1" 404 55245 "-" "Mozilla/5.0 (compatible; MJ12bot/v1.4.8; http://mj12bot.com/)"
173.212.209.16 - - [15/Aug/2024:10:14:45 +0000] "GET /Accesorios-electr%C3%B3nicos-11461/ HTTP/1.1" 404 55245 "-" "Mozilla/5.0 (compatible; MJ12bot/v1.4.8; http://mj12bot.com/)"
173.212.209.16 - - [15/Aug/2024:10:14:49 +0000] "GET /Accesorios-electr%C3%B3nicos-11523/ HTTP/1.1" 404 55245 "-" "Mozilla/5.0 (compatible; MJ12bot/v1.4.8; http://mj12bot.com/)"
173.212.209.16 - - [15/Aug/2024:10:14:51 +0000] "GET /Accesorios-electr%C3%B3nicos-11606/ HTTP/1.1" 404 55245 "-" "Mozilla/5.0 (compatible; MJ12bot/v1.4.8; http://mj12bot.com/)"
217.182.175.146 - - [15/Aug/2024:10:14:51 +0000] "GET /Neum%C3%A1ticos/SEMPERIT-Mastergrip-2-18560-r15-84t-m-s-ec71/65462/ HTTP/1.1" 404 72272 "-" "Mozilla/5.0 (compatible; MJ12bot/v1.4.8; http://mj12bot.com/)"
173.212.209.16 - - [15/Aug/2024:10:14:54 +0000] "GET /Admisi%C3%B3n-de-aire-y-gasolina-86469 HTTP/1.1" 404 55248 "-" "Mozilla/5.0 (compatible; MJ12bot/v1.4.8; http://mj12bot.com/)"
217.182.175.146 - - [15/Aug/2024:10:14:55 +0000] "GET /Neum%C3%A1ticos/de-pista1955015-NANKANG-AR1-AR1/65874/ HTTP/1.1" 404 72207 "-" "Mozilla/5.0 (compatible; MJ12bot/v1.4.8; http://mj12bot.com/)"
173.212.209.16 - - [15/Aug/2024:10:14:56 +0000] "GET /Admisi%C3%B3n-de-aire-y-gasolina-86478/ HTTP/1.1" 404 55249 "-" "Mozilla/5.0 (compatible; MJ12bot/v1.4.8; http://mj12bot.com/)"
173.212.209.16 - - [15/Aug/2024:10:14:59 +0000] "GET /Admisi%C3%B3n-de-aire-y-gasolina-86489/ HTTP/1.1" 404 55249 "-" "Mozilla/5.0 (compatible; MJ12bot/v1.4.8; http://mj12bot.com/)"
217.182.175.146 - - [15/Aug/2024:10:15:00 +0000] "GET /Otras-marcas-recamb-y-acces/Inyecci%C3%B3n-N-%C2%BA-51882930-2e2-2e3/37395/ HTTP/1.1" 404 72312 "-" "Mozilla/5.0 (compatible; MJ12bot/v1.4.8; http://mj12bot.com/)"
173.212.209.16 - - [15/Aug/2024:10:15:02 +0000] "GET /Admisi%C3%B3n-de-aire-y-gasolina-86503/ HTTP/1.1" 404 55249 "-" "Mozilla/5.0 (compatible; MJ12bot/v1.4.8; http://mj12bot.com/)"
173.212.209.16 - - [15/Aug/2024:10:15:04 +0000] "GET /Admisi%C3%B3n-de-aire-y-gasolina-86504/ HTTP/1.1" 404 55249 "-" "Mozilla/5.0 (compatible; MJ12bot/v1.4.8; http://mj12bot.com/)"
173.212.209.16 - - [15/Aug/2024:10:15:07 +0000] "GET /Admisi%C3%B3n-de-aire-y-gasolina-86526/ HTTP/1.1" 404 55249 "-" "Mozilla/5.0 (compatible; MJ12bot/v1.4.8; http://mj12bot.com/)"
217.182.175.146 - - [15/Aug/2024:10:15:07 +0000] "GET /Otros-componentes-de-embrague/Yamaha-TZ500-patr%C3%B3n-de-goma-y-el-remache/572377/ HTTP/1.1" 404 72352 "-" "Mozilla/5.0 (compatible; MJ12bot/v1.4.8; http://mj12bot.com/)"
173.212.209.16 - - [15/Aug/2024:10:15:09 +0000] "GET /Admisi%C3%B3n-de-aire-y-gasolina-86563/ HTTP/1.1" 404 55249 "-" "Mozilla/5.0 (compatible; MJ12bot/v1.4.8; http://mj12bot.com/)"
217.182.175.146 - - [15/Aug/2024:10:15:12 +0000] "GET /Otros-equipos-de-diagn%C3%B3stico-para-taller/Ohmios-Ohm-Srs-Airbag-resistencias-025-w-2/791561/ HTTP/1.1" 404 72417 "-" "Mozilla/5.0 (compatible; MJ12bot/v1.4.8; http://mj12bot.com/)"
173.212.209.16 - - [15/Aug/2024:10:15:13 +0000] "GET /Admisi%C3%B3n-de-aire-y-gasolina-86565/ HTTP/1.1" 404 55249 "-" "Mozilla/5.0 (compatible; MJ12bot/v1.4.8; http://mj12bot.com/)"
173.212.209.16 - - [15/Aug/2024:10:15:16 +0000] "GET /Admisi%C3%B3n-de-aire-y-gasolina-86591/ HTTP/1.1" 404 55249 "-" "Mozilla/5.0 (compatible; MJ12bot/v1.4.8; http://mj12bot.com/)"
173.212.209.16 - - [15/Aug/2024:10:15:19 +0000] "GET /Admisi%C3%B3n-de-aire-y-gasolina-86601/ HTTP/1.1" 404 55249 "-" "Mozilla/5.0 (compatible; MJ12bot/v1.4.8; http://mj12bot.com/)"
217.182.175.146 - - [15/Aug/2024:10:15:20 +0000] "GET /Otros-recambios-de-manillares-agarres-y-manetas-para-motos/0304-para-Superbike-manillar-transformaci%C3%B3n-Kit/857177/ HTTP/1.1" 404 72532 "-" "Mozilla/5.0 (compatible; MJ12bot/v1.4.8; http://mj12bot.com/)"
173.212.209.16 - - [15/Aug/2024:10:15:23 +0000] "GET /Admisi%C3%B3n-de-aire-y-gasolina-86682/ HTTP/1.1" 404 55249 "-" "Mozilla/5.0 (compatible; MJ12bot/v1.4.8; http://mj12bot.com/)"
173.212.209.16 - - [15/Aug/2024:10:15:27 +0000] "GET /Admisi%C3%B3n-de-aire-y-gasolina-86719/ HTTP/1.1" 404 55249 "-" "Mozilla/5.0 (compatible; MJ12bot/v1.4.8; http://mj12bot.com/)"
173.212.209.16 - - [15/Aug/2024:10:15:31 +0000] "GET /Admisi%C3%B3n-de-aire-y-gasolina-86725/ HTTP/1.1" 404 55249 "-" "Mozilla/5.0 (compatible; MJ12bot/v1.4.8; http://mj12bot.com/)"
217.182.175.146 - - [15/Aug/2024:10:15:33 +0000] "GET /Otros-recambios-para-motos/Kit-Suspensi%C3%B3n-insertes-v%C3%ADnculos-Dogbone-v%C3%ADnculo/877598/ HTTP/1.1" 404 72422 "-" "Mozilla/5.0 (compatible; MJ12bot/v1.4.8; http://mj12bot.com/)"
217.182.175.146 - - [15/Aug/2024:10:15:35 +0000] "GET /Otros-recambios-para-motos/Manillar-Soporte-de-montaje-de-c%C3%A1maranavegaci%C3%B3n-v%C3%ADa/881455/ HTTP/1.1" 404 72442 "-" "Mozilla/5.0 (compatible; MJ12bot/v1.4.8; http://mj12bot.com/)"
173.212.209.16 - - [15/Aug/2024:10:15:36 +0000] "GET /Admisi%C3%B3n-de-aire-y-gasolina-86836/ HTTP/1.1" 404 55249 "-" "Mozilla/5.0 (compatible; MJ12bot/v1.4.8; http://mj12bot.com/)"
173.212.209.16 - - [15/Aug/2024:10:15:39 +0000] "GET /Admisi%C3%B3n-de-aire-y-gasolina-86853/ HTTP/1.1" 404 55249 "-" "Mozilla/5.0 (compatible; MJ12bot/v1.4.8; http://mj12bot.com/)"
217.182.175.146 - - [15/Aug/2024:10:15:42 +0000] "GET /Otros-recambios-para-motos/Olla-de-escape-para-Z%C3%BCndapp/880633/ HTTP/1.1" 404 72272 "-" "Mozilla/5.0 (compatible; MJ12bot/v1.4.8; http://mj12bot.com/)"
217.182.134.134 - - [15/Aug/2024:10:15:42 +0000] "GET /Buj%C3%ADas/E09018-Pipa-Attacco-Candela-Plug/653738/ HTTP/1.1" 404 72197 "-" "Mozilla/5.0 (compatible; MJ12bot/v1.4.8; http://mj12bot.com/)"
217.182.134.134 - - [15/Aug/2024:10:15:44 +0000] "GET /Buj%C3%ADas/Gsx600f-Gsx550-gz125-Gn250-gsx1100efe/654233/ HTTP/1.1" 404 72222 "-" "Mozilla/5.0 (compatible; MJ12bot/v1.4.8; http://mj12bot.com/)"
173.212.209.16 - - [15/Aug/2024:10:15:46 +0000] "GET /Admisi%C3%B3n-de-aire-y-gasolina-86854/ HTTP/1.1" 404 55249 "-" "Mozilla/5.0 (compatible; MJ12bot/v1.4.8; http://mj12bot.com/)"
217.182.134.134 - - [15/Aug/2024:10:15:47 +0000] "GET /Buj%C3%ADas/HONDA-XL-125-V-CBF-250/653896/ HTTP/1.1" 404 72142 "-" "Mozilla/5.0 (compatible; MJ12bot/v1.4.8; http://mj12bot.com/)"
217.182.175.146 - - [15/Aug/2024:10:15:49 +0000] "GET /Otros-recambios-para-motos/Suzuki-T-500-12-3-18-o%C3%ADdos-6870-Ebc/882841/ HTTP/1.1" 404 72312 "-" "Mozilla/5.0 (compatible; MJ12bot/v1.4.8; http://mj12bot.com/)"
217.182.134.134 - - [15/Aug/2024:10:15:49 +0000] "GET /Buj%C3%ADas/Honda-DN01700-2008-2009-2010-2011-2012-2013/655941/ HTTP/1.1" 404 72252 "-" "Mozilla/5.0 (compatible; MJ12bot/v1.4.8; http://mj12bot.com/)"
173.212.209.16 - - [15/Aug/2024:10:15:50 +0000] "GET /Admisi%C3%B3n-de-aire-y-gasolina-94005/ HTTP/1.1" 404 55249 "-" "Mozilla/5.0 (compatible; MJ12bot/v1.4.8; http://mj12bot.com/)"
217.182.134.134 - - [15/Aug/2024:10:15:53 +0000] "GET /Buj%C3%ADas/ITALJET-50cc-Torpedo-50T50-97%3E04-No7022/654646/ HTTP/1.1" 404 72242 "-" "Mozilla/5.0 (compatible; MJ12bot/v1.4.8; http://mj12bot.com/)"
173.212.209.16 - - [15/Aug/2024:10:15:54 +0000] "GET /Admisi%C3%B3n-tuning-473250/ HTTP/1.1" 404 55238 "-" "Mozilla/5.0 (compatible; MJ12bot/v1.4.8; http://mj12bot.com/)"
217.182.175.146 - - [15/Aug/2024:10:15:55 +0000] "GET /Otros-recambios-para-motos/Tapas-De-V%C3%A1lvula-Polvo-Honda-Suzuki-Yamaha-KTM/875311/ HTTP/1.1" 404 72367 "-" "Mozilla/5.0 (compatible; MJ12bot/v1.4.8; http://mj12bot.com/)"
217.182.134.134 - - [15/Aug/2024:10:15:55 +0000] "GET /Buj%C3%ADas/IX-BR10EIX-6801-Buj%C3%ADas-APRILIA-RS-125-actualizaci%C3%B3n/656688/ HTTP/1.1" 404 72342 "-" "Mozilla/5.0 (compatible; MJ12bot/v1.4.8; http://mj12bot.com/)"
173.212.209.16 - - [15/Aug/2024:10:15:59 +0000] "GET /Admisi%C3%B3n-tuning-473390/ HTTP/1.1" 404 55238 "-" "Mozilla/5.0 (compatible; MJ12bot/v1.4.8; http://mj12bot.com/)"
217.182.175.146 - - [15/Aug/2024:10:15:59 +0000] "GET /Otros-recambios-para-motos/ancho-Universal-Correa-de-bater%C3%ADa-de-caucho-natural-de-Motocicleta/883513/ HTTP/1.1" 404 72462 "-" "Mozilla/5.0 (compatible; MJ12bot/v1.4.8; http://mj12bot.com/)"
217.182.134.134 - - [15/Aug/2024:10:16:00 +0000] "GET /Buj%C3%ADas/KAWASAKI-KFX-700-A&B-700-2004/653851/ HTTP/1.1" 404 72207 "-" "Mozilla/5.0 (compatible; MJ12bot/v1.4.8; http://mj12bot.com/)"
173.212.209.16 - - [15/Aug/2024:10:16:03 +0000] "GET /Agarres/MOTORRAD-MOTOCROSS-ENDURO-MOTARD-QUAD-PRO-FORMA-C%C3%93NICA/621337/ HTTP/1.1" 404 72312 "-" "Mozilla/5.0 (compatible; MJ12bot/v1.4.8; http://mj12bot.com/)"
217.182.134.134 - - [15/Aug/2024:10:16:03 +0000] "GET /Buj%C3%ADas/KAWASAKI-KLX-450-R-450-2008/653697/ HTTP/1.1" 404 72172 "-" "Mozilla/5.0 (compatible; MJ12bot/v1.4.8; http://mj12bot.com/)"
173.212.209.16 - - [15/Aug/2024:10:16:07 +0000] "GET /Aire-acondic.-y-calefacci%C3%B3n-102937/ HTTP/1.1" 404 55245 "-" "Mozilla/5.0 (compatible; MJ12bot/v1.4.8; http://mj12bot.com/)"
217.182.134.134 - - [15/Aug/2024:10:16:08 +0000] "GET /Buj%C3%ADas/Kawasaki-GPZ-750-a-uni-Trak/653724/ HTTP/1.1" 404 72172 "-" "Mozilla/5.0 (compatible; MJ12bot/v1.4.8; http://mj12bot.com/)"
217.182.175.146 - - [15/Aug/2024:10:16:08 +0000] "GET /Otros-recambios-para-motos/a%C3%B1os-19801983-KAWASAKI-Z550-A1A3/887581/ HTTP/1.1" 404 72297 "-" "Mozilla/5.0 (compatible; MJ12bot/v1.4.8; http://mj12bot.com/)"
173.212.209.16 - - [15/Aug/2024:10:16:11 +0000] "GET /Aire-acondic.-y-calefacci%C3%B3n-104287/ HTTP/1.1" 404 55245 "-" "Mozilla/5.0 (compatible; MJ12bot/v1.4.8; http://mj12bot.com/)"
217.182.134.134 - - [15/Aug/2024:10:16:13 +0000] "GET /Buj%C3%ADas/L197-CANDELA-NGK-AB6-Motore-JLOROCKWELL-L101/655949/ HTTP/1.1" 404 72257 "-" "Mozilla/5.0 (compatible; MJ12bot/v1.4.8; http://mj12bot.com/)"
173.212.209.16 - - [15/Aug/2024:10:16:14 +0000] "GET /Aire-acondic.-y-calefacci%C3%B3n-104777/ HTTP/1.1" 404 55245 "-" "Mozilla/5.0 (compatible; MJ12bot/v1.4.8; http://mj12bot.com/)"
66.249.70.195 - - [15/Aug/2024:10:16:14 +0000] "GET /valores-de-la-cultura-de-paz/25150/ HTTP/1.1" 301 424 "-" "Mozilla/5.0 (Linux; Android 6.0.1; Nexus 5X Build/MMB29P) AppleWebKit/537.36 (KHTML, like Gecko) Chrome/127.0.6533.99 Mobile Safari/537.36 (compatible; Googlebot/2.1; +http://www.google.com/bot.html)"
173.212.209.16 - - [15/Aug/2024:10:16:16 +0000] "GET /Aire-acondic.-y-calefacci%C3%B3n-108310/ HTTP/1.1" 404 55245 "-" "Mozilla/5.0 (compatible; MJ12bot/v1.4.8; http://mj12bot.com/)"
217.182.134.134 - - [15/Aug/2024:10:16:17 +0000] "GET /Buj%C3%ADas/LC-19982004-DPR7EA92-CANDELE-NGK/654871/ HTTP/1.1" 404 72197 "-" "Mozilla/5.0 (compatible; MJ12bot/v1.4.8; http://mj12bot.com/)"
217.182.175.146 - - [15/Aug/2024:10:16:19 +0000] "GET /Otros-recambios-para-motos/muelles-para-caballete-central-KYMCO-Agility-4T-12%C2%B4%C2%B4/879985/ HTTP/1.1" 404 72422 "-" "Mozilla/5.0 (compatible; MJ12bot/v1.4.8; http://mj12bot.com/)"
217.182.134.134 - - [15/Aug/2024:10:16:21 +0000] "GET /Buj%C3%ADas/M3-E36-Z3-Roadster-Buj%C3%ADa-Doble-Platino-7415DCPR/657097/ HTTP/1.1" 404 72297 "-" "Mozilla/5.0 (compatible; MJ12bot/v1.4.8; http://mj12bot.com/)"
173.212.209.16 - - [15/Aug/2024:10:16:21 +0000] "GET /Aislantes/Schalld%C3%A4mmschaum-autoadhesivas-ac%C3%BAstica-espuma-aislamiento/13327/ HTTP/1.1" 404 72362 "-" "Mozilla/5.0 (compatible; MJ12bot/v1.4.8; http://mj12bot.com/)"
217.182.175.146 - - [15/Aug/2024:10:16:24 +0000] "GET /Otros-recambios-para-motos/protecci%C3%B3n-Husqvarna-FS-701-Supermoto-a-partir-de/879931/ HTTP/1.1" 404 72382 "-" "Mozilla/5.0 (compatible; MJ12bot/v1.4.8; http://mj12bot.com/)"
217.182.134.134 - - [15/Aug/2024:10:16:24 +0000] "GET /Buj%C3%ADas/MAJESTY-125-CANDELA-NGK-DR8EA/656749/ HTTP/1.1" 404 72182 "-" "Mozilla/5.0 (compatible; MJ12bot/v1.4.8; http://mj12bot.com/)"
173.212.209.16 - - [15/Aug/2024:10:16:28 +0000] "GET /Aislantes/auto-KFZ-d%C3%A4mm-maletero-90x30cm-d%C3%A4mmatte-autoadhesivas/13295/ HTTP/1.1" 404 72337 "-" "Mozilla/5.0 (compatible; MJ12bot/v1.4.8; http://mj12bot.com/)"
217.182.134.134 - - [15/Aug/2024:10:16:28 +0000] "GET /Buj%C3%ADas/MOTO-NGK-CR9EK-TRIUMPH-TIGER-1050-06-SPRINT/655641/ HTTP/1.1" 404 72252 "-" "Mozilla/5.0 (compatible; MJ12bot/v1.4.8; http://mj12bot.com/)"
217.182.175.146 - - [15/Aug/2024:10:16:30 +0000] "GET /Otros-recambios-para-motos/xj1100-xvz-xj700-anillo-de-goma-subalmac%C3%A9n-de/867471/ HTTP/1.1" 404 72362 "-" "Mozilla/5.0 (compatible; MJ12bot/v1.4.8; http://mj12bot.com/)"
217.182.134.134 - - [15/Aug/2024:10:16:32 +0000] "GET /Buj%C3%ADas/NGK-B8ESJuego-de-4/654508/ HTTP/1.1" 404 72127 "-" "Mozilla/5.0 (compatible; MJ12bot/v1.4.8; http://mj12bot.com/)"
217.182.175.146 - - [15/Aug/2024:10:16:37 +0000] "GET /Otros-tipos-de-maletas-y-portaequipajes-para-motos/2013-168TPT0049-Protector-de-tal%C3%B3n/785051/ HTTP/1.1" 404 72422 "-" "Mozilla/5.0 (compatible; MJ12bot/v1.4.8; http://mj12bot.com/)"
217.182.134.134 - - [15/Aug/2024:10:16:38 +0000] "GET /Buj%C3%ADas/NGK-IRIDIUM-IX-PLATINO-DCPR9EIX-Moto-Guzzi-MGS01/654361/ HTTP/1.1" 404 72277 "-" "Mozilla/5.0 (compatible; MJ12bot/v1.4.8; http://mj12bot.com/)"
173.212.209.16 - - [15/Aug/2024:10:16:39 +0000] "GET /Alerones/aler%C3%B3n-Sportive-de-ABS-para-VW-Touran-Facelift/108586/ HTTP/1.1" 404 72277 "-" "Mozilla/5.0 (compatible; MJ12bot/v1.4.8; http://mj12bot.com/)"
217.182.175.146 - - [15/Aug/2024:10:16:43 +0000] "GET /Otros/&-Zafira-Turbo-v%C3%A1lvula-de-control-de-vac%C3%ADo/343651/ HTTP/1.1" 404 72292 "-" "Mozilla/5.0 (compatible; MJ12bot/v1.4.8; http://mj12bot.com/)"
217.182.134.134 - - [15/Aug/2024:10:16:44 +0000] "GET /Buj%C3%ADas/NGK-conector-de-buj%C3%ADa-de/655124/ HTTP/1.1" 404 72182 "-" "Mozilla/5.0 (compatible; MJ12bot/v1.4.8; http://mj12bot.com/)"
173.212.209.16 - - [15/Aug/2024:10:16:47 +0000] "GET /Alerones/aler%C3%B3n-aler%C3%B3n-labio-maletero-aler%C3%B3n-trasero-aler%C3%B3n/108607/ HTTP/1.1" 404 72372 "-" "Mozilla/5.0 (compatible; MJ12bot/v1.4.8; http://mj12bot.com/)"
217.182.134.134 - - [15/Aug/2024:10:16:49 +0000] "GET /Buj%C3%ADas/NGK-iridium-buj%C3%ADas-dpr7eix9-Honda-GL-1500/654489/ HTTP/1.1" 404 72262 "-" "Mozilla/5.0 (compatible; MJ12bot/v1.4.8; http://mj12bot.com/)"
217.182.175.146 - - [15/Aug/2024:10:16:50 +0000] "GET /Otros/&-n-57I-inducci%C3%B3n-Kit-Para-Alfa-Romeo-147/472886/ HTTP/1.1" 404 72262 "-" "Mozilla/5.0 (compatible; MJ12bot/v1.4.8; http://mj12bot.com/)"
217.182.175.146 - - [15/Aug/2024:10:16:55 +0000] "GET /Otros/&034;de-trinquete-Socket-75150250mm-barras-de-extensi%C3%B3n-Plaza/742265/ HTTP/1.1" 404 72362 "-" "Mozilla/5.0 (compatible; MJ12bot/v1.4.8; http://mj12bot.com/)"
217.182.134.134 - - [15/Aug/2024:10:17:00 +0000] "GET /Buj%C3%ADas/PAC-4gg8-Yamaha-Ty-250-Z/653433/ HTTP/1.1" 404 72157 "-" "Mozilla/5.0 (compatible; MJ12bot/v1.4.8; http://mj12bot.com/)"
217.182.175.146 - - [15/Aug/2024:10:17:02 +0000] "GET /Otros/03857-delante-atr%C3%A1s-para-aler%C3%B3n-trasero-Mercedes-w110/67705/ HTTP/1.1" 404 72317 "-" "Mozilla/5.0 (compatible; MJ12bot/v1.4.8; http://mj12bot.com/)"
